=== run 1 of 5, 02:14:51
9 rows, every reading agreeing. Timing 8 rounds.
web/url.path1000       hand     5321.7 ns before    10630.7 ns after    10620.6 ns  before/hand 2.00x  after/hand 2.00x
web/url.plain          hand       98.9 ns before      222.0 ns after      218.1 ns  before/hand 2.24x  after/hand 2.21x
web/url.full           hand      173.7 ns before      295.4 ns after      277.3 ns  before/hand 1.70x  after/hand 1.60x
web/url.ipv4           hand      112.8 ns before      228.4 ns after      224.8 ns  before/hand 2.02x  after/hand 1.99x
web/url.long-path      hand      177.6 ns before      414.8 ns after      404.0 ns  before/hand 2.34x  after/hand 2.27x
  web/url.refused: 1 round(s) redone after a gen1/gen2 collection
web/url.refused        hand       67.7 ns before      262.9 ns after      248.4 ns  before/hand 3.88x  after/hand 3.67x
web/url.relative       hand       76.0 ns before      201.7 ns after      186.3 ns  before/hand 2.65x  after/hand 2.45x
  web/url.relative-dot-colon: 1 round(s) redone after a gen1/gen2 collection
web/url.relative-dot-colon hand       63.7 ns before      179.8 ns after      160.6 ns  before/hand 2.82x  after/hand 2.52x
web/url.relative-letters hand      104.7 ns before      232.7 ns after      222.9 ns  before/hand 2.22x  after/hand 2.13x

# Paired stand, 2026-09-20 02:15

IGOR-DESKTOP, pinned to 0-15, high priority, control 31.6 ns.

The base of a row is what every ratio is over, and its name says what it is: `hand` is a hand-written parser (`DotGram.Handwritten`), `scriptdom` is Microsoft's parser, and `control` is this process's own build of the same generated parser, held constant so that the two sides are compared and nothing is claimed against a hand-written one.

| row | reading | base | base ns | before ns | before/base | after ns | after/base | change | before B | after B |
| --- | --- | --- | ---: | ---: | ---: | ---: | ---: | ---: | ---: | ---: |
| web/url.path1000 | generated | hand | 5321.7 | 10630.7 | 2.00x | 10620.6 | 2.00x | -0.1% | 8384 | 8384 |
| web/url.plain | generated | hand | 98.9 | 222.0 | 2.24x | 218.1 | 2.21x | -1.7% | 360 | 360 |
| web/url.full | generated | hand | 173.7 | 295.4 | 1.70x | 277.3 | 1.60x | -6.1% | 536 | 536 |
| web/url.ipv4 | generated | hand | 112.8 | 228.4 | 2.02x | 224.8 | 1.99x | -1.6% | 384 | 384 |
| web/url.long-path | generated | hand | 177.6 | 414.8 | 2.34x | 404.0 | 2.27x | -2.6% | 512 | 512 |
| web/url.refused | generated | hand | 67.7 | 262.9 | 3.88x | 248.4 | 3.67x | -5.5% | 64 | 64 |
| web/url.relative | generated | hand | 76.0 | 201.7 | 2.65x | 186.3 | 2.45x | -7.6% | 312 | 312 |
| web/url.relative-dot-colon | generated | hand | 63.7 | 179.8 | 2.82x | 160.6 | 2.52x | -10.7% | 280 | 280 |
| web/url.relative-letters | generated | hand | 104.7 | 232.7 | 2.22x | 222.9 | 2.13x | -4.2% | 312 | 312 |

Written to T:\TEMP\dotgram-stand\w73\aa\run-1
=== run 2 of 5, 02:15:27
9 rows, every reading agreeing. Timing 8 rounds.
web/url.path1000       hand     5198.4 ns before    10533.2 ns after    10672.2 ns  before/hand 2.03x  after/hand 2.05x
web/url.plain          hand       96.9 ns before      219.6 ns after      220.1 ns  before/hand 2.27x  after/hand 2.27x
web/url.full           hand      171.3 ns before      298.3 ns after      291.5 ns  before/hand 1.74x  after/hand 1.70x
  web/url.ipv4: 1 round(s) redone after a gen1/gen2 collection
web/url.ipv4           hand      111.2 ns before      224.8 ns after      231.9 ns  before/hand 2.02x  after/hand 2.09x
web/url.long-path      hand      177.1 ns before      421.3 ns after      417.1 ns  before/hand 2.38x  after/hand 2.36x
  web/url.refused: 1 round(s) redone after a gen1/gen2 collection
web/url.refused        hand       68.3 ns before      245.4 ns after      257.7 ns  before/hand 3.59x  after/hand 3.77x
web/url.relative       hand       84.8 ns before      180.1 ns after      182.5 ns  before/hand 2.12x  after/hand 2.15x
  web/url.relative-dot-colon: 1 round(s) redone after a gen1/gen2 collection
web/url.relative-dot-colon hand       67.5 ns before      159.2 ns after      159.7 ns  before/hand 2.36x  after/hand 2.36x
web/url.relative-letters hand      104.4 ns before      220.8 ns after      218.0 ns  before/hand 2.11x  after/hand 2.09x

# Paired stand, 2026-09-20 02:16

IGOR-DESKTOP, pinned to 0-15, high priority, control 31.6 ns.

The base of a row is what every ratio is over, and its name says what it is: `hand` is a hand-written parser (`DotGram.Handwritten`), `scriptdom` is Microsoft's parser, and `control` is this process's own build of the same generated parser, held constant so that the two sides are compared and nothing is claimed against a hand-written one.

| row | reading | base | base ns | before ns | before/base | after ns | after/base | change | before B | after B |
| --- | --- | --- | ---: | ---: | ---: | ---: | ---: | ---: | ---: | ---: |
| web/url.path1000 | generated | hand | 5198.4 | 10533.2 | 2.03x | 10672.2 | 2.05x | +1.3% | 8384 | 8384 |
| web/url.plain | generated | hand | 96.9 | 219.6 | 2.27x | 220.1 | 2.27x | +0.2% | 360 | 360 |
| web/url.full | generated | hand | 171.3 | 298.3 | 1.74x | 291.5 | 1.70x | -2.3% | 536 | 536 |
| web/url.ipv4 | generated | hand | 111.2 | 224.8 | 2.02x | 231.9 | 2.09x | +3.2% | 384 | 384 |
| web/url.long-path | generated | hand | 177.1 | 421.3 | 2.38x | 417.1 | 2.36x | -1.0% | 512 | 512 |
| web/url.refused | generated | hand | 68.3 | 245.4 | 3.59x | 257.7 | 3.77x | +5.0% | 64 | 64 |
| web/url.relative | generated | hand | 84.8 | 180.1 | 2.12x | 182.5 | 2.15x | +1.4% | 312 | 312 |
| web/url.relative-dot-colon | generated | hand | 67.5 | 159.2 | 2.36x | 159.7 | 2.36x | +0.3% | 280 | 280 |
| web/url.relative-letters | generated | hand | 104.4 | 220.8 | 2.11x | 218.0 | 2.09x | -1.3% | 312 | 312 |

Written to T:\TEMP\dotgram-stand\w73\aa\run-2
=== run 3 of 5, 02:16:04
9 rows, every reading agreeing. Timing 8 rounds.
web/url.path1000       hand     5272.9 ns before    10570.7 ns after    10629.5 ns  before/hand 2.00x  after/hand 2.02x
web/url.plain          hand       93.9 ns before      215.1 ns after      213.4 ns  before/hand 2.29x  after/hand 2.27x
web/url.full           hand      158.8 ns before      282.6 ns after      299.4 ns  before/hand 1.78x  after/hand 1.88x
  web/url.ipv4: 1 round(s) redone after a gen1/gen2 collection
web/url.ipv4           hand      109.7 ns before      222.7 ns after      231.3 ns  before/hand 2.03x  after/hand 2.11x
web/url.long-path      hand      166.6 ns before      412.9 ns after      416.7 ns  before/hand 2.48x  after/hand 2.50x
  web/url.refused: 1 round(s) redone after a gen1/gen2 collection
web/url.refused        hand       60.1 ns before      253.6 ns after      249.6 ns  before/hand 4.22x  after/hand 4.16x
web/url.relative       hand       75.5 ns before      189.3 ns after      180.8 ns  before/hand 2.51x  after/hand 2.40x
  web/url.relative-dot-colon: 1 round(s) redone after a gen1/gen2 collection
web/url.relative-dot-colon hand       62.9 ns before      154.6 ns after      155.6 ns  before/hand 2.46x  after/hand 2.47x
web/url.relative-letters hand      104.3 ns before      208.3 ns after      214.6 ns  before/hand 2.00x  after/hand 2.06x

# Paired stand, 2026-09-20 02:16

IGOR-DESKTOP, pinned to 0-15, high priority, control 31.5 ns.

The base of a row is what every ratio is over, and its name says what it is: `hand` is a hand-written parser (`DotGram.Handwritten`), `scriptdom` is Microsoft's parser, and `control` is this process's own build of the same generated parser, held constant so that the two sides are compared and nothing is claimed against a hand-written one.

| row | reading | base | base ns | before ns | before/base | after ns | after/base | change | before B | after B |
| --- | --- | --- | ---: | ---: | ---: | ---: | ---: | ---: | ---: | ---: |
| web/url.path1000 | generated | hand | 5272.9 | 10570.7 | 2.00x | 10629.5 | 2.02x | +0.6% | 8384 | 8384 |
| web/url.plain | generated | hand | 93.9 | 215.1 | 2.29x | 213.4 | 2.27x | -0.8% | 360 | 360 |
| web/url.full | generated | hand | 158.8 | 282.6 | 1.78x | 299.4 | 1.88x | +5.9% | 536 | 536 |
| web/url.ipv4 | generated | hand | 109.7 | 222.7 | 2.03x | 231.3 | 2.11x | +3.9% | 384 | 384 |
| web/url.long-path | generated | hand | 166.6 | 412.9 | 2.48x | 416.7 | 2.50x | +0.9% | 512 | 512 |
| web/url.refused | generated | hand | 60.1 | 253.6 | 4.22x | 249.6 | 4.16x | -1.5% | 64 | 64 |
| web/url.relative | generated | hand | 75.5 | 189.3 | 2.51x | 180.8 | 2.40x | -4.5% | 312 | 312 |
| web/url.relative-dot-colon | generated | hand | 62.9 | 154.6 | 2.46x | 155.6 | 2.47x | +0.6% | 280 | 280 |
| web/url.relative-letters | generated | hand | 104.3 | 208.3 | 2.00x | 214.6 | 2.06x | +3.0% | 312 | 312 |

Written to T:\TEMP\dotgram-stand\w73\aa\run-3
=== run 4 of 5, 02:16:41
9 rows, every reading agreeing. Timing 8 rounds.
web/url.path1000       hand     5271.8 ns before    10546.3 ns after    10586.5 ns  before/hand 2.00x  after/hand 2.01x
web/url.plain          hand       93.9 ns before      215.1 ns after      216.8 ns  before/hand 2.29x  after/hand 2.31x
web/url.full           hand      161.8 ns before      300.4 ns after      292.1 ns  before/hand 1.86x  after/hand 1.81x
  web/url.ipv4: 2 round(s) redone after a gen1/gen2 collection
web/url.ipv4           hand      108.8 ns before      230.0 ns after      240.7 ns  before/hand 2.11x  after/hand 2.21x
web/url.long-path      hand      164.9 ns before      411.5 ns after      432.0 ns  before/hand 2.50x  after/hand 2.62x
  web/url.refused: 1 round(s) redone after a gen1/gen2 collection
web/url.refused        hand       61.1 ns before      258.8 ns after      251.3 ns  before/hand 4.24x  after/hand 4.11x
web/url.relative       hand       76.7 ns before      179.5 ns after      180.2 ns  before/hand 2.34x  after/hand 2.35x
  web/url.relative-dot-colon: 1 round(s) redone after a gen1/gen2 collection
web/url.relative-dot-colon hand       63.3 ns before      158.7 ns after      155.7 ns  before/hand 2.51x  after/hand 2.46x
web/url.relative-letters hand      105.4 ns before      211.9 ns after      210.3 ns  before/hand 2.01x  after/hand 2.00x

# Paired stand, 2026-09-20 02:17

IGOR-DESKTOP, pinned to 0-15, high priority, control 31.6 ns.

The base of a row is what every ratio is over, and its name says what it is: `hand` is a hand-written parser (`DotGram.Handwritten`), `scriptdom` is Microsoft's parser, and `control` is this process's own build of the same generated parser, held constant so that the two sides are compared and nothing is claimed against a hand-written one.

| row | reading | base | base ns | before ns | before/base | after ns | after/base | change | before B | after B |
| --- | --- | --- | ---: | ---: | ---: | ---: | ---: | ---: | ---: | ---: |
| web/url.path1000 | generated | hand | 5271.8 | 10546.3 | 2.00x | 10586.5 | 2.01x | +0.4% | 8384 | 8384 |
| web/url.plain | generated | hand | 93.9 | 215.1 | 2.29x | 216.8 | 2.31x | +0.8% | 360 | 360 |
| web/url.full | generated | hand | 161.8 | 300.4 | 1.86x | 292.1 | 1.81x | -2.8% | 536 | 536 |
| web/url.ipv4 | generated | hand | 108.8 | 230.0 | 2.11x | 240.7 | 2.21x | +4.7% | 384 | 384 |
| web/url.long-path | generated | hand | 164.9 | 411.5 | 2.50x | 432.0 | 2.62x | +5.0% | 512 | 512 |
| web/url.refused | generated | hand | 61.1 | 258.8 | 4.24x | 251.3 | 4.11x | -2.9% | 64 | 64 |
| web/url.relative | generated | hand | 76.7 | 179.5 | 2.34x | 180.2 | 2.35x | +0.4% | 312 | 312 |
| web/url.relative-dot-colon | generated | hand | 63.3 | 158.7 | 2.51x | 155.7 | 2.46x | -1.9% | 280 | 280 |
| web/url.relative-letters | generated | hand | 105.4 | 211.9 | 2.01x | 210.3 | 2.00x | -0.8% | 312 | 312 |

Written to T:\TEMP\dotgram-stand\w73\aa\run-4
=== run 5 of 5, 02:17:17
9 rows, every reading agreeing. Timing 8 rounds.
web/url.path1000       hand     5238.0 ns before    10565.4 ns after    10556.0 ns  before/hand 2.02x  after/hand 2.02x
web/url.plain          hand      100.7 ns before      219.3 ns after      219.8 ns  before/hand 2.18x  after/hand 2.18x
web/url.full           hand      167.3 ns before      301.1 ns after      293.2 ns  before/hand 1.80x  after/hand 1.75x
  web/url.ipv4: 1 round(s) redone after a gen1/gen2 collection
web/url.ipv4           hand      111.5 ns before      226.8 ns after      225.6 ns  before/hand 2.03x  after/hand 2.02x
web/url.long-path      hand      176.9 ns before      412.4 ns after      408.0 ns  before/hand 2.33x  after/hand 2.31x
  web/url.refused: 1 round(s) redone after a gen1/gen2 collection
web/url.refused        hand       68.4 ns before      244.9 ns after      247.3 ns  before/hand 3.58x  after/hand 3.61x
web/url.relative       hand       75.4 ns before      180.4 ns after      180.9 ns  before/hand 2.39x  after/hand 2.40x
  web/url.relative-dot-colon: 1 round(s) redone after a gen1/gen2 collection
web/url.relative-dot-colon hand       64.1 ns before      158.8 ns after      154.2 ns  before/hand 2.48x  after/hand 2.41x
web/url.relative-letters hand      105.9 ns before      212.7 ns after      207.1 ns  before/hand 2.01x  after/hand 1.96x

# Paired stand, 2026-09-20 02:17

IGOR-DESKTOP, pinned to 0-15, high priority, control 31.4 ns.

The base of a row is what every ratio is over, and its name says what it is: `hand` is a hand-written parser (`DotGram.Handwritten`), `scriptdom` is Microsoft's parser, and `control` is this process's own build of the same generated parser, held constant so that the two sides are compared and nothing is claimed against a hand-written one.

| row | reading | base | base ns | before ns | before/base | after ns | after/base | change | before B | after B |
| --- | --- | --- | ---: | ---: | ---: | ---: | ---: | ---: | ---: | ---: |
| web/url.path1000 | generated | hand | 5238.0 | 10565.4 | 2.02x | 10556.0 | 2.02x | -0.1% | 8384 | 8384 |
| web/url.plain | generated | hand | 100.7 | 219.3 | 2.18x | 219.8 | 2.18x | +0.2% | 360 | 360 |
| web/url.full | generated | hand | 167.3 | 301.1 | 1.80x | 293.2 | 1.75x | -2.6% | 536 | 536 |
| web/url.ipv4 | generated | hand | 111.5 | 226.8 | 2.03x | 225.6 | 2.02x | -0.5% | 384 | 384 |
| web/url.long-path | generated | hand | 176.9 | 412.4 | 2.33x | 408.0 | 2.31x | -1.1% | 512 | 512 |
| web/url.refused | generated | hand | 68.4 | 244.9 | 3.58x | 247.3 | 3.61x | +1.0% | 64 | 64 |
| web/url.relative | generated | hand | 75.4 | 180.4 | 2.39x | 180.9 | 2.40x | +0.3% | 312 | 312 |
| web/url.relative-dot-colon | generated | hand | 64.1 | 158.8 | 2.48x | 154.2 | 2.41x | -2.9% | 280 | 280 |
| web/url.relative-letters | generated | hand | 105.9 | 212.7 | 2.01x | 207.1 | 1.96x | -2.6% | 312 | 312 |

Written to T:\TEMP\dotgram-stand\w73\aa\run-5

Median of 5 of 5 runs, each in a process of its own; control 31.6 ns (the runs' controls: 31.6, 31.6, 31.5, 31.6, 31.4).
No run was dropped.
The spread column is the spread of the base reading between runs, not between rounds.

# Paired stand, 2026-09-20 02:17

IGOR-DESKTOP, pinned to 0-15, high priority, control 31.6 ns.

The base of a row is what every ratio is over, and its name says what it is: `hand` is a hand-written parser (`DotGram.Handwritten`), `scriptdom` is Microsoft's parser, and `control` is this process's own build of the same generated parser, held constant so that the two sides are compared and nothing is claimed against a hand-written one.

| row | reading | base | base ns | before ns | before/base | after ns | after/base | change | before B | after B |
| --- | --- | --- | ---: | ---: | ---: | ---: | ---: | ---: | ---: | ---: |
| web/url.path1000 | generated | hand | 5271.8 | 10565.4 | 2.00x | 10620.6 | 2.01x | +0.5% | 8384 | 8384 |
| web/url.plain | generated | hand | 96.9 | 219.3 | 2.26x | 218.1 | 2.25x | -0.5% | 360 | 360 |
| web/url.full | generated | hand | 167.3 | 298.3 | 1.78x | 292.1 | 1.75x | -2.1% | 536 | 536 |
| web/url.ipv4 | generated | hand | 111.2 | 226.8 | 2.04x | 231.3 | 2.08x | +2.0% | 384 | 384 |
| web/url.long-path | generated | hand | 176.9 | 412.9 | 2.33x | 416.7 | 2.36x | +0.9% | 512 | 512 |
| web/url.refused | generated | hand | 67.7 | 253.6 | 3.74x | 249.6 | 3.69x | -1.5% | 64 | 64 |
| web/url.relative | generated | hand | 76.0 | 180.4 | 2.37x | 180.9 | 2.38x | +0.3% | 312 | 312 |
| web/url.relative-dot-colon | generated | hand | 63.7 | 158.8 | 2.49x | 155.7 | 2.44x | -2.0% | 280 | 280 |
| web/url.relative-letters | generated | hand | 104.7 | 212.7 | 2.03x | 214.6 | 2.05x | +0.9% | 312 | 312 |

Written to T:\TEMP\dotgram-stand\w73\aa
