=== run 1 of 5, 20:37:28
35 rows, every reading agreeing. Timing 8 rounds.
fix/One.text           hand       75.0 ns before       80.4 ns after       85.4 ns  before/hand 1.07x  after/hand 1.14x
fix/One.bytes          hand       77.3 ns before       95.5 ns after       96.5 ns  before/hand 1.24x  after/hand 1.25x
fix/Order.text         hand      663.9 ns before      642.1 ns after      659.4 ns  before/hand 0.97x  after/hand 0.99x
fix/Order.bytes        hand      676.8 ns before      739.4 ns after      737.8 ns  before/hand 1.09x  after/hand 1.09x
fix/Order.stream       hand      805.3 ns before     1076.8 ns after     1069.7 ns  before/hand 1.34x  after/hand 1.33x
fix/BinaryMany.text    hand     3601.9 ns before     3765.8 ns after     3747.9 ns  before/hand 1.05x  after/hand 1.04x
fix/Orders128.text     hand    77355.0 ns before    74437.6 ns after    76466.4 ns  before/hand 0.96x  after/hand 0.99x
  fix/slope-16.text: 1 round(s) redone after a gen1/gen2 collection
fix/slope-16.text      hand      888.5 ns before      778.2 ns after      788.3 ns  before/hand 0.88x  after/hand 0.89x
fix/slope-16.bytes     hand      891.3 ns before      898.0 ns after      908.9 ns  before/hand 1.01x  after/hand 1.02x
tsql/columns1000       hand  1683350.0 ns before   167906.2 ns after   170037.5 ns  before/hand 0.10x  after/hand 0.10x
fix/One.log-text       hand       78.8 ns before      169.5 ns after      172.1 ns  before/hand 2.15x  after/hand 2.18x
  fix/One.log-bytes: 1 round(s) redone after a gen1/gen2 collection
fix/One.log-bytes      hand       79.1 ns before      200.4 ns after      203.7 ns  before/hand 2.54x  after/hand 2.58x
fix/One.log-stream     hand       78.6 ns before      513.1 ns after      483.1 ns  before/hand 6.52x  after/hand 6.14x
fix/Order.log-text     hand      717.6 ns before     1428.6 ns after     1287.5 ns  before/hand 1.99x  after/hand 1.79x
  fix/Order.log-bytes: 1 round(s) redone after a gen1/gen2 collection
fix/Order.log-bytes    hand      710.0 ns before     1602.0 ns after     1508.2 ns  before/hand 2.26x  after/hand 2.12x
fix/Order.log-stream   hand      707.1 ns before     2434.5 ns after     2171.1 ns  before/hand 3.44x  after/hand 3.07x
fix/Orders128.log-text hand    84738.6 ns before   166332.4 ns after   148610.4 ns  before/hand 1.96x  after/hand 1.75x
fix/Orders128.log-bytes hand    84926.8 ns before   184257.0 ns after   171177.1 ns  before/hand 2.17x  after/hand 2.02x
fix/Orders128.log-stream hand    85082.2 ns before   261482.4 ns after   228489.3 ns  before/hand 3.07x  after/hand 2.69x
  fix/slope-0.log-text: 1 round(s) redone after a gen1/gen2 collection
fix/slope-0.log-text   hand       24.2 ns before       66.5 ns after       69.1 ns  before/hand 2.75x  after/hand 2.86x
fix/slope-0.log-bytes  hand       23.3 ns before       71.3 ns after       74.7 ns  before/hand 3.07x  after/hand 3.21x
  fix/slope-0.log-stream: 1 round(s) redone after a gen1/gen2 collection
fix/slope-0.log-stream hand       23.2 ns before      246.3 ns after      233.4 ns  before/hand 10.61x  after/hand 10.06x
fix/slope-4.log-text   hand      248.1 ns before      498.2 ns after      475.0 ns  before/hand 2.01x  after/hand 1.91x
fix/slope-4.log-bytes  hand      248.9 ns before      554.5 ns after      537.3 ns  before/hand 2.23x  after/hand 2.16x
fix/slope-4.log-stream hand      247.2 ns before     1009.4 ns after      922.6 ns  before/hand 4.08x  after/hand 3.73x
fix/slope-16.log-text  hand      902.2 ns before     1821.8 ns after     1660.4 ns  before/hand 2.02x  after/hand 1.84x
fix/slope-16.log-bytes hand      910.2 ns before     1968.2 ns after     1867.9 ns  before/hand 2.16x  after/hand 2.05x
fix/slope-16.log-stream hand      929.0 ns before     2984.2 ns after     2648.4 ns  before/hand 3.21x  after/hand 2.85x
el/ladder.bool         hand      966.9 ns before     1688.8 ns after     1691.2 ns  before/hand 1.75x  after/hand 1.75x
sql/select20.bool      hand     6973.7 ns before    17991.6 ns after    18053.3 ns  before/hand 2.58x  after/hand 2.59x
web/url.full           hand      155.3 ns before      279.3 ns after      294.6 ns  before/hand 1.80x  after/hand 1.90x
el/ladder              hand      956.8 ns before     1683.6 ns after     1716.1 ns before-immediate     1127.9 ns after-immediate     1132.3 ns  before/hand 1.76x  after/hand 1.79x  before-immediate/hand 1.18x  after-immediate/hand 1.18x
  el/string: 1 round(s) redone after a gen1/gen2 collection
el/string              hand      271.6 ns before      944.6 ns after      943.2 ns before-immediate      653.3 ns after-immediate      684.9 ns  before/hand 3.48x  after/hand 3.47x  before-immediate/hand 2.40x  after-immediate/hand 2.52x
sql/column             hand      135.0 ns before      334.6 ns after      333.4 ns  before/hand 2.48x  after/hand 2.47x
sql/select20           hand     6636.5 ns before    17352.5 ns after    17475.4 ns  before/hand 2.61x  after/hand 2.63x

# Paired stand, 2026-09-19 20:39

IGOR-DESKTOP, pinned to 0-15, high priority, control 31.2 ns.

| row | reading | hand ns | before ns | before/hand | after ns | after/hand | change | before B | after B |
| --- | --- | ---: | ---: | ---: | ---: | ---: | ---: | ---: | ---: |
| fix/One.text | generated | 75.0 | 80.4 | 1.07x | 85.4 | 1.14x | +6.3% | 192 | 192 |
| fix/One.bytes | generated | 77.3 | 95.5 | 1.24x | 96.5 | 1.25x | +1.0% | 248 | 248 |
| fix/Order.text | generated | 663.9 | 642.1 | 0.97x | 659.4 | 0.99x | +2.7% | 1096 | 1096 |
| fix/Order.bytes | generated | 676.8 | 739.4 | 1.09x | 737.8 | 1.09x | -0.2% | 1152 | 1152 |
| fix/Order.stream | generated | 805.3 | 1076.8 | 1.34x | 1069.7 | 1.33x | -0.7% | 1712 | 1712 |
| fix/BinaryMany.text | generated | 3601.9 | 3765.8 | 1.05x | 3747.9 | 1.04x | -0.5% | 7256 | 7256 |
| fix/Orders128.text | generated | 77355.0 | 74437.6 | 0.96x | 76466.4 | 0.99x | +2.7% | 129112 | 129112 |
| fix/slope-16.text | generated | 888.5 | 778.2 | 0.88x | 788.3 | 0.89x | +1.3% | 1752 | 1752 |
| fix/slope-16.bytes | generated | 891.3 | 898.0 | 1.01x | 908.9 | 1.02x | +1.2% | 1808 | 1808 |
| tsql/columns1000 | generated | 1683350.0 | 167906.2 | 0.10x | 170037.5 | 0.10x | +1.3% | 200464 | 200464 |
| fix/One.log-text | generated | 78.8 | 169.5 | 2.15x | 172.1 | 2.18x | +1.5% | 192 | 192 |
| fix/One.log-bytes | generated | 79.1 | 200.4 | 2.54x | 203.7 | 2.58x | +1.6% | 248 | 248 |
| fix/One.log-stream | generated | 78.6 | 513.1 | 6.52x | 483.1 | 6.14x | -5.8% | 888 | 888 |
| fix/Order.log-text | generated | 717.6 | 1428.6 | 1.99x | 1287.5 | 1.79x | -9.9% | 1096 | 1096 |
| fix/Order.log-bytes | generated | 710.0 | 1602.0 | 2.26x | 1508.2 | 2.12x | -5.9% | 1152 | 1152 |
| fix/Order.log-stream | generated | 707.1 | 2434.5 | 3.44x | 2171.1 | 3.07x | -10.8% | 1712 | 1712 |
| fix/Orders128.log-text | generated | 84738.6 | 166332.4 | 1.96x | 148610.4 | 1.75x | -10.7% | 129112 | 129112 |
| fix/Orders128.log-bytes | generated | 84926.8 | 184257.0 | 2.17x | 171177.1 | 2.02x | -7.1% | 129168 | 129168 |
| fix/Orders128.log-stream | generated | 85082.2 | 261482.4 | 3.07x | 228489.3 | 2.69x | -12.6% | 118552 | 118552 |
| fix/slope-0.log-text | generated | 24.2 | 66.5 | 2.75x | 69.1 | 2.86x | +3.9% | 88 | 88 |
| fix/slope-0.log-bytes | generated | 23.3 | 71.3 | 3.07x | 74.7 | 3.21x | +4.7% | 144 | 144 |
| fix/slope-0.log-stream | generated | 23.2 | 246.3 | 10.61x | 233.4 | 10.06x | -5.2% | 792 | 792 |
| fix/slope-4.log-text | generated | 248.1 | 498.2 | 2.01x | 475.0 | 1.91x | -4.6% | 504 | 504 |
| fix/slope-4.log-bytes | generated | 248.9 | 554.5 | 2.23x | 537.3 | 2.16x | -3.1% | 560 | 560 |
| fix/slope-4.log-stream | generated | 247.2 | 1009.4 | 4.08x | 922.6 | 3.73x | -8.6% | 1176 | 1176 |
| fix/slope-16.log-text | generated | 902.2 | 1821.8 | 2.02x | 1660.4 | 1.84x | -8.9% | 1752 | 1752 |
| fix/slope-16.log-bytes | generated | 910.2 | 1968.2 | 2.16x | 1867.9 | 2.05x | -5.1% | 1808 | 1808 |
| fix/slope-16.log-stream | generated | 929.0 | 2984.2 | 3.21x | 2648.4 | 2.85x | -11.3% | 2328 | 2328 |
| el/ladder.bool | generated | 966.9 | 1688.8 | 1.75x | 1691.2 | 1.75x | +0.1% | 1776 | 1720 |
| sql/select20.bool | generated | 6973.7 | 17991.6 | 2.58x | 18053.3 | 2.59x | +0.3% | 21448 | 21392 |
| web/url.full | generated | 155.3 | 279.3 | 1.80x | 294.6 | 1.90x | +5.5% | 536 | 536 |
| el/ladder | generated | 956.8 | 1683.6 | 1.76x | 1716.1 | 1.79x | +1.9% | 1776 | 1776 |
| el/ladder | immediate | 956.8 | 1127.9 | 1.18x | 1132.3 | 1.18x | +0.4% | 1784 | 1784 |
| el/string | generated | 271.6 | 944.6 | 3.48x | 943.2 | 3.47x | -0.1% | 1056 | 1056 |
| el/string | immediate | 271.6 | 653.3 | 2.40x | 684.9 | 2.52x | +4.8% | 1032 | 1032 |
| sql/column | generated | 135.0 | 334.6 | 2.48x | 333.4 | 2.47x | -0.4% | 392 | 392 |
| sql/select20 | generated | 6636.5 | 17352.5 | 2.61x | 17475.4 | 2.63x | +0.7% | 21448 | 21448 |

Written to T:\TEMP\dotgram-stand\w61\pair\run-1
=== run 2 of 5, 20:39:43
35 rows, every reading agreeing. Timing 8 rounds.
fix/One.text           hand       74.9 ns before       78.6 ns after       82.1 ns  before/hand 1.05x  after/hand 1.10x
fix/One.bytes          hand       76.1 ns before       93.6 ns after       95.6 ns  before/hand 1.23x  after/hand 1.26x
fix/Order.text         hand      686.6 ns before      650.4 ns after      634.7 ns  before/hand 0.95x  after/hand 0.92x
fix/Order.bytes        hand      694.7 ns before      729.0 ns after      744.4 ns  before/hand 1.05x  after/hand 1.07x
  fix/Order.stream: 1 round(s) redone after a gen1/gen2 collection
fix/Order.stream       hand      804.0 ns before     1066.1 ns after     1062.9 ns  before/hand 1.33x  after/hand 1.32x
fix/BinaryMany.text    hand     3576.6 ns before     3668.4 ns after     3633.7 ns  before/hand 1.03x  after/hand 1.02x
fix/Orders128.text     hand    80956.2 ns before    75233.5 ns after    73365.2 ns  before/hand 0.93x  after/hand 0.91x
fix/slope-16.text      hand      906.9 ns before      789.2 ns after      771.2 ns  before/hand 0.87x  after/hand 0.85x
fix/slope-16.bytes     hand     1200.2 ns before      880.0 ns after      889.9 ns  before/hand 0.73x  after/hand 0.74x
tsql/columns1000       hand  1645993.8 ns before   167625.0 ns after   168725.0 ns  before/hand 0.10x  after/hand 0.10x
fix/One.log-text       hand       87.1 ns before      176.2 ns after      172.5 ns  before/hand 2.02x  after/hand 1.98x
  fix/One.log-bytes: 1 round(s) redone after a gen1/gen2 collection
fix/One.log-bytes      hand       83.9 ns before      199.6 ns after      193.4 ns  before/hand 2.38x  after/hand 2.31x
fix/One.log-stream     hand       84.1 ns before      498.1 ns after      500.5 ns  before/hand 5.92x  after/hand 5.95x
fix/Order.log-text     hand      745.2 ns before     1439.6 ns after     1286.8 ns  before/hand 1.93x  after/hand 1.73x
  fix/Order.log-bytes: 1 round(s) redone after a gen1/gen2 collection
fix/Order.log-bytes    hand      744.5 ns before     1584.8 ns after     1481.7 ns  before/hand 2.13x  after/hand 1.99x
fix/Order.log-stream   hand      738.0 ns before     2328.4 ns after     2188.4 ns  before/hand 3.16x  after/hand 2.97x
fix/Orders128.log-text hand    88388.9 ns before   166933.7 ns after   147569.8 ns  before/hand 1.89x  after/hand 1.67x
fix/Orders128.log-bytes hand    89793.9 ns before   187709.9 ns after   176804.9 ns  before/hand 2.09x  after/hand 1.97x
fix/Orders128.log-stream hand    89034.2 ns before   248198.9 ns after   237490.5 ns  before/hand 2.79x  after/hand 2.67x
  fix/slope-0.log-text: 1 round(s) redone after a gen1/gen2 collection
fix/slope-0.log-text   hand       21.7 ns before       65.7 ns after       67.5 ns  before/hand 3.03x  after/hand 3.11x
fix/slope-0.log-bytes  hand       21.8 ns before       71.3 ns after       74.1 ns  before/hand 3.27x  after/hand 3.40x
  fix/slope-0.log-stream: 1 round(s) redone after a gen1/gen2 collection
fix/slope-0.log-stream hand       21.8 ns before      235.1 ns after      232.0 ns  before/hand 10.77x  after/hand 10.63x
fix/slope-4.log-text   hand      260.2 ns before      508.9 ns after      471.1 ns  before/hand 1.96x  after/hand 1.81x
fix/slope-4.log-bytes  hand      256.9 ns before      544.1 ns after      534.7 ns  before/hand 2.12x  after/hand 2.08x
fix/slope-4.log-stream hand      258.1 ns before      991.8 ns after      948.4 ns  before/hand 3.84x  after/hand 3.67x
fix/slope-16.log-text  hand      949.8 ns before     1816.0 ns after     1654.4 ns  before/hand 1.91x  after/hand 1.74x
fix/slope-16.log-bytes hand      942.8 ns before     1964.8 ns after     1845.7 ns  before/hand 2.08x  after/hand 1.96x
fix/slope-16.log-stream hand      958.8 ns before     2855.6 ns after     2739.8 ns  before/hand 2.98x  after/hand 2.86x
el/ladder.bool         hand      966.4 ns before     1709.9 ns after     1651.2 ns  before/hand 1.77x  after/hand 1.71x
sql/select20.bool      hand     6602.0 ns before    17712.9 ns after    17559.6 ns  before/hand 2.68x  after/hand 2.66x
web/url.full           hand      152.7 ns before      285.4 ns after      288.5 ns  before/hand 1.87x  after/hand 1.89x
el/ladder              hand      951.8 ns before     1693.7 ns after     1642.6 ns before-immediate     1101.8 ns after-immediate     1128.3 ns  before/hand 1.78x  after/hand 1.73x  before-immediate/hand 1.16x  after-immediate/hand 1.19x
  el/string: 1 round(s) redone after a gen1/gen2 collection
el/string              hand      294.8 ns before      986.4 ns after      970.3 ns before-immediate      693.0 ns after-immediate      673.0 ns  before/hand 3.35x  after/hand 3.29x  before-immediate/hand 2.35x  after-immediate/hand 2.28x
sql/column             hand      136.0 ns before      342.3 ns after      341.8 ns  before/hand 2.52x  after/hand 2.51x
sql/select20           hand     6582.0 ns before    17856.2 ns after    17419.6 ns  before/hand 2.71x  after/hand 2.65x

# Paired stand, 2026-09-19 20:41

IGOR-DESKTOP, pinned to 0-15, high priority, control 31.1 ns.

| row | reading | hand ns | before ns | before/hand | after ns | after/hand | change | before B | after B |
| --- | --- | ---: | ---: | ---: | ---: | ---: | ---: | ---: | ---: |
| fix/One.text | generated | 74.9 | 78.6 | 1.05x | 82.1 | 1.10x | +4.5% | 192 | 192 |
| fix/One.bytes | generated | 76.1 | 93.6 | 1.23x | 95.6 | 1.26x | +2.2% | 248 | 248 |
| fix/Order.text | generated | 686.6 | 650.4 | 0.95x | 634.7 | 0.92x | -2.4% | 1096 | 1096 |
| fix/Order.bytes | generated | 694.7 | 729.0 | 1.05x | 744.4 | 1.07x | +2.1% | 1152 | 1152 |
| fix/Order.stream | generated | 804.0 | 1066.1 | 1.33x | 1062.9 | 1.32x | -0.3% | 1712 | 1712 |
| fix/BinaryMany.text | generated | 3576.6 | 3668.4 | 1.03x | 3633.7 | 1.02x | -0.9% | 7256 | 7256 |
| fix/Orders128.text | generated | 80956.2 | 75233.5 | 0.93x | 73365.2 | 0.91x | -2.5% | 129112 | 129112 |
| fix/slope-16.text | generated | 906.9 | 789.2 | 0.87x | 771.2 | 0.85x | -2.3% | 1752 | 1752 |
| fix/slope-16.bytes | generated | 1200.2 | 880.0 | 0.73x | 889.9 | 0.74x | +1.1% | 1808 | 1808 |
| tsql/columns1000 | generated | 1645993.8 | 167625.0 | 0.10x | 168725.0 | 0.10x | +0.7% | 200464 | 200464 |
| fix/One.log-text | generated | 87.1 | 176.2 | 2.02x | 172.5 | 1.98x | -2.1% | 192 | 192 |
| fix/One.log-bytes | generated | 83.9 | 199.6 | 2.38x | 193.4 | 2.31x | -3.1% | 248 | 248 |
| fix/One.log-stream | generated | 84.1 | 498.1 | 5.92x | 500.5 | 5.95x | +0.5% | 888 | 888 |
| fix/Order.log-text | generated | 745.2 | 1439.6 | 1.93x | 1286.8 | 1.73x | -10.6% | 1096 | 1096 |
| fix/Order.log-bytes | generated | 744.5 | 1584.8 | 2.13x | 1481.7 | 1.99x | -6.5% | 1152 | 1152 |
| fix/Order.log-stream | generated | 738.0 | 2328.4 | 3.16x | 2188.4 | 2.97x | -6.0% | 1712 | 1712 |
| fix/Orders128.log-text | generated | 88388.9 | 166933.7 | 1.89x | 147569.8 | 1.67x | -11.6% | 129112 | 129112 |
| fix/Orders128.log-bytes | generated | 89793.9 | 187709.9 | 2.09x | 176804.9 | 1.97x | -5.8% | 129168 | 129168 |
| fix/Orders128.log-stream | generated | 89034.2 | 248198.9 | 2.79x | 237490.5 | 2.67x | -4.3% | 118552 | 118552 |
| fix/slope-0.log-text | generated | 21.7 | 65.7 | 3.03x | 67.5 | 3.11x | +2.7% | 88 | 88 |
| fix/slope-0.log-bytes | generated | 21.8 | 71.3 | 3.27x | 74.1 | 3.40x | +3.9% | 144 | 144 |
| fix/slope-0.log-stream | generated | 21.8 | 235.1 | 10.77x | 232.0 | 10.63x | -1.3% | 792 | 792 |
| fix/slope-4.log-text | generated | 260.2 | 508.9 | 1.96x | 471.1 | 1.81x | -7.4% | 504 | 504 |
| fix/slope-4.log-bytes | generated | 256.9 | 544.1 | 2.12x | 534.7 | 2.08x | -1.7% | 560 | 560 |
| fix/slope-4.log-stream | generated | 258.1 | 991.8 | 3.84x | 948.4 | 3.67x | -4.4% | 1176 | 1176 |
| fix/slope-16.log-text | generated | 949.8 | 1816.0 | 1.91x | 1654.4 | 1.74x | -8.9% | 1752 | 1752 |
| fix/slope-16.log-bytes | generated | 942.8 | 1964.8 | 2.08x | 1845.7 | 1.96x | -6.1% | 1808 | 1808 |
| fix/slope-16.log-stream | generated | 958.8 | 2855.6 | 2.98x | 2739.8 | 2.86x | -4.1% | 2328 | 2328 |
| el/ladder.bool | generated | 966.4 | 1709.9 | 1.77x | 1651.2 | 1.71x | -3.4% | 1776 | 1720 |
| sql/select20.bool | generated | 6602.0 | 17712.9 | 2.68x | 17559.6 | 2.66x | -0.9% | 21448 | 21392 |
| web/url.full | generated | 152.7 | 285.4 | 1.87x | 288.5 | 1.89x | +1.1% | 536 | 536 |
| el/ladder | generated | 951.8 | 1693.7 | 1.78x | 1642.6 | 1.73x | -3.0% | 1776 | 1776 |
| el/ladder | immediate | 951.8 | 1101.8 | 1.16x | 1128.3 | 1.19x | +2.4% | 1784 | 1784 |
| el/string | generated | 294.8 | 986.4 | 3.35x | 970.3 | 3.29x | -1.6% | 1056 | 1056 |
| el/string | immediate | 294.8 | 693.0 | 2.35x | 673.0 | 2.28x | -2.9% | 1032 | 1032 |
| sql/column | generated | 136.0 | 342.3 | 2.52x | 341.8 | 2.51x | -0.1% | 392 | 392 |
| sql/select20 | generated | 6582.0 | 17856.2 | 2.71x | 17419.6 | 2.65x | -2.4% | 21448 | 21448 |

Written to T:\TEMP\dotgram-stand\w61\pair\run-2
=== run 3 of 5, 20:41:57
35 rows, every reading agreeing. Timing 8 rounds.
fix/One.text           hand       73.4 ns before       78.6 ns after       83.4 ns  before/hand 1.07x  after/hand 1.14x
fix/One.bytes          hand       75.3 ns before       92.1 ns after       95.4 ns  before/hand 1.22x  after/hand 1.27x
fix/Order.text         hand      653.7 ns before      649.1 ns after      645.5 ns  before/hand 0.99x  after/hand 0.99x
fix/Order.bytes        hand      701.2 ns before      730.2 ns after      733.0 ns  before/hand 1.04x  after/hand 1.05x
  fix/Order.stream: 1 round(s) redone after a gen1/gen2 collection
fix/Order.stream       hand      812.3 ns before     1060.7 ns after     1059.5 ns  before/hand 1.31x  after/hand 1.30x
fix/BinaryMany.text    hand     3600.9 ns before     3706.5 ns after     3805.2 ns  before/hand 1.03x  after/hand 1.06x
fix/Orders128.text     hand    78269.9 ns before    74022.4 ns after    75594.7 ns  before/hand 0.95x  after/hand 0.97x
  fix/slope-16.text: 1 round(s) redone after a gen1/gen2 collection
fix/slope-16.text      hand      882.3 ns before      785.8 ns after      793.3 ns  before/hand 0.89x  after/hand 0.90x
fix/slope-16.bytes     hand      911.0 ns before      879.2 ns after      895.2 ns  before/hand 0.97x  after/hand 0.98x
tsql/columns1000       hand  1704412.5 ns before   174850.0 ns after   173481.2 ns  before/hand 0.10x  after/hand 0.10x
fix/One.log-text       hand       84.5 ns before      175.3 ns after      170.4 ns  before/hand 2.08x  after/hand 2.02x
fix/One.log-bytes      hand       81.3 ns before      195.6 ns after      190.8 ns  before/hand 2.41x  after/hand 2.35x
fix/One.log-stream     hand       81.7 ns before      491.2 ns after      493.7 ns  before/hand 6.01x  after/hand 6.04x
  fix/Order.log-text: 1 round(s) redone after a gen1/gen2 collection
fix/Order.log-text     hand      714.6 ns before     1454.4 ns after     1312.3 ns  before/hand 2.04x  after/hand 1.84x
fix/Order.log-bytes    hand      710.4 ns before     1570.4 ns after     1481.4 ns  before/hand 2.21x  after/hand 2.09x
fix/Order.log-stream   hand      743.4 ns before     2391.8 ns after     2235.7 ns  before/hand 3.22x  after/hand 3.01x
  fix/Orders128.log-text: 1 round(s) redone after a gen1/gen2 collection
fix/Orders128.log-text hand    85295.6 ns before   167704.9 ns after   150110.5 ns  before/hand 1.97x  after/hand 1.76x
fix/Orders128.log-bytes hand    86178.4 ns before   184306.9 ns after   171299.9 ns  before/hand 2.14x  after/hand 1.99x
fix/Orders128.log-stream hand    85736.6 ns before   253367.1 ns after   232245.9 ns  before/hand 2.96x  after/hand 2.71x
  fix/slope-0.log-text: 1 round(s) redone after a gen1/gen2 collection
fix/slope-0.log-text   hand       22.1 ns before       65.7 ns after       70.0 ns  before/hand 2.97x  after/hand 3.17x
fix/slope-0.log-bytes  hand       21.7 ns before       73.4 ns after       75.4 ns  before/hand 3.38x  after/hand 3.47x
  fix/slope-0.log-stream: 1 round(s) redone after a gen1/gen2 collection
fix/slope-0.log-stream hand       21.6 ns before      222.3 ns after      229.5 ns  before/hand 10.27x  after/hand 10.60x
fix/slope-4.log-text   hand      248.4 ns before      509.2 ns after      471.8 ns  before/hand 2.05x  after/hand 1.90x
  fix/slope-4.log-bytes: 1 round(s) redone after a gen1/gen2 collection
fix/slope-4.log-bytes  hand      250.7 ns before      554.8 ns after      536.0 ns  before/hand 2.21x  after/hand 2.14x
fix/slope-4.log-stream hand      253.5 ns before     1004.0 ns after      980.4 ns  before/hand 3.96x  after/hand 3.87x
fix/slope-16.log-text  hand      946.3 ns before     1877.8 ns after     1774.7 ns  before/hand 1.98x  after/hand 1.88x
fix/slope-16.log-bytes hand      913.3 ns before     1962.2 ns after     1866.7 ns  before/hand 2.15x  after/hand 2.04x
  fix/slope-16.log-stream: 1 round(s) redone after a gen1/gen2 collection
fix/slope-16.log-stream hand      915.6 ns before     2797.8 ns after     2671.6 ns  before/hand 3.06x  after/hand 2.92x
el/ladder.bool         hand      938.6 ns before     1646.5 ns after     1669.1 ns  before/hand 1.75x  after/hand 1.78x
sql/select20.bool      hand     6644.6 ns before    17265.4 ns after    17611.8 ns  before/hand 2.60x  after/hand 2.65x
web/url.full           hand      150.2 ns before      268.6 ns after      288.8 ns  before/hand 1.79x  after/hand 1.92x
el/ladder              hand      946.7 ns before     1657.1 ns after     1677.2 ns before-immediate     1145.6 ns after-immediate     1133.9 ns  before/hand 1.75x  after/hand 1.77x  before-immediate/hand 1.21x  after-immediate/hand 1.20x
el/string              hand      294.2 ns before      967.5 ns after      948.4 ns before-immediate      728.3 ns after-immediate      666.7 ns  before/hand 3.29x  after/hand 3.22x  before-immediate/hand 2.48x  after-immediate/hand 2.27x
sql/column             hand      141.3 ns before      335.2 ns after      336.3 ns  before/hand 2.37x  after/hand 2.38x
sql/select20           hand     6802.8 ns before    17871.9 ns after    17894.3 ns  before/hand 2.63x  after/hand 2.63x

# Paired stand, 2026-09-19 20:44

IGOR-DESKTOP, pinned to 0-15, high priority, control 31.1 ns.

| row | reading | hand ns | before ns | before/hand | after ns | after/hand | change | before B | after B |
| --- | --- | ---: | ---: | ---: | ---: | ---: | ---: | ---: | ---: |
| fix/One.text | generated | 73.4 | 78.6 | 1.07x | 83.4 | 1.14x | +6.0% | 192 | 192 |
| fix/One.bytes | generated | 75.3 | 92.1 | 1.22x | 95.4 | 1.27x | +3.6% | 248 | 248 |
| fix/Order.text | generated | 653.7 | 649.1 | 0.99x | 645.5 | 0.99x | -0.6% | 1096 | 1096 |
| fix/Order.bytes | generated | 701.2 | 730.2 | 1.04x | 733.0 | 1.05x | +0.4% | 1152 | 1152 |
| fix/Order.stream | generated | 812.3 | 1060.7 | 1.31x | 1059.5 | 1.30x | -0.1% | 1712 | 1712 |
| fix/BinaryMany.text | generated | 3600.9 | 3706.5 | 1.03x | 3805.2 | 1.06x | +2.7% | 7256 | 7256 |
| fix/Orders128.text | generated | 78269.9 | 74022.4 | 0.95x | 75594.7 | 0.97x | +2.1% | 129112 | 129112 |
| fix/slope-16.text | generated | 882.3 | 785.8 | 0.89x | 793.3 | 0.90x | +1.0% | 1752 | 1752 |
| fix/slope-16.bytes | generated | 911.0 | 879.2 | 0.97x | 895.2 | 0.98x | +1.8% | 1808 | 1808 |
| tsql/columns1000 | generated | 1704412.5 | 174850.0 | 0.10x | 173481.2 | 0.10x | -0.8% | 200464 | 200464 |
| fix/One.log-text | generated | 84.5 | 175.3 | 2.08x | 170.4 | 2.02x | -2.8% | 192 | 192 |
| fix/One.log-bytes | generated | 81.3 | 195.6 | 2.41x | 190.8 | 2.35x | -2.5% | 248 | 248 |
| fix/One.log-stream | generated | 81.7 | 491.2 | 6.01x | 493.7 | 6.04x | +0.5% | 888 | 888 |
| fix/Order.log-text | generated | 714.6 | 1454.4 | 2.04x | 1312.3 | 1.84x | -9.8% | 1096 | 1096 |
| fix/Order.log-bytes | generated | 710.4 | 1570.4 | 2.21x | 1481.4 | 2.09x | -5.7% | 1152 | 1152 |
| fix/Order.log-stream | generated | 743.4 | 2391.8 | 3.22x | 2235.7 | 3.01x | -6.5% | 1712 | 1712 |
| fix/Orders128.log-text | generated | 85295.6 | 167704.9 | 1.97x | 150110.5 | 1.76x | -10.5% | 129112 | 129112 |
| fix/Orders128.log-bytes | generated | 86178.4 | 184306.9 | 2.14x | 171299.9 | 1.99x | -7.1% | 129168 | 129168 |
| fix/Orders128.log-stream | generated | 85736.6 | 253367.1 | 2.96x | 232245.9 | 2.71x | -8.3% | 118552 | 118552 |
| fix/slope-0.log-text | generated | 22.1 | 65.7 | 2.97x | 70.0 | 3.17x | +6.6% | 88 | 88 |
| fix/slope-0.log-bytes | generated | 21.7 | 73.4 | 3.38x | 75.4 | 3.47x | +2.8% | 144 | 144 |
| fix/slope-0.log-stream | generated | 21.6 | 222.3 | 10.27x | 229.5 | 10.60x | +3.2% | 792 | 792 |
| fix/slope-4.log-text | generated | 248.4 | 509.2 | 2.05x | 471.8 | 1.90x | -7.4% | 504 | 504 |
| fix/slope-4.log-bytes | generated | 250.7 | 554.8 | 2.21x | 536.0 | 2.14x | -3.4% | 560 | 560 |
| fix/slope-4.log-stream | generated | 253.5 | 1004.0 | 3.96x | 980.4 | 3.87x | -2.3% | 1176 | 1176 |
| fix/slope-16.log-text | generated | 946.3 | 1877.8 | 1.98x | 1774.7 | 1.88x | -5.5% | 1752 | 1752 |
| fix/slope-16.log-bytes | generated | 913.3 | 1962.2 | 2.15x | 1866.7 | 2.04x | -4.9% | 1808 | 1808 |
| fix/slope-16.log-stream | generated | 915.6 | 2797.8 | 3.06x | 2671.6 | 2.92x | -4.5% | 2328 | 2328 |
| el/ladder.bool | generated | 938.6 | 1646.5 | 1.75x | 1669.1 | 1.78x | +1.4% | 1776 | 1720 |
| sql/select20.bool | generated | 6644.6 | 17265.4 | 2.60x | 17611.8 | 2.65x | +2.0% | 21448 | 21392 |
| web/url.full | generated | 150.2 | 268.6 | 1.79x | 288.8 | 1.92x | +7.5% | 536 | 536 |
| el/ladder | generated | 946.7 | 1657.1 | 1.75x | 1677.2 | 1.77x | +1.2% | 1776 | 1776 |
| el/ladder | immediate | 946.7 | 1145.6 | 1.21x | 1133.9 | 1.20x | -1.0% | 1784 | 1784 |
| el/string | generated | 294.2 | 967.5 | 3.29x | 948.4 | 3.22x | -2.0% | 1056 | 1056 |
| el/string | immediate | 294.2 | 728.3 | 2.48x | 666.7 | 2.27x | -8.5% | 1032 | 1032 |
| sql/column | generated | 141.3 | 335.2 | 2.37x | 336.3 | 2.38x | +0.3% | 392 | 392 |
| sql/select20 | generated | 6802.8 | 17871.9 | 2.63x | 17894.3 | 2.63x | +0.1% | 21448 | 21448 |

Written to T:\TEMP\dotgram-stand\w61\pair\run-3
=== run 4 of 5, 20:44:15
35 rows, every reading agreeing. Timing 8 rounds.
fix/One.text           hand       74.7 ns before       80.9 ns after       83.9 ns  before/hand 1.08x  after/hand 1.12x
fix/One.bytes          hand       78.3 ns before       94.4 ns after       97.9 ns  before/hand 1.21x  after/hand 1.25x
fix/Order.text         hand      671.0 ns before      653.8 ns after      641.6 ns  before/hand 0.97x  after/hand 0.96x
fix/Order.bytes        hand      705.2 ns before      726.3 ns after      734.2 ns  before/hand 1.03x  after/hand 1.04x
  fix/Order.stream: 1 round(s) redone after a gen1/gen2 collection
fix/Order.stream       hand      825.5 ns before     1053.7 ns after     1047.8 ns  before/hand 1.28x  after/hand 1.27x
fix/BinaryMany.text    hand     3565.4 ns before     3677.5 ns after     3839.2 ns  before/hand 1.03x  after/hand 1.08x
fix/Orders128.text     hand    83193.9 ns before    78393.9 ns after    79123.5 ns  before/hand 0.94x  after/hand 0.95x
  fix/slope-16.text: 1 round(s) redone after a gen1/gen2 collection
fix/slope-16.text      hand      908.3 ns before      800.2 ns after      815.5 ns  before/hand 0.88x  after/hand 0.90x
fix/slope-16.bytes     hand      926.5 ns before      919.0 ns after      902.7 ns  before/hand 0.99x  after/hand 0.97x
tsql/columns1000       hand  1679725.0 ns before   165193.8 ns after   166793.8 ns  before/hand 0.10x  after/hand 0.10x
fix/One.log-text       hand       82.3 ns before      169.2 ns after      174.4 ns  before/hand 2.05x  after/hand 2.12x
fix/One.log-bytes      hand       81.9 ns before      188.1 ns after      190.7 ns  before/hand 2.30x  after/hand 2.33x
fix/One.log-stream     hand       81.9 ns before      488.5 ns after      477.9 ns  before/hand 5.96x  after/hand 5.83x
  fix/Order.log-text: 1 round(s) redone after a gen1/gen2 collection
fix/Order.log-text     hand      731.2 ns before     1450.9 ns after     1318.9 ns  before/hand 1.98x  after/hand 1.80x
fix/Order.log-bytes    hand      724.2 ns before     1588.7 ns after     1473.1 ns  before/hand 2.19x  after/hand 2.03x
fix/Order.log-stream   hand      729.0 ns before     2360.7 ns after     2301.2 ns  before/hand 3.24x  after/hand 3.16x
  fix/Orders128.log-text: 1 round(s) redone after a gen1/gen2 collection
fix/Orders128.log-text hand    85925.0 ns before   168083.6 ns after   152229.2 ns  before/hand 1.96x  after/hand 1.77x
fix/Orders128.log-bytes hand    86213.0 ns before   183191.6 ns after   173292.5 ns  before/hand 2.12x  after/hand 2.01x
fix/Orders128.log-stream hand    87836.7 ns before   254101.4 ns after   248187.6 ns  before/hand 2.89x  after/hand 2.83x
  fix/slope-0.log-text: 1 round(s) redone after a gen1/gen2 collection
fix/slope-0.log-text   hand       22.3 ns before       64.6 ns after       68.2 ns  before/hand 2.90x  after/hand 3.06x
fix/slope-0.log-bytes  hand       22.1 ns before       72.4 ns after       77.7 ns  before/hand 3.28x  after/hand 3.52x
  fix/slope-0.log-stream: 1 round(s) redone after a gen1/gen2 collection
fix/slope-0.log-stream hand       22.0 ns before      233.2 ns after      228.2 ns  before/hand 10.60x  after/hand 10.37x
fix/slope-4.log-text   hand      255.2 ns before      508.4 ns after      478.5 ns  before/hand 1.99x  after/hand 1.88x
  fix/slope-4.log-bytes: 1 round(s) redone after a gen1/gen2 collection
fix/slope-4.log-bytes  hand      254.5 ns before      536.1 ns after      525.3 ns  before/hand 2.11x  after/hand 2.06x
fix/slope-4.log-stream hand      256.8 ns before      982.1 ns after      966.4 ns  before/hand 3.82x  after/hand 3.76x
  fix/slope-16.log-text: 1 round(s) redone after a gen1/gen2 collection
fix/slope-16.log-text  hand      938.7 ns before     1830.3 ns after     1714.3 ns  before/hand 1.95x  after/hand 1.83x
fix/slope-16.log-bytes hand      951.4 ns before     1976.9 ns after     1886.9 ns  before/hand 2.08x  after/hand 1.98x
  fix/slope-16.log-stream: 1 round(s) redone after a gen1/gen2 collection
fix/slope-16.log-stream hand      958.6 ns before     2857.4 ns after     2823.2 ns  before/hand 2.98x  after/hand 2.95x
el/ladder.bool         hand      979.8 ns before     1658.3 ns after     1708.3 ns  before/hand 1.69x  after/hand 1.74x
sql/select20.bool      hand     6491.0 ns before    17701.0 ns after    17494.0 ns  before/hand 2.73x  after/hand 2.70x
  web/url.full: 1 round(s) redone after a gen1/gen2 collection
web/url.full           hand      151.7 ns before      274.1 ns after      263.1 ns  before/hand 1.81x  after/hand 1.73x
el/ladder              hand      994.3 ns before     1678.3 ns after     1745.0 ns before-immediate     1149.2 ns after-immediate     1167.4 ns  before/hand 1.69x  after/hand 1.75x  before-immediate/hand 1.16x  after-immediate/hand 1.17x
el/string              hand      309.2 ns before      922.7 ns after      967.1 ns before-immediate      662.0 ns after-immediate      660.5 ns  before/hand 2.98x  after/hand 3.13x  before-immediate/hand 2.14x  after-immediate/hand 2.14x
sql/column             hand      133.3 ns before      342.3 ns after      342.1 ns  before/hand 2.57x  after/hand 2.57x
  sql/select20: 1 round(s) redone after a gen1/gen2 collection
sql/select20           hand     6519.4 ns before    17696.1 ns after    17463.6 ns  before/hand 2.71x  after/hand 2.68x

# Paired stand, 2026-09-19 20:46

IGOR-DESKTOP, pinned to 0-15, high priority, control 31.1 ns.

| row | reading | hand ns | before ns | before/hand | after ns | after/hand | change | before B | after B |
| --- | --- | ---: | ---: | ---: | ---: | ---: | ---: | ---: | ---: |
| fix/One.text | generated | 74.7 | 80.9 | 1.08x | 83.9 | 1.12x | +3.7% | 192 | 192 |
| fix/One.bytes | generated | 78.3 | 94.4 | 1.21x | 97.9 | 1.25x | +3.7% | 248 | 248 |
| fix/Order.text | generated | 671.0 | 653.8 | 0.97x | 641.6 | 0.96x | -1.9% | 1096 | 1096 |
| fix/Order.bytes | generated | 705.2 | 726.3 | 1.03x | 734.2 | 1.04x | +1.1% | 1152 | 1152 |
| fix/Order.stream | generated | 825.5 | 1053.7 | 1.28x | 1047.8 | 1.27x | -0.6% | 1712 | 1712 |
| fix/BinaryMany.text | generated | 3565.4 | 3677.5 | 1.03x | 3839.2 | 1.08x | +4.4% | 7256 | 7256 |
| fix/Orders128.text | generated | 83193.9 | 78393.9 | 0.94x | 79123.5 | 0.95x | +0.9% | 129112 | 129112 |
| fix/slope-16.text | generated | 908.3 | 800.2 | 0.88x | 815.5 | 0.90x | +1.9% | 1752 | 1752 |
| fix/slope-16.bytes | generated | 926.5 | 919.0 | 0.99x | 902.7 | 0.97x | -1.8% | 1808 | 1808 |
| tsql/columns1000 | generated | 1679725.0 | 165193.8 | 0.10x | 166793.8 | 0.10x | +1.0% | 200464 | 200464 |
| fix/One.log-text | generated | 82.3 | 169.2 | 2.05x | 174.4 | 2.12x | +3.1% | 192 | 192 |
| fix/One.log-bytes | generated | 81.9 | 188.1 | 2.30x | 190.7 | 2.33x | +1.4% | 248 | 248 |
| fix/One.log-stream | generated | 81.9 | 488.5 | 5.96x | 477.9 | 5.83x | -2.2% | 888 | 888 |
| fix/Order.log-text | generated | 731.2 | 1450.9 | 1.98x | 1318.9 | 1.80x | -9.1% | 1096 | 1096 |
| fix/Order.log-bytes | generated | 724.2 | 1588.7 | 2.19x | 1473.1 | 2.03x | -7.3% | 1152 | 1152 |
| fix/Order.log-stream | generated | 729.0 | 2360.7 | 3.24x | 2301.2 | 3.16x | -2.5% | 1712 | 1712 |
| fix/Orders128.log-text | generated | 85925.0 | 168083.6 | 1.96x | 152229.2 | 1.77x | -9.4% | 129112 | 129112 |
| fix/Orders128.log-bytes | generated | 86213.0 | 183191.6 | 2.12x | 173292.5 | 2.01x | -5.4% | 129168 | 129168 |
| fix/Orders128.log-stream | generated | 87836.7 | 254101.4 | 2.89x | 248187.6 | 2.83x | -2.3% | 118552 | 118552 |
| fix/slope-0.log-text | generated | 22.3 | 64.6 | 2.90x | 68.2 | 3.06x | +5.5% | 88 | 88 |
| fix/slope-0.log-bytes | generated | 22.1 | 72.4 | 3.28x | 77.7 | 3.52x | +7.4% | 144 | 144 |
| fix/slope-0.log-stream | generated | 22.0 | 233.2 | 10.60x | 228.2 | 10.37x | -2.1% | 792 | 792 |
| fix/slope-4.log-text | generated | 255.2 | 508.4 | 1.99x | 478.5 | 1.88x | -5.9% | 504 | 504 |
| fix/slope-4.log-bytes | generated | 254.5 | 536.1 | 2.11x | 525.3 | 2.06x | -2.0% | 560 | 560 |
| fix/slope-4.log-stream | generated | 256.8 | 982.1 | 3.82x | 966.4 | 3.76x | -1.6% | 1176 | 1176 |
| fix/slope-16.log-text | generated | 938.7 | 1830.3 | 1.95x | 1714.3 | 1.83x | -6.3% | 1752 | 1752 |
| fix/slope-16.log-bytes | generated | 951.4 | 1976.9 | 2.08x | 1886.9 | 1.98x | -4.5% | 1808 | 1808 |
| fix/slope-16.log-stream | generated | 958.6 | 2857.4 | 2.98x | 2823.2 | 2.95x | -1.2% | 2328 | 2328 |
| el/ladder.bool | generated | 979.8 | 1658.3 | 1.69x | 1708.3 | 1.74x | +3.0% | 1776 | 1720 |
| sql/select20.bool | generated | 6491.0 | 17701.0 | 2.73x | 17494.0 | 2.70x | -1.2% | 21448 | 21392 |
| web/url.full | generated | 151.7 | 274.1 | 1.81x | 263.1 | 1.73x | -4.0% | 536 | 536 |
| el/ladder | generated | 994.3 | 1678.3 | 1.69x | 1745.0 | 1.75x | +4.0% | 1776 | 1776 |
| el/ladder | immediate | 994.3 | 1149.2 | 1.16x | 1167.4 | 1.17x | +1.6% | 1784 | 1784 |
| el/string | generated | 309.2 | 922.7 | 2.98x | 967.1 | 3.13x | +4.8% | 1056 | 1056 |
| el/string | immediate | 309.2 | 662.0 | 2.14x | 660.5 | 2.14x | -0.2% | 1032 | 1032 |
| sql/column | generated | 133.3 | 342.3 | 2.57x | 342.1 | 2.57x | 0.0% | 392 | 392 |
| sql/select20 | generated | 6519.4 | 17696.1 | 2.71x | 17463.6 | 2.68x | -1.3% | 21448 | 21448 |

Written to T:\TEMP\dotgram-stand\w61\pair\run-4
=== run 5 of 5, 20:46:29
35 rows, every reading agreeing. Timing 8 rounds.
fix/One.text           hand       75.6 ns before       78.6 ns after       80.2 ns  before/hand 1.04x  after/hand 1.06x
fix/One.bytes          hand       76.9 ns before       93.2 ns after       95.5 ns  before/hand 1.21x  after/hand 1.24x
fix/Order.text         hand      681.1 ns before      635.2 ns after      632.7 ns  before/hand 0.93x  after/hand 0.93x
fix/Order.bytes        hand      673.9 ns before      741.4 ns after      726.6 ns  before/hand 1.10x  after/hand 1.08x
  fix/Order.stream: 1 round(s) redone after a gen1/gen2 collection
fix/Order.stream       hand      796.4 ns before     1059.7 ns after     1074.0 ns  before/hand 1.33x  after/hand 1.35x
fix/BinaryMany.text    hand     3519.8 ns before     3650.6 ns after     3651.2 ns  before/hand 1.04x  after/hand 1.04x
fix/Orders128.text     hand    80849.5 ns before    73077.9 ns after    74660.3 ns  before/hand 0.90x  after/hand 0.92x
  fix/slope-16.text: 1 round(s) redone after a gen1/gen2 collection
fix/slope-16.text      hand      902.8 ns before      761.5 ns after      774.8 ns  before/hand 0.84x  after/hand 0.86x
fix/slope-16.bytes     hand      903.7 ns before      893.1 ns after      902.7 ns  before/hand 0.99x  after/hand 1.00x
tsql/columns1000       hand  1672668.8 ns before   167675.0 ns after   168781.2 ns  before/hand 0.10x  after/hand 0.10x
fix/One.log-text       hand       83.6 ns before      172.3 ns after      159.5 ns  before/hand 2.06x  after/hand 1.91x
  fix/One.log-bytes: 1 round(s) redone after a gen1/gen2 collection
fix/One.log-bytes      hand       83.7 ns before      196.9 ns after      213.7 ns  before/hand 2.35x  after/hand 2.55x
fix/One.log-stream     hand       83.4 ns before      489.8 ns after      485.7 ns  before/hand 5.87x  after/hand 5.82x
fix/Order.log-text     hand      745.3 ns before     1413.5 ns after     1283.7 ns  before/hand 1.90x  after/hand 1.72x
  fix/Order.log-bytes: 1 round(s) redone after a gen1/gen2 collection
fix/Order.log-bytes    hand      784.7 ns before     1639.2 ns after     1562.7 ns  before/hand 2.09x  after/hand 1.99x
fix/Order.log-stream   hand      761.2 ns before     2430.4 ns after     2343.1 ns  before/hand 3.19x  after/hand 3.08x
fix/Orders128.log-text hand    89661.1 ns before   168536.8 ns after   149872.9 ns  before/hand 1.88x  after/hand 1.67x
fix/Orders128.log-bytes hand    89979.0 ns before   188016.0 ns after   175269.8 ns  before/hand 2.09x  after/hand 1.95x
fix/Orders128.log-stream hand    89656.6 ns before   251289.6 ns after   239305.0 ns  before/hand 2.80x  after/hand 2.67x
  fix/slope-0.log-text: 1 round(s) redone after a gen1/gen2 collection
fix/slope-0.log-text   hand       22.3 ns before       67.1 ns after       68.0 ns  before/hand 3.01x  after/hand 3.05x
fix/slope-0.log-bytes  hand       22.1 ns before       71.5 ns after       73.9 ns  before/hand 3.23x  after/hand 3.34x
  fix/slope-0.log-stream: 1 round(s) redone after a gen1/gen2 collection
fix/slope-0.log-stream hand       22.1 ns before      232.7 ns after      223.1 ns  before/hand 10.51x  after/hand 10.08x
fix/slope-4.log-text   hand      265.7 ns before      510.5 ns after      469.0 ns  before/hand 1.92x  after/hand 1.76x
fix/slope-4.log-bytes  hand      261.0 ns before      568.7 ns after      555.5 ns  before/hand 2.18x  after/hand 2.13x
fix/slope-4.log-stream hand      265.1 ns before     1020.4 ns after      980.4 ns  before/hand 3.85x  after/hand 3.70x
  fix/slope-16.log-text: 1 round(s) redone after a gen1/gen2 collection
fix/slope-16.log-text  hand      955.3 ns before     1827.1 ns after     1680.6 ns  before/hand 1.91x  after/hand 1.76x
fix/slope-16.log-bytes hand      966.4 ns before     1998.6 ns after     1917.5 ns  before/hand 2.07x  after/hand 1.98x
fix/slope-16.log-stream hand      958.0 ns before     2871.1 ns after     2733.1 ns  before/hand 3.00x  after/hand 2.85x
el/ladder.bool         hand      973.7 ns before     1702.7 ns after     1721.3 ns  before/hand 1.75x  after/hand 1.77x
sql/select20.bool      hand     6732.3 ns before    17806.6 ns after    17877.5 ns  before/hand 2.64x  after/hand 2.66x
  web/url.full: 1 round(s) redone after a gen1/gen2 collection
web/url.full           hand      153.4 ns before      270.3 ns after      284.4 ns  before/hand 1.76x  after/hand 1.85x
el/ladder              hand      961.2 ns before     1738.6 ns after     1748.6 ns before-immediate     1166.9 ns after-immediate     1161.9 ns  before/hand 1.81x  after/hand 1.82x  before-immediate/hand 1.21x  after-immediate/hand 1.21x
  el/string: 1 round(s) redone after a gen1/gen2 collection
el/string              hand      308.0 ns before      957.9 ns after      941.6 ns before-immediate      651.0 ns after-immediate      666.6 ns  before/hand 3.11x  after/hand 3.06x  before-immediate/hand 2.11x  after-immediate/hand 2.16x
sql/column             hand      136.4 ns before      349.0 ns after      351.3 ns  before/hand 2.56x  after/hand 2.58x
  sql/select20: 1 round(s) redone after a gen1/gen2 collection
sql/select20           hand     6671.0 ns before    17599.2 ns after    17540.5 ns  before/hand 2.64x  after/hand 2.63x

# Paired stand, 2026-09-19 20:48

IGOR-DESKTOP, pinned to 0-15, high priority, control 31.3 ns.

| row | reading | hand ns | before ns | before/hand | after ns | after/hand | change | before B | after B |
| --- | --- | ---: | ---: | ---: | ---: | ---: | ---: | ---: | ---: |
| fix/One.text | generated | 75.6 | 78.6 | 1.04x | 80.2 | 1.06x | +2.1% | 192 | 192 |
| fix/One.bytes | generated | 76.9 | 93.2 | 1.21x | 95.5 | 1.24x | +2.4% | 248 | 248 |
| fix/Order.text | generated | 681.1 | 635.2 | 0.93x | 632.7 | 0.93x | -0.4% | 1096 | 1096 |
| fix/Order.bytes | generated | 673.9 | 741.4 | 1.10x | 726.6 | 1.08x | -2.0% | 1152 | 1152 |
| fix/Order.stream | generated | 796.4 | 1059.7 | 1.33x | 1074.0 | 1.35x | +1.4% | 1712 | 1712 |
| fix/BinaryMany.text | generated | 3519.8 | 3650.6 | 1.04x | 3651.2 | 1.04x | 0.0% | 7256 | 7256 |
| fix/Orders128.text | generated | 80849.5 | 73077.9 | 0.90x | 74660.3 | 0.92x | +2.2% | 129112 | 129112 |
| fix/slope-16.text | generated | 902.8 | 761.5 | 0.84x | 774.8 | 0.86x | +1.7% | 1752 | 1752 |
| fix/slope-16.bytes | generated | 903.7 | 893.1 | 0.99x | 902.7 | 1.00x | +1.1% | 1808 | 1808 |
| tsql/columns1000 | generated | 1672668.8 | 167675.0 | 0.10x | 168781.2 | 0.10x | +0.7% | 200464 | 200464 |
| fix/One.log-text | generated | 83.6 | 172.3 | 2.06x | 159.5 | 1.91x | -7.4% | 192 | 192 |
| fix/One.log-bytes | generated | 83.7 | 196.9 | 2.35x | 213.7 | 2.55x | +8.5% | 248 | 248 |
| fix/One.log-stream | generated | 83.4 | 489.8 | 5.87x | 485.7 | 5.82x | -0.8% | 888 | 888 |
| fix/Order.log-text | generated | 745.3 | 1413.5 | 1.90x | 1283.7 | 1.72x | -9.2% | 1096 | 1096 |
| fix/Order.log-bytes | generated | 784.7 | 1639.2 | 2.09x | 1562.7 | 1.99x | -4.7% | 1152 | 1152 |
| fix/Order.log-stream | generated | 761.2 | 2430.4 | 3.19x | 2343.1 | 3.08x | -3.6% | 1712 | 1712 |
| fix/Orders128.log-text | generated | 89661.1 | 168536.8 | 1.88x | 149872.9 | 1.67x | -11.1% | 129112 | 129112 |
| fix/Orders128.log-bytes | generated | 89979.0 | 188016.0 | 2.09x | 175269.8 | 1.95x | -6.8% | 129168 | 129168 |
| fix/Orders128.log-stream | generated | 89656.6 | 251289.6 | 2.80x | 239305.0 | 2.67x | -4.8% | 118552 | 118552 |
| fix/slope-0.log-text | generated | 22.3 | 67.1 | 3.01x | 68.0 | 3.05x | +1.4% | 88 | 88 |
| fix/slope-0.log-bytes | generated | 22.1 | 71.5 | 3.23x | 73.9 | 3.34x | +3.4% | 144 | 144 |
| fix/slope-0.log-stream | generated | 22.1 | 232.7 | 10.51x | 223.1 | 10.08x | -4.1% | 792 | 792 |
| fix/slope-4.log-text | generated | 265.7 | 510.5 | 1.92x | 469.0 | 1.76x | -8.1% | 504 | 504 |
| fix/slope-4.log-bytes | generated | 261.0 | 568.7 | 2.18x | 555.5 | 2.13x | -2.3% | 560 | 560 |
| fix/slope-4.log-stream | generated | 265.1 | 1020.4 | 3.85x | 980.4 | 3.70x | -3.9% | 1176 | 1176 |
| fix/slope-16.log-text | generated | 955.3 | 1827.1 | 1.91x | 1680.6 | 1.76x | -8.0% | 1752 | 1752 |
| fix/slope-16.log-bytes | generated | 966.4 | 1998.6 | 2.07x | 1917.5 | 1.98x | -4.1% | 1808 | 1808 |
| fix/slope-16.log-stream | generated | 958.0 | 2871.1 | 3.00x | 2733.1 | 2.85x | -4.8% | 2328 | 2328 |
| el/ladder.bool | generated | 973.7 | 1702.7 | 1.75x | 1721.3 | 1.77x | +1.1% | 1776 | 1720 |
| sql/select20.bool | generated | 6732.3 | 17806.6 | 2.64x | 17877.5 | 2.66x | +0.4% | 21448 | 21392 |
| web/url.full | generated | 153.4 | 270.3 | 1.76x | 284.4 | 1.85x | +5.2% | 536 | 536 |
| el/ladder | generated | 961.2 | 1738.6 | 1.81x | 1748.6 | 1.82x | +0.6% | 1776 | 1776 |
| el/ladder | immediate | 961.2 | 1166.9 | 1.21x | 1161.9 | 1.21x | -0.4% | 1784 | 1784 |
| el/string | generated | 308.0 | 957.9 | 3.11x | 941.6 | 3.06x | -1.7% | 1056 | 1056 |
| el/string | immediate | 308.0 | 651.0 | 2.11x | 666.6 | 2.16x | +2.4% | 1032 | 1032 |
| sql/column | generated | 136.4 | 349.0 | 2.56x | 351.3 | 2.58x | +0.7% | 392 | 392 |
| sql/select20 | generated | 6671.0 | 17599.2 | 2.64x | 17540.5 | 2.63x | -0.3% | 21448 | 21448 |

Written to T:\TEMP\dotgram-stand\w61\pair\run-5

Median of 5 of 5 runs, each in a process of its own; control 31.1 ns (the runs' controls: 31.2, 31.1, 31.1, 31.1, 31.3).
No run was dropped.
The spread column is the spread of the base reading between runs, not between rounds.

# Paired stand, 2026-09-19 20:48

IGOR-DESKTOP, pinned to 0-15, high priority, control 31.1 ns.

| row | reading | hand ns | before ns | before/hand | after ns | after/hand | change | before B | after B |
| --- | --- | ---: | ---: | ---: | ---: | ---: | ---: | ---: | ---: |
| fix/One.text | generated | 74.9 | 78.6 | 1.05x | 83.4 | 1.11x | +6.0% | 192 | 192 |
| fix/One.bytes | generated | 76.9 | 93.6 | 1.22x | 95.6 | 1.24x | +2.2% | 248 | 248 |
| fix/Order.text | generated | 671.0 | 649.1 | 0.97x | 641.6 | 0.96x | -1.2% | 1096 | 1096 |
| fix/Order.bytes | generated | 694.7 | 730.2 | 1.05x | 734.2 | 1.06x | +0.6% | 1152 | 1152 |
| fix/Order.stream | generated | 805.3 | 1060.7 | 1.32x | 1062.9 | 1.32x | +0.2% | 1712 | 1712 |
| fix/BinaryMany.text | generated | 3576.6 | 3677.5 | 1.03x | 3747.9 | 1.05x | +1.9% | 7256 | 7256 |
| fix/Orders128.text | generated | 80849.5 | 74437.6 | 0.92x | 75594.7 | 0.94x | +1.6% | 129112 | 129112 |
| fix/slope-16.text | generated | 902.8 | 785.8 | 0.87x | 788.3 | 0.87x | +0.3% | 1752 | 1752 |
| fix/slope-16.bytes | generated | 911.0 | 893.1 | 0.98x | 902.7 | 0.99x | +1.1% | 1808 | 1808 |
| tsql/columns1000 | generated | 1679725.0 | 167675.0 | 0.10x | 168781.2 | 0.10x | +0.7% | 200464 | 200464 |
| fix/One.log-text | generated | 83.6 | 172.3 | 2.06x | 172.1 | 2.06x | -0.1% | 192 | 192 |
| fix/One.log-bytes | generated | 81.9 | 196.9 | 2.40x | 193.4 | 2.36x | -1.8% | 248 | 248 |
| fix/One.log-stream | generated | 81.9 | 491.2 | 6.00x | 485.7 | 5.93x | -1.1% | 888 | 888 |
| fix/Order.log-text | generated | 731.2 | 1439.6 | 1.97x | 1287.5 | 1.76x | -10.6% | 1096 | 1096 |
| fix/Order.log-bytes | generated | 724.2 | 1588.7 | 2.19x | 1481.7 | 2.05x | -6.7% | 1152 | 1152 |
| fix/Order.log-stream | generated | 738.0 | 2391.8 | 3.24x | 2235.7 | 3.03x | -6.5% | 1712 | 1712 |
| fix/Orders128.log-text | generated | 85925.0 | 167704.9 | 1.95x | 149872.9 | 1.74x | -10.6% | 129112 | 129112 |
| fix/Orders128.log-bytes | generated | 86213.0 | 184306.9 | 2.14x | 173292.5 | 2.01x | -6.0% | 129168 | 129168 |
| fix/Orders128.log-stream | generated | 87836.7 | 253367.1 | 2.88x | 237490.5 | 2.70x | -6.3% | 118552 | 118552 |
| fix/slope-0.log-text | generated | 22.3 | 65.7 | 2.95x | 68.2 | 3.06x | +3.7% | 88 | 88 |
| fix/slope-0.log-bytes | generated | 22.1 | 71.5 | 3.23x | 74.7 | 3.38x | +4.6% | 144 | 144 |
| fix/slope-0.log-stream | generated | 22.0 | 233.2 | 10.60x | 229.5 | 10.43x | -1.6% | 792 | 792 |
| fix/slope-4.log-text | generated | 255.2 | 508.9 | 1.99x | 471.8 | 1.85x | -7.3% | 504 | 504 |
| fix/slope-4.log-bytes | generated | 254.5 | 554.5 | 2.18x | 536.0 | 2.11x | -3.3% | 560 | 560 |
| fix/slope-4.log-stream | generated | 256.8 | 1004.0 | 3.91x | 966.4 | 3.76x | -3.7% | 1176 | 1176 |
| fix/slope-16.log-text | generated | 946.3 | 1827.1 | 1.93x | 1680.6 | 1.78x | -8.0% | 1752 | 1752 |
| fix/slope-16.log-bytes | generated | 942.8 | 1968.2 | 2.09x | 1867.9 | 1.98x | -5.1% | 1808 | 1808 |
| fix/slope-16.log-stream | generated | 958.0 | 2857.4 | 2.98x | 2733.1 | 2.85x | -4.4% | 2328 | 2328 |
| el/ladder.bool | generated | 966.9 | 1688.8 | 1.75x | 1691.2 | 1.75x | +0.1% | 1776 | 1720 |
| sql/select20.bool | generated | 6644.6 | 17712.9 | 2.67x | 17611.8 | 2.65x | -0.6% | 21448 | 21392 |
| web/url.full | generated | 152.7 | 274.1 | 1.80x | 288.5 | 1.89x | +5.2% | 536 | 536 |
| el/ladder | generated | 956.8 | 1683.6 | 1.76x | 1716.1 | 1.79x | +1.9% | 1776 | 1776 |
| el/ladder | immediate | 956.8 | 1145.6 | 1.20x | 1133.9 | 1.18x | -1.0% | 1784 | 1784 |
| el/string | generated | 294.8 | 957.9 | 3.25x | 948.4 | 3.22x | -1.0% | 1056 | 1056 |
| el/string | immediate | 294.8 | 662.0 | 2.25x | 666.7 | 2.26x | +0.7% | 1032 | 1032 |
| sql/column | generated | 136.0 | 342.3 | 2.52x | 341.8 | 2.51x | -0.1% | 392 | 392 |
| sql/select20 | generated | 6636.5 | 17696.1 | 2.67x | 17475.4 | 2.63x | -1.2% | 21448 | 21448 |

Written to T:\TEMP\dotgram-stand\w61\pair
