=== run 1 of 5, 02:20:53
49 rows, every reading agreeing. Timing 8 rounds.
  tsql/script100.bool: 1 round(s) redone after a gen1/gen2 collection
tsql/script100.bool    scriptdom  1462593.8 ns before   129259.4 ns after   123243.8 ns  before/scriptdom 0.09x  after/scriptdom 0.08x
  tsql/script100.boolboth: 8 round(s) redone after a gen1/gen2 collection
tsql/script100.boolboth scriptdom   669116.4 ns before   123307.8 ns after   125865.6 ns  before/scriptdom 0.18x  after/scriptdom 0.19x
  tsql/script100: 4 round(s) redone after a gen1/gen2 collection
tsql/script100         scriptdom   673596.1 ns before   123681.2 ns after   128082.0 ns  before/scriptdom 0.18x  after/scriptdom 0.19x
  tsql/script400.bool: 6 round(s) redone after a gen1/gen2 collection
tsql/script400.bool    scriptdom  2686643.8 ns before   503387.5 ns after   486693.8 ns  before/scriptdom 0.19x  after/scriptdom 0.18x
  tsql/script400.boolboth: 6 round(s) redone after a gen1/gen2 collection
tsql/script400.boolboth scriptdom  2673734.4 ns before   497128.1 ns after   491178.1 ns  before/scriptdom 0.19x  after/scriptdom 0.18x
  tsql/script400: 6 round(s) redone after a gen1/gen2 collection
tsql/script400         scriptdom  2679837.5 ns before   495996.9 ns after   522028.1 ns  before/scriptdom 0.19x  after/scriptdom 0.19x
  tsql/columns1000: 4 round(s) redone after a gen1/gen2 collection
tsql/columns1000       scriptdom  1741462.5 ns before   190393.8 ns after   190423.4 ns  before/scriptdom 0.11x  after/scriptdom 0.11x
  tsql/conditions1000: 22 round(s) redone after a gen1/gen2 collection
tsql/conditions1000    scriptdom   898355.5 ns before   339446.1 ns after   337791.4 ns  before/scriptdom 0.38x  after/scriptdom 0.38x
  tsql/rows1000: 10 round(s) redone after a gen1/gen2 collection
tsql/rows1000          scriptdom   612710.9 ns before   254036.7 ns after   262268.8 ns  before/scriptdom 0.41x  after/scriptdom 0.43x
sql/select20.at        hand     7545.1 ns before    18065.1 ns after    17746.2 ns  before/hand 2.39x  after/hand 2.35x
  sql/select20.window: 1 round(s) redone after a gen1/gen2 collection
sql/select20.window    hand     7362.6 ns before    18317.8 ns after    18536.2 ns  before/hand 2.49x  after/hand 2.52x
  tsql/insert-values.at: 1 round(s) redone after a gen1/gen2 collection
tsql/insert-values.at  scriptdom     8241.6 ns before     1193.8 ns after     1220.9 ns  before/scriptdom 0.14x  after/scriptdom 0.15x
sql/select20.scan      control      386.6 ns before      385.0 ns after      386.5 ns  before/control 1.00x  after/control 1.00x
sql/conditions100.scan control     3544.6 ns before     3551.6 ns after     3576.3 ns  before/control 1.00x  after/control 1.01x
tsql/select20.scan     control      381.1 ns before      381.8 ns after      395.8 ns  before/control 1.00x  after/control 1.04x
el/ladder.scan         control      143.3 ns before      139.9 ns after      140.7 ns  before/control 0.98x  after/control 0.98x
el/refused-early.bool  hand      344.5 ns before     1102.8 ns after      554.3 ns  before/hand 3.20x  after/hand 1.61x
el/refused-late.bool   hand     1199.5 ns before     1770.6 ns after      920.5 ns  before/hand 1.48x  after/hand 0.77x
  el/ladder.bool: 1 round(s) redone after a gen1/gen2 collection
el/ladder.bool         hand     1020.4 ns before     1822.6 ns after     1731.2 ns  before/hand 1.79x  after/hand 1.70x
sql/refused-late.bool  hand     2683.1 ns before    12532.5 ns after     6011.5 ns  before/hand 4.67x  after/hand 2.24x
sql/select20.bool      hand     7266.7 ns before    18232.9 ns after    18190.5 ns  before/hand 2.51x  after/hand 2.50x
el/floor               hand      320.3 ns before      820.7 ns after      804.6 ns before-immediate      488.0 ns after-immediate      476.9 ns  before/hand 2.56x  after/hand 2.51x  before-immediate/hand 1.52x  after-immediate/hand 1.49x
  el/ladder: 1 round(s) redone after a gen1/gen2 collection
el/ladder              hand     1026.5 ns before     1804.0 ns after     1774.5 ns before-immediate     1173.3 ns after-immediate     1178.6 ns  before/hand 1.76x  after/hand 1.73x  before-immediate/hand 1.14x  after-immediate/hand 1.15x
el/nest7               hand      659.5 ns before     1783.8 ns after     1704.9 ns before-immediate     1064.0 ns after-immediate     1065.9 ns  before/hand 2.70x  after/hand 2.59x  before-immediate/hand 1.61x  after-immediate/hand 1.62x
  el/block: 1 round(s) redone after a gen1/gen2 collection
el/block               hand     1067.6 ns before     1895.5 ns after     1826.3 ns before-immediate     1163.7 ns after-immediate     1167.6 ns  before/hand 1.78x  after/hand 1.71x  before-immediate/hand 1.09x  after-immediate/hand 1.09x
el/try                 hand     3259.3 ns before     4744.8 ns after     4715.8 ns before-immediate     3311.5 ns after-immediate     3287.8 ns  before/hand 1.46x  after/hand 1.45x  before-immediate/hand 1.02x  after-immediate/hand 1.01x
  el/loop: 2 round(s) redone after a gen1/gen2 collection
el/loop                hand     2241.3 ns before     3801.4 ns after     3809.7 ns before-immediate     2591.9 ns after-immediate     2528.1 ns  before/hand 1.70x  after/hand 1.70x  before-immediate/hand 1.16x  after-immediate/hand 1.13x
el/terms100            hand    11422.9 ns before    16443.9 ns after    16338.9 ns before-immediate    12731.1 ns after-immediate    12725.0 ns  before/hand 1.44x  after/hand 1.43x  before-immediate/hand 1.11x  after-immediate/hand 1.11x
  el/terms1000: 3 round(s) redone after a gen1/gen2 collection
el/terms1000           hand   110699.5 ns before   155281.1 ns after   152832.0 ns before-immediate   123837.9 ns after-immediate   123102.2 ns  before/hand 1.40x  after/hand 1.38x  before-immediate/hand 1.12x  after-immediate/hand 1.11x
el/overloads           hand     1860.5 ns before     2628.9 ns after     2611.8 ns before-immediate     2044.8 ns after-immediate     2083.3 ns  before/hand 1.41x  after/hand 1.40x  before-immediate/hand 1.10x  after-immediate/hand 1.12x
  el/string: 1 round(s) redone after a gen1/gen2 collection
el/string              hand      288.7 ns before     1008.6 ns after      952.4 ns before-immediate      676.7 ns after-immediate      672.6 ns  before/hand 3.49x  after/hand 3.30x  before-immediate/hand 2.34x  after-immediate/hand 2.33x
  el/interpolation: 2 round(s) redone after a gen1/gen2 collection
el/interpolation       hand     2033.2 ns before     4886.0 ns after     5006.5 ns before-immediate     4804.5 ns after-immediate     4343.8 ns  before/hand 2.40x  after/hand 2.46x  before-immediate/hand 2.36x  after-immediate/hand 2.14x
el/untyped             hand    18020.6 ns before    20694.3 ns after    19532.0 ns  before/hand 1.15x  after/hand 1.08x
  el/refused-early: 1 round(s) redone after a gen1/gen2 collection
el/refused-early       hand      493.3 ns before     1278.9 ns after     1375.7 ns before-immediate     1285.6 ns after-immediate     1263.6 ns  before/hand 2.59x  after/hand 2.79x  before-immediate/hand 2.61x  after-immediate/hand 2.56x
  el/refused-late: 1 round(s) redone after a gen1/gen2 collection
el/refused-late        hand     1502.5 ns before     2022.1 ns after     1878.9 ns before-immediate     3406.7 ns after-immediate     3211.0 ns  before/hand 1.35x  after/hand 1.25x  before-immediate/hand 2.27x  after-immediate/hand 2.14x
sql/literal            hand       69.7 ns before      157.1 ns after      157.5 ns  before/hand 2.25x  after/hand 2.26x
sql/comment            hand     2969.3 ns before     5308.3 ns after     5533.9 ns  before/hand 1.79x  after/hand 1.86x
sql/conditions100      hand    73282.2 ns before   146814.7 ns after   137242.5 ns  before/hand 2.00x  after/hand 1.87x
  sql/conditions1000: 1 round(s) redone after a gen1/gen2 collection
sql/conditions1000     hand   784267.2 ns before  1450085.2 ns after  1418513.3 ns  before/hand 1.85x  after/hand 1.81x
tsql/comment           scriptdom    27230.8 ns before     1588.0 ns after     1607.8 ns  before/scriptdom 0.06x  after/scriptdom 0.06x
sql/column             hand      209.7 ns before      403.0 ns after      419.4 ns  before/hand 1.92x  after/hand 2.00x
sql/arithmetic         hand     2316.0 ns before     4806.5 ns after     4706.9 ns  before/hand 2.08x  after/hand 2.03x
  sql/nest8: 1 round(s) redone after a gen1/gen2 collection
sql/nest8              hand     3563.2 ns before    12598.7 ns after    12257.2 ns  before/hand 3.54x  after/hand 3.44x
sql/condition          hand     2578.5 ns before     4941.8 ns after     5009.0 ns  before/hand 1.92x  after/hand 1.94x
sql/select1            hand      872.9 ns before     1718.5 ns after     1721.9 ns  before/hand 1.97x  after/hand 1.97x
  sql/select20: 1 round(s) redone after a gen1/gen2 collection
sql/select20           hand    10388.4 ns before    21629.1 ns after    21276.6 ns  before/hand 2.08x  after/hand 2.05x
sql/values             hand      747.5 ns before     2042.1 ns after     2021.8 ns  before/hand 2.73x  after/hand 2.70x
sql/create             hand     1018.7 ns before     2895.2 ns after     2891.6 ns  before/hand 2.84x  after/hand 2.84x
  sql/refused-late: 1 round(s) redone after a gen1/gen2 collection
sql/refused-late       hand     4122.4 ns before    14946.1 ns after    14153.2 ns  before/hand 3.63x  after/hand 3.43x

# Paired stand, 2026-09-20 02:24

IGOR-DESKTOP, pinned to 0-15, high priority, control 31.2 ns.

The base of a row is what every ratio is over, and its name says what it is: `hand` is a hand-written parser (`DotGram.Handwritten`), `scriptdom` is Microsoft's parser, and `control` is this process's own build of the same generated parser, held constant so that the two sides are compared and nothing is claimed against a hand-written one.

| row | reading | base | base ns | before ns | before/base | after ns | after/base | change | before B | after B |
| --- | --- | --- | ---: | ---: | ---: | ---: | ---: | ---: | ---: | ---: |
| tsql/script100.bool | generated | scriptdom | 1462593.8 | 129259.4 | 0.09x | 123243.8 | 0.08x | -4.7% | 113600 | 105600 |
| tsql/script100.boolboth | generated | scriptdom | 669116.4 | 123307.8 | 0.18x | 125865.6 | 0.19x | +2.1% | 105600 | 105600 |
| tsql/script100 | generated | scriptdom | 673596.1 | 123681.2 | 0.18x | 128082.0 | 0.19x | +3.6% | 113600 | 113600 |
| tsql/script400.bool | generated | scriptdom | 2686643.8 | 503387.5 | 0.19x | 486693.8 | 0.18x | -3.3% | 454400 | 422403 |
| tsql/script400.boolboth | generated | scriptdom | 2673734.4 | 497128.1 | 0.19x | 491178.1 | 0.18x | -1.2% | 422403 | 422400 |
| tsql/script400 | generated | scriptdom | 2679837.5 | 495996.9 | 0.19x | 522028.1 | 0.19x | +5.2% | 454400 | 454400 |
| tsql/columns1000 | generated | scriptdom | 1741462.5 | 190393.8 | 0.11x | 190423.4 | 0.11x | 0.0% | 200464 | 200464 |
| tsql/conditions1000 | generated | scriptdom | 898355.5 | 339446.1 | 0.38x | 337791.4 | 0.38x | -0.5% | 424424 | 424424 |
| tsql/rows1000 | generated | scriptdom | 612710.9 | 254036.7 | 0.41x | 262268.8 | 0.43x | +3.2% | 296472 | 296472 |
| sql/select20.at | generated | hand | 7545.1 | 18065.1 | 2.39x | 17746.2 | 2.35x | -1.8% | 21416 | 21416 |
| sql/select20.window | generated | hand | 7362.6 | 18317.8 | 2.49x | 18536.2 | 2.52x | +1.2% | 21416 | 21416 |
| tsql/insert-values.at | generated | scriptdom | 8241.6 | 1193.8 | 0.14x | 1220.9 | 0.15x | +2.3% | 1328 | 1328 |
| sql/select20.scan | generated | control | 386.6 | 385.0 | 1.00x | 386.5 | 1.00x | +0.4% | 0 | 0 |
| sql/conditions100.scan | generated | control | 3544.6 | 3551.6 | 1.00x | 3576.3 | 1.01x | +0.7% | 0 | 0 |
| tsql/select20.scan | generated | control | 381.1 | 381.8 | 1.00x | 395.8 | 1.04x | +3.7% | 0 | 0 |
| el/ladder.scan | generated | control | 143.3 | 139.9 | 0.98x | 140.7 | 0.98x | +0.6% | 0 | 0 |
| el/refused-early.bool | generated | hand | 344.5 | 1102.8 | 3.20x | 554.3 | 1.61x | -49.7% | 1064 | 624 |
| el/refused-late.bool | generated | hand | 1199.5 | 1770.6 | 1.48x | 920.5 | 0.77x | -48.0% | 1064 | 624 |
| el/ladder.bool | generated | hand | 1020.4 | 1822.6 | 1.79x | 1731.2 | 1.70x | -5.0% | 1776 | 1720 |
| sql/refused-late.bool | generated | hand | 2683.1 | 12532.5 | 4.67x | 6011.5 | 2.24x | -52.0% | 13552 | 6616 |
| sql/select20.bool | generated | hand | 7266.7 | 18232.9 | 2.51x | 18190.5 | 2.50x | -0.2% | 21448 | 21392 |
| el/floor | generated | hand | 320.3 | 820.7 | 2.56x | 804.6 | 2.51x | -2.0% | 1104 | 1104 |
| el/floor | immediate | hand | 320.3 | 488.0 | 1.52x | 476.9 | 1.49x | -2.3% | 1120 | 1120 |
| el/ladder | generated | hand | 1026.5 | 1804.0 | 1.76x | 1774.5 | 1.73x | -1.6% | 1776 | 1776 |
| el/ladder | immediate | hand | 1026.5 | 1173.3 | 1.14x | 1178.6 | 1.15x | +0.4% | 1784 | 1784 |
| el/nest7 | generated | hand | 659.5 | 1783.8 | 2.70x | 1704.9 | 2.59x | -4.4% | 1152 | 1152 |
| el/nest7 | immediate | hand | 659.5 | 1064.0 | 1.61x | 1065.9 | 1.62x | +0.2% | 1120 | 1120 |
| el/block | generated | hand | 1067.6 | 1895.5 | 1.78x | 1826.3 | 1.71x | -3.7% | 2344 | 2344 |
| el/block | immediate | hand | 1067.6 | 1163.7 | 1.09x | 1167.6 | 1.09x | +0.3% | 2440 | 2440 |
| el/try | generated | hand | 3259.3 | 4744.8 | 1.46x | 4715.8 | 1.45x | -0.6% | 4456 | 4456 |
| el/try | immediate | hand | 3259.3 | 3311.5 | 1.02x | 3287.8 | 1.01x | -0.7% | 4152 | 4152 |
| el/loop | generated | hand | 2241.3 | 3801.4 | 1.70x | 3809.7 | 1.70x | +0.2% | 4801 | 4801 |
| el/loop | immediate | hand | 2241.3 | 2591.9 | 1.16x | 2528.1 | 1.13x | -2.5% | 4880 | 4880 |
| el/terms100 | generated | hand | 11422.9 | 16443.9 | 1.44x | 16338.9 | 1.43x | -0.6% | 17904 | 17904 |
| el/terms100 | immediate | hand | 11422.9 | 12731.1 | 1.11x | 12725.0 | 1.11x | 0.0% | 18720 | 18720 |
| el/terms1000 | generated | hand | 110699.5 | 155281.1 | 1.40x | 152832.0 | 1.38x | -1.6% | 169104 | 169104 |
| el/terms1000 | immediate | hand | 110699.5 | 123837.9 | 1.12x | 123102.2 | 1.11x | -0.6% | 177120 | 177120 |
| el/overloads | generated | hand | 1860.5 | 2628.9 | 1.41x | 2611.8 | 1.40x | -0.7% | 4248 | 4248 |
| el/overloads | immediate | hand | 1860.5 | 2044.8 | 1.10x | 2083.3 | 1.12x | +1.9% | 4200 | 4200 |
| el/string | generated | hand | 288.7 | 1008.6 | 3.49x | 952.4 | 3.30x | -5.6% | 1056 | 1056 |
| el/string | immediate | hand | 288.7 | 676.7 | 2.34x | 672.6 | 2.33x | -0.6% | 1032 | 1032 |
| el/interpolation | generated | hand | 2033.2 | 4886.0 | 2.40x | 5006.5 | 2.46x | +2.5% | 2368 | 2368 |
| el/interpolation | immediate | hand | 2033.2 | 4804.5 | 2.36x | 4343.8 | 2.14x | -9.6% | 2424 | 2424 |
| el/untyped | generated | hand | 18020.6 | 20694.3 | 1.15x | 19532.0 | 1.08x | -5.6% | 16424 | 16424 |
| el/refused-early | generated | hand | 493.3 | 1278.9 | 2.59x | 1375.7 | 2.79x | +7.6% | 1064 | 1064 |
| el/refused-early | immediate | hand | 493.3 | 1285.6 | 2.61x | 1263.6 | 2.56x | -1.7% | 1944 | 1944 |
| el/refused-late | generated | hand | 1502.5 | 2022.1 | 1.35x | 1878.9 | 1.25x | -7.1% | 1064 | 1064 |
| el/refused-late | immediate | hand | 1502.5 | 3406.7 | 2.27x | 3211.0 | 2.14x | -5.7% | 3928 | 3928 |
| sql/literal | generated | hand | 69.7 | 157.1 | 2.25x | 157.5 | 2.26x | +0.3% | 160 | 160 |
| sql/comment | generated | hand | 2969.3 | 5308.3 | 1.79x | 5533.9 | 1.86x | +4.3% | 5136 | 5136 |
| sql/conditions100 | generated | hand | 73282.2 | 146814.7 | 2.00x | 137242.5 | 1.87x | -6.5% | 161736 | 161736 |
| sql/conditions1000 | generated | hand | 784267.2 | 1450085.2 | 1.85x | 1418513.3 | 1.81x | -2.2% | 1616136 | 1616160 |
| tsql/comment | generated | scriptdom | 27230.8 | 1588.0 | 0.06x | 1607.8 | 0.06x | +1.2% | 1192 | 1192 |
| sql/column | generated | hand | 209.7 | 403.0 | 1.92x | 419.4 | 2.00x | +4.1% | 392 | 416 |
| sql/arithmetic | generated | hand | 2316.0 | 4806.5 | 2.08x | 4706.9 | 2.03x | -2.1% | 3472 | 3472 |
| sql/nest8 | generated | hand | 3563.2 | 12598.7 | 3.54x | 12257.2 | 3.44x | -2.7% | 6504 | 6504 |
| sql/condition | generated | hand | 2578.5 | 4941.8 | 1.92x | 5009.0 | 1.94x | +1.4% | 4928 | 4928 |
| sql/select1 | generated | hand | 872.9 | 1718.5 | 1.97x | 1721.9 | 1.97x | +0.2% | 1688 | 1688 |
| sql/select20 | generated | hand | 10388.4 | 21629.1 | 2.08x | 21276.6 | 2.05x | -1.6% | 21448 | 21448 |
| sql/values | generated | hand | 747.5 | 2042.1 | 2.73x | 2021.8 | 2.70x | -1.0% | 1904 | 1904 |
| sql/create | generated | hand | 1018.7 | 2895.2 | 2.84x | 2891.6 | 2.84x | -0.1% | 1568 | 1568 |
| sql/refused-late | generated | hand | 4122.4 | 14946.1 | 3.63x | 14153.2 | 3.43x | -5.3% | 13552 | 13552 |

Written to T:\TEMP\dotgram-stand\w83\pair\run-1
=== run 2 of 5, 02:24:37
49 rows, every reading agreeing. Timing 8 rounds.
  tsql/script100.bool: 1 round(s) redone after a gen1/gen2 collection
tsql/script100.bool    scriptdom  1414287.5 ns before   149715.6 ns after   125225.0 ns  before/scriptdom 0.11x  after/scriptdom 0.09x
  tsql/script100.boolboth: 7 round(s) redone after a gen1/gen2 collection
tsql/script100.boolboth scriptdom   660232.0 ns before   122725.0 ns after   125633.6 ns  before/scriptdom 0.19x  after/scriptdom 0.19x
  tsql/script100: 6 round(s) redone after a gen1/gen2 collection
tsql/script100         scriptdom   661638.3 ns before   124436.7 ns after   122911.7 ns  before/scriptdom 0.19x  after/scriptdom 0.19x
  tsql/script400.bool: 7 round(s) redone after a gen1/gen2 collection
tsql/script400.bool    scriptdom  2645531.2 ns before   503940.6 ns after   493846.9 ns  before/scriptdom 0.19x  after/scriptdom 0.19x
  tsql/script400.boolboth: 8 round(s) redone after a gen1/gen2 collection
tsql/script400.boolboth scriptdom  2673621.9 ns before   487334.4 ns after   494962.5 ns  before/scriptdom 0.18x  after/scriptdom 0.19x
  tsql/script400: 6 round(s) redone after a gen1/gen2 collection
tsql/script400         scriptdom  2659718.8 ns before   489353.1 ns after   499953.1 ns  before/scriptdom 0.18x  after/scriptdom 0.19x
  tsql/columns1000: 8 round(s) redone after a gen1/gen2 collection
tsql/columns1000       scriptdom  1748120.3 ns before   191960.9 ns after   190837.5 ns  before/scriptdom 0.11x  after/scriptdom 0.11x
  tsql/conditions1000: 32 round(s) redone after a gen1/gen2 collection
tsql/conditions1000    scriptdom   891196.1 ns before   357498.4 ns after   346604.7 ns  before/scriptdom 0.40x  after/scriptdom 0.39x
  tsql/rows1000: 20 round(s) redone after a gen1/gen2 collection
tsql/rows1000          scriptdom   592449.2 ns before   255268.8 ns after   250392.2 ns  before/scriptdom 0.43x  after/scriptdom 0.42x
  sql/select20.at: 1 round(s) redone after a gen1/gen2 collection
sql/select20.at        hand     7281.0 ns before    18456.2 ns after    18051.5 ns  before/hand 2.53x  after/hand 2.48x
  sql/select20.window: 1 round(s) redone after a gen1/gen2 collection
sql/select20.window    hand     7253.8 ns before    19187.2 ns after    18859.8 ns  before/hand 2.65x  after/hand 2.60x
  tsql/insert-values.at: 4 round(s) redone after a gen1/gen2 collection
tsql/insert-values.at  scriptdom     8935.1 ns before     1203.1 ns after     1233.1 ns  before/scriptdom 0.13x  after/scriptdom 0.14x
sql/select20.scan      control      387.8 ns before      386.7 ns after      391.2 ns  before/control 1.00x  after/control 1.01x
sql/conditions100.scan control     3534.4 ns before     3592.0 ns after     3602.7 ns  before/control 1.02x  after/control 1.02x
tsql/select20.scan     control      388.3 ns before      396.8 ns after      394.8 ns  before/control 1.02x  after/control 1.02x
el/ladder.scan         control      138.2 ns before      136.9 ns after      138.2 ns  before/control 0.99x  after/control 1.00x
el/refused-early.bool  hand      333.8 ns before     1099.3 ns after      600.6 ns  before/hand 3.29x  after/hand 1.80x
el/refused-late.bool   hand     1221.8 ns before     1790.5 ns after      963.0 ns  before/hand 1.47x  after/hand 0.79x
  el/ladder.bool: 1 round(s) redone after a gen1/gen2 collection
el/ladder.bool         hand     1031.0 ns before     1797.0 ns after     1795.3 ns  before/hand 1.74x  after/hand 1.74x
sql/refused-late.bool  hand     2746.5 ns before    12572.2 ns after     5812.0 ns  before/hand 4.58x  after/hand 2.12x
  sql/select20.bool: 1 round(s) redone after a gen1/gen2 collection
sql/select20.bool      hand     7180.7 ns before    18930.8 ns after    18087.7 ns  before/hand 2.64x  after/hand 2.52x
  el/floor: 1 round(s) redone after a gen1/gen2 collection
el/floor               hand      315.3 ns before      811.6 ns after      877.2 ns before-immediate      479.7 ns after-immediate      467.0 ns  before/hand 2.57x  after/hand 2.78x  before-immediate/hand 1.52x  after-immediate/hand 1.48x
  el/ladder: 1 round(s) redone after a gen1/gen2 collection
el/ladder              hand     1024.9 ns before     1777.6 ns after     1809.4 ns before-immediate     1204.3 ns after-immediate     1171.2 ns  before/hand 1.73x  after/hand 1.77x  before-immediate/hand 1.18x  after-immediate/hand 1.14x
el/nest7               hand      734.7 ns before     1793.8 ns after     1780.1 ns before-immediate     1086.7 ns after-immediate     1059.5 ns  before/hand 2.44x  after/hand 2.42x  before-immediate/hand 1.48x  after-immediate/hand 1.44x
  el/block: 1 round(s) redone after a gen1/gen2 collection
el/block               hand     1150.9 ns before     1928.1 ns after     1973.2 ns before-immediate     1261.9 ns after-immediate     1247.7 ns  before/hand 1.68x  after/hand 1.71x  before-immediate/hand 1.10x  after-immediate/hand 1.08x
el/try                 hand     3449.8 ns before     4971.4 ns after     4811.2 ns before-immediate     3492.3 ns after-immediate     3416.1 ns  before/hand 1.44x  after/hand 1.39x  before-immediate/hand 1.01x  after-immediate/hand 0.99x
  el/loop: 1 round(s) redone after a gen1/gen2 collection
el/loop                hand     2411.2 ns before     4020.4 ns after     3984.5 ns before-immediate     2720.4 ns after-immediate     2673.8 ns  before/hand 1.67x  after/hand 1.65x  before-immediate/hand 1.13x  after-immediate/hand 1.11x
el/terms100            hand    12074.4 ns before    16692.2 ns after    17264.0 ns before-immediate    13270.2 ns after-immediate    13234.3 ns  before/hand 1.38x  after/hand 1.43x  before-immediate/hand 1.10x  after-immediate/hand 1.10x
  el/terms1000: 5 round(s) redone after a gen1/gen2 collection
el/terms1000           hand   122315.6 ns before   164533.1 ns after   171856.0 ns before-immediate   129784.7 ns after-immediate   135627.9 ns  before/hand 1.35x  after/hand 1.41x  before-immediate/hand 1.06x  after-immediate/hand 1.11x
el/overloads           hand     1982.4 ns before     2764.8 ns after     2751.5 ns before-immediate     2129.4 ns after-immediate     2189.4 ns  before/hand 1.39x  after/hand 1.39x  before-immediate/hand 1.07x  after-immediate/hand 1.10x
  el/string: 1 round(s) redone after a gen1/gen2 collection
el/string              hand      290.3 ns before      982.1 ns after     1032.6 ns before-immediate      686.3 ns after-immediate      681.2 ns  before/hand 3.38x  after/hand 3.56x  before-immediate/hand 2.36x  after-immediate/hand 2.35x
  el/interpolation: 2 round(s) redone after a gen1/gen2 collection
el/interpolation       hand     1624.1 ns before     4697.7 ns after     4978.5 ns before-immediate     4141.6 ns after-immediate     4252.7 ns  before/hand 2.89x  after/hand 3.07x  before-immediate/hand 2.55x  after-immediate/hand 2.62x
el/untyped             hand    18252.0 ns before    26328.3 ns after    19888.7 ns  before/hand 1.44x  after/hand 1.09x
  el/refused-early: 1 round(s) redone after a gen1/gen2 collection
el/refused-early       hand      466.3 ns before     1247.4 ns after     1359.6 ns before-immediate     1282.6 ns after-immediate     1211.1 ns  before/hand 2.68x  after/hand 2.92x  before-immediate/hand 2.75x  after-immediate/hand 2.60x
el/refused-late        hand     1448.3 ns before     1848.7 ns after     2063.7 ns before-immediate     3177.6 ns after-immediate     3112.8 ns  before/hand 1.28x  after/hand 1.42x  before-immediate/hand 2.19x  after-immediate/hand 2.15x
sql/literal            hand       65.0 ns before      149.3 ns after      151.6 ns  before/hand 2.30x  after/hand 2.33x
sql/comment            hand     2771.0 ns before     5352.2 ns after     5242.4 ns  before/hand 1.93x  after/hand 1.89x
sql/conditions100      hand    70957.0 ns before   136590.0 ns after   138920.4 ns  before/hand 1.92x  after/hand 1.96x
sql/conditions1000     hand   743785.2 ns before  1441711.7 ns after  1370804.7 ns  before/hand 1.94x  after/hand 1.84x
tsql/comment           scriptdom    25278.6 ns before     1577.3 ns after     1584.1 ns  before/scriptdom 0.06x  after/scriptdom 0.06x
sql/column             hand      192.8 ns before      383.1 ns after      388.0 ns  before/hand 1.99x  after/hand 2.01x
sql/arithmetic         hand     2099.5 ns before     4698.1 ns after     4499.9 ns  before/hand 2.24x  after/hand 2.14x
sql/nest8              hand     3428.4 ns before    12874.8 ns after    12013.6 ns  before/hand 3.76x  after/hand 3.50x
sql/condition          hand     2487.4 ns before     4863.5 ns after     4863.1 ns  before/hand 1.96x  after/hand 1.96x
sql/select1            hand      855.3 ns before     1694.9 ns after     1748.6 ns  before/hand 1.98x  after/hand 2.04x
sql/select20           hand     9941.9 ns before    21460.9 ns after    20855.5 ns  before/hand 2.16x  after/hand 2.10x
  sql/values: 1 round(s) redone after a gen1/gen2 collection
sql/values             hand      714.3 ns before     2111.5 ns after     2035.5 ns  before/hand 2.96x  after/hand 2.85x
sql/create             hand     1037.5 ns before     2992.9 ns after     2917.0 ns  before/hand 2.88x  after/hand 2.81x
  sql/refused-late: 1 round(s) redone after a gen1/gen2 collection
sql/refused-late       hand     3783.9 ns before    14132.2 ns after    14212.7 ns  before/hand 3.73x  after/hand 3.76x

# Paired stand, 2026-09-20 02:28

IGOR-DESKTOP, pinned to 0-15, high priority, control 31.5 ns.

The base of a row is what every ratio is over, and its name says what it is: `hand` is a hand-written parser (`DotGram.Handwritten`), `scriptdom` is Microsoft's parser, and `control` is this process's own build of the same generated parser, held constant so that the two sides are compared and nothing is claimed against a hand-written one.

| row | reading | base | base ns | before ns | before/base | after ns | after/base | change | before B | after B |
| --- | --- | --- | ---: | ---: | ---: | ---: | ---: | ---: | ---: | ---: |
| tsql/script100.bool | generated | scriptdom | 1414287.5 | 149715.6 | 0.11x | 125225.0 | 0.09x | -16.4% | 113600 | 105600 |
| tsql/script100.boolboth | generated | scriptdom | 660232.0 | 122725.0 | 0.19x | 125633.6 | 0.19x | +2.4% | 105600 | 105600 |
| tsql/script100 | generated | scriptdom | 661638.3 | 124436.7 | 0.19x | 122911.7 | 0.19x | -1.2% | 113600 | 113600 |
| tsql/script400.bool | generated | scriptdom | 2645531.2 | 503940.6 | 0.19x | 493846.9 | 0.19x | -2.0% | 454400 | 422403 |
| tsql/script400.boolboth | generated | scriptdom | 2673621.9 | 487334.4 | 0.18x | 494962.5 | 0.19x | +1.6% | 422400 | 422403 |
| tsql/script400 | generated | scriptdom | 2659718.8 | 489353.1 | 0.18x | 499953.1 | 0.19x | +2.2% | 454400 | 454400 |
| tsql/columns1000 | generated | scriptdom | 1748120.3 | 191960.9 | 0.11x | 190837.5 | 0.11x | -0.6% | 200464 | 200464 |
| tsql/conditions1000 | generated | scriptdom | 891196.1 | 357498.4 | 0.40x | 346604.7 | 0.39x | -3.0% | 424424 | 424424 |
| tsql/rows1000 | generated | scriptdom | 592449.2 | 255268.8 | 0.43x | 250392.2 | 0.42x | -1.9% | 296472 | 296472 |
| sql/select20.at | generated | hand | 7281.0 | 18456.2 | 2.53x | 18051.5 | 2.48x | -2.2% | 21441 | 21441 |
| sql/select20.window | generated | hand | 7253.8 | 19187.2 | 2.65x | 18859.8 | 2.60x | -1.7% | 21416 | 21416 |
| tsql/insert-values.at | generated | scriptdom | 8935.1 | 1203.1 | 0.13x | 1233.1 | 0.14x | +2.5% | 1328 | 1328 |
| sql/select20.scan | generated | control | 387.8 | 386.7 | 1.00x | 391.2 | 1.01x | +1.2% | 0 | 0 |
| sql/conditions100.scan | generated | control | 3534.4 | 3592.0 | 1.02x | 3602.7 | 1.02x | +0.3% | 0 | 0 |
| tsql/select20.scan | generated | control | 388.3 | 396.8 | 1.02x | 394.8 | 1.02x | -0.5% | 0 | 0 |
| el/ladder.scan | generated | control | 138.2 | 136.9 | 0.99x | 138.2 | 1.00x | +1.0% | 0 | 0 |
| el/refused-early.bool | generated | hand | 333.8 | 1099.3 | 3.29x | 600.6 | 1.80x | -45.4% | 1064 | 624 |
| el/refused-late.bool | generated | hand | 1221.8 | 1790.5 | 1.47x | 963.0 | 0.79x | -46.2% | 1064 | 624 |
| el/ladder.bool | generated | hand | 1031.0 | 1797.0 | 1.74x | 1795.3 | 1.74x | -0.1% | 1776 | 1720 |
| sql/refused-late.bool | generated | hand | 2746.5 | 12572.2 | 4.58x | 5812.0 | 2.12x | -53.8% | 13552 | 6616 |
| sql/select20.bool | generated | hand | 7180.7 | 18930.8 | 2.64x | 18087.7 | 2.52x | -4.5% | 21448 | 21392 |
| el/floor | generated | hand | 315.3 | 811.6 | 2.57x | 877.2 | 2.78x | +8.1% | 1104 | 1104 |
| el/floor | immediate | hand | 315.3 | 479.7 | 1.52x | 467.0 | 1.48x | -2.6% | 1120 | 1120 |
| el/ladder | generated | hand | 1024.9 | 1777.6 | 1.73x | 1809.4 | 1.77x | +1.8% | 1776 | 1776 |
| el/ladder | immediate | hand | 1024.9 | 1204.3 | 1.18x | 1171.2 | 1.14x | -2.7% | 1784 | 1784 |
| el/nest7 | generated | hand | 734.7 | 1793.8 | 2.44x | 1780.1 | 2.42x | -0.8% | 1152 | 1152 |
| el/nest7 | immediate | hand | 734.7 | 1086.7 | 1.48x | 1059.5 | 1.44x | -2.5% | 1120 | 1120 |
| el/block | generated | hand | 1150.9 | 1928.1 | 1.68x | 1973.2 | 1.71x | +2.3% | 2344 | 2344 |
| el/block | immediate | hand | 1150.9 | 1261.9 | 1.10x | 1247.7 | 1.08x | -1.1% | 2440 | 2440 |
| el/try | generated | hand | 3449.8 | 4971.4 | 1.44x | 4811.2 | 1.39x | -3.2% | 4456 | 4456 |
| el/try | immediate | hand | 3449.8 | 3492.3 | 1.01x | 3416.1 | 0.99x | -2.2% | 4152 | 4152 |
| el/loop | generated | hand | 2411.2 | 4020.4 | 1.67x | 3984.5 | 1.65x | -0.9% | 4776 | 4776 |
| el/loop | immediate | hand | 2411.2 | 2720.4 | 1.13x | 2673.8 | 1.11x | -1.7% | 4880 | 4880 |
| el/terms100 | generated | hand | 12074.4 | 16692.2 | 1.38x | 17264.0 | 1.43x | +3.4% | 17904 | 17904 |
| el/terms100 | immediate | hand | 12074.4 | 13270.2 | 1.10x | 13234.3 | 1.10x | -0.3% | 18720 | 18720 |
| el/terms1000 | generated | hand | 122315.6 | 164533.1 | 1.35x | 171856.0 | 1.41x | +4.5% | 169129 | 169129 |
| el/terms1000 | immediate | hand | 122315.6 | 129784.7 | 1.06x | 135627.9 | 1.11x | +4.5% | 177123 | 177120 |
| el/overloads | generated | hand | 1982.4 | 2764.8 | 1.39x | 2751.5 | 1.39x | -0.5% | 4248 | 4248 |
| el/overloads | immediate | hand | 1982.4 | 2129.4 | 1.07x | 2189.4 | 1.10x | +2.8% | 4200 | 4200 |
| el/string | generated | hand | 290.3 | 982.1 | 3.38x | 1032.6 | 3.56x | +5.1% | 1056 | 1056 |
| el/string | immediate | hand | 290.3 | 686.3 | 2.36x | 681.2 | 2.35x | -0.7% | 1032 | 1032 |
| el/interpolation | generated | hand | 1624.1 | 4697.7 | 2.89x | 4978.5 | 3.07x | +6.0% | 2368 | 2368 |
| el/interpolation | immediate | hand | 1624.1 | 4141.6 | 2.55x | 4252.7 | 2.62x | +2.7% | 2424 | 2424 |
| el/untyped | generated | hand | 18252.0 | 26328.3 | 1.44x | 19888.7 | 1.09x | -24.5% | 16424 | 16424 |
| el/refused-early | generated | hand | 466.3 | 1247.4 | 2.68x | 1359.6 | 2.92x | +9.0% | 1064 | 1064 |
| el/refused-early | immediate | hand | 466.3 | 1282.6 | 2.75x | 1211.1 | 2.60x | -5.6% | 1944 | 1944 |
| el/refused-late | generated | hand | 1448.3 | 1848.7 | 1.28x | 2063.7 | 1.42x | +11.6% | 1064 | 1064 |
| el/refused-late | immediate | hand | 1448.3 | 3177.6 | 2.19x | 3112.8 | 2.15x | -2.0% | 3928 | 3928 |
| sql/literal | generated | hand | 65.0 | 149.3 | 2.30x | 151.6 | 2.33x | +1.5% | 160 | 160 |
| sql/comment | generated | hand | 2771.0 | 5352.2 | 1.93x | 5242.4 | 1.89x | -2.1% | 5136 | 5136 |
| sql/conditions100 | generated | hand | 70957.0 | 136590.0 | 1.92x | 138920.4 | 1.96x | +1.7% | 161736 | 161736 |
| sql/conditions1000 | generated | hand | 743785.2 | 1441711.7 | 1.94x | 1370804.7 | 1.84x | -4.9% | 1616136 | 1616136 |
| tsql/comment | generated | scriptdom | 25278.6 | 1577.3 | 0.06x | 1584.1 | 0.06x | +0.4% | 1192 | 1192 |
| sql/column | generated | hand | 192.8 | 383.1 | 1.99x | 388.0 | 2.01x | +1.3% | 392 | 392 |
| sql/arithmetic | generated | hand | 2099.5 | 4698.1 | 2.24x | 4499.9 | 2.14x | -4.2% | 3472 | 3472 |
| sql/nest8 | generated | hand | 3428.4 | 12874.8 | 3.76x | 12013.6 | 3.50x | -6.7% | 6504 | 6504 |
| sql/condition | generated | hand | 2487.4 | 4863.5 | 1.96x | 4863.1 | 1.96x | 0.0% | 4928 | 4928 |
| sql/select1 | generated | hand | 855.3 | 1694.9 | 1.98x | 1748.6 | 2.04x | +3.2% | 1688 | 1688 |
| sql/select20 | generated | hand | 9941.9 | 21460.9 | 2.16x | 20855.5 | 2.10x | -2.8% | 21448 | 21448 |
| sql/values | generated | hand | 714.3 | 2111.5 | 2.96x | 2035.5 | 2.85x | -3.6% | 1904 | 1904 |
| sql/create | generated | hand | 1037.5 | 2992.9 | 2.88x | 2917.0 | 2.81x | -2.5% | 1568 | 1568 |
| sql/refused-late | generated | hand | 3783.9 | 14132.2 | 3.73x | 14212.7 | 3.76x | +0.6% | 13552 | 13552 |

Written to T:\TEMP\dotgram-stand\w83\pair\run-2
=== run 3 of 5, 02:28:17
49 rows, every reading agreeing. Timing 8 rounds.
  tsql/script100.bool: 1 round(s) redone after a gen1/gen2 collection
tsql/script100.bool    scriptdom  1313693.8 ns before   136778.1 ns after   125862.5 ns  before/scriptdom 0.10x  after/scriptdom 0.10x
  tsql/script100.boolboth: 7 round(s) redone after a gen1/gen2 collection
tsql/script100.boolboth scriptdom   663650.0 ns before   121336.7 ns after   128171.1 ns  before/scriptdom 0.18x  after/scriptdom 0.19x
  tsql/script100: 3 round(s) redone after a gen1/gen2 collection
tsql/script100         scriptdom   673403.1 ns before   123378.1 ns after   126221.9 ns  before/scriptdom 0.18x  after/scriptdom 0.19x
  tsql/script400.bool: 4 round(s) redone after a gen1/gen2 collection
tsql/script400.bool    scriptdom  2637075.0 ns before   498662.5 ns after   482943.8 ns  before/scriptdom 0.19x  after/scriptdom 0.18x
  tsql/script400.boolboth: 6 round(s) redone after a gen1/gen2 collection
tsql/script400.boolboth scriptdom  2693615.6 ns before   480490.6 ns after   488853.1 ns  before/scriptdom 0.18x  after/scriptdom 0.18x
  tsql/script400: 5 round(s) redone after a gen1/gen2 collection
tsql/script400         scriptdom  2649075.0 ns before   488709.4 ns after   504640.6 ns  before/scriptdom 0.18x  after/scriptdom 0.19x
  tsql/columns1000: 4 round(s) redone after a gen1/gen2 collection
tsql/columns1000       scriptdom  1835800.0 ns before   194498.4 ns after   206293.8 ns  before/scriptdom 0.11x  after/scriptdom 0.11x
  tsql/conditions1000: 24 round(s) redone after a gen1/gen2 collection
tsql/conditions1000    scriptdom   897395.3 ns before   342155.5 ns after   369949.2 ns  before/scriptdom 0.38x  after/scriptdom 0.41x
  tsql/rows1000: 9 round(s) redone after a gen1/gen2 collection
tsql/rows1000          scriptdom   613766.4 ns before   256979.7 ns after   275740.6 ns  before/scriptdom 0.42x  after/scriptdom 0.45x
sql/select20.at        hand     7331.6 ns before    18499.8 ns after    17480.2 ns  before/hand 2.52x  after/hand 2.38x
  sql/select20.window: 1 round(s) redone after a gen1/gen2 collection
sql/select20.window    hand     7306.9 ns before    19248.9 ns after    18356.2 ns  before/hand 2.63x  after/hand 2.51x
  tsql/insert-values.at: 2 round(s) redone after a gen1/gen2 collection
tsql/insert-values.at  scriptdom     8319.9 ns before     1183.8 ns after     1225.6 ns  before/scriptdom 0.14x  after/scriptdom 0.15x
sql/select20.scan      control      386.9 ns before      392.2 ns after      385.1 ns  before/control 1.01x  after/control 1.00x
sql/conditions100.scan control     3544.0 ns before     3588.7 ns after     3592.6 ns  before/control 1.01x  after/control 1.01x
tsql/select20.scan     control      402.0 ns before      391.9 ns after      391.3 ns  before/control 0.97x  after/control 0.97x
el/ladder.scan         control      141.3 ns before      139.5 ns after      138.4 ns  before/control 0.99x  after/control 0.98x
el/refused-early.bool  hand      337.2 ns before     1108.4 ns after      579.4 ns  before/hand 3.29x  after/hand 1.72x
el/refused-late.bool   hand     1266.7 ns before     1870.8 ns after      992.4 ns  before/hand 1.48x  after/hand 0.78x
  el/ladder.bool: 1 round(s) redone after a gen1/gen2 collection
el/ladder.bool         hand     1023.0 ns before     1794.1 ns after     1807.7 ns  before/hand 1.75x  after/hand 1.77x
sql/refused-late.bool  hand     2745.5 ns before    12977.3 ns after     5982.7 ns  before/hand 4.73x  after/hand 2.18x
  sql/select20.bool: 1 round(s) redone after a gen1/gen2 collection
sql/select20.bool      hand     7405.9 ns before    19352.7 ns after    18274.2 ns  before/hand 2.61x  after/hand 2.47x
el/floor               hand      333.4 ns before      857.0 ns after      895.3 ns before-immediate      523.2 ns after-immediate      513.7 ns  before/hand 2.57x  after/hand 2.69x  before-immediate/hand 1.57x  after-immediate/hand 1.54x
el/ladder              hand     1047.4 ns before     1814.8 ns after     1875.0 ns before-immediate     1220.7 ns after-immediate     1213.0 ns  before/hand 1.73x  after/hand 1.79x  before-immediate/hand 1.17x  after-immediate/hand 1.16x
  el/nest7: 1 round(s) redone after a gen1/gen2 collection
el/nest7               hand      754.6 ns before     1796.0 ns after     1802.9 ns before-immediate     1096.1 ns after-immediate     1084.0 ns  before/hand 2.38x  after/hand 2.39x  before-immediate/hand 1.45x  after-immediate/hand 1.44x
el/block               hand     1074.1 ns before     1887.9 ns after     1911.8 ns before-immediate     1202.3 ns after-immediate     1234.6 ns  before/hand 1.76x  after/hand 1.78x  before-immediate/hand 1.12x  after-immediate/hand 1.15x
  el/try: 1 round(s) redone after a gen1/gen2 collection
el/try                 hand     3248.3 ns before     4650.6 ns after     4732.2 ns before-immediate     3263.0 ns after-immediate     3374.6 ns  before/hand 1.43x  after/hand 1.46x  before-immediate/hand 1.00x  after-immediate/hand 1.04x
  el/loop: 1 round(s) redone after a gen1/gen2 collection
el/loop                hand     2291.0 ns before     3774.8 ns after     3855.6 ns before-immediate     2610.9 ns after-immediate     2554.3 ns  before/hand 1.65x  after/hand 1.68x  before-immediate/hand 1.14x  after-immediate/hand 1.11x
el/terms100            hand    11696.2 ns before    16354.0 ns after    16624.2 ns before-immediate    12848.4 ns after-immediate    13681.6 ns  before/hand 1.40x  after/hand 1.42x  before-immediate/hand 1.10x  after-immediate/hand 1.17x
  el/terms1000: 3 round(s) redone after a gen1/gen2 collection
el/terms1000           hand   114416.5 ns before   155366.0 ns after   159752.6 ns before-immediate   123787.7 ns after-immediate   130445.0 ns  before/hand 1.36x  after/hand 1.40x  before-immediate/hand 1.08x  after-immediate/hand 1.14x
el/overloads           hand     1923.0 ns before     2665.4 ns after     2687.9 ns before-immediate     2076.2 ns after-immediate     2101.1 ns  before/hand 1.39x  after/hand 1.40x  before-immediate/hand 1.08x  after-immediate/hand 1.09x
  el/string: 1 round(s) redone after a gen1/gen2 collection
el/string              hand      290.0 ns before     1003.8 ns after     1035.4 ns before-immediate      676.0 ns after-immediate      682.6 ns  before/hand 3.46x  after/hand 3.57x  before-immediate/hand 2.33x  after-immediate/hand 2.35x
  el/interpolation: 2 round(s) redone after a gen1/gen2 collection
el/interpolation       hand     2023.7 ns before     4960.5 ns after     4939.9 ns before-immediate     4869.2 ns after-immediate     4066.0 ns  before/hand 2.45x  after/hand 2.44x  before-immediate/hand 2.41x  after-immediate/hand 2.01x
el/untyped             hand    19125.6 ns before    26524.2 ns after    19963.7 ns  before/hand 1.39x  after/hand 1.04x
  el/refused-early: 1 round(s) redone after a gen1/gen2 collection
el/refused-early       hand      477.4 ns before     1245.3 ns after     1312.4 ns before-immediate     1239.2 ns after-immediate     1265.7 ns  before/hand 2.61x  after/hand 2.75x  before-immediate/hand 2.60x  after-immediate/hand 2.65x
el/refused-late        hand     1397.8 ns before     1940.0 ns after     1811.2 ns before-immediate     3227.6 ns after-immediate     3297.5 ns  before/hand 1.39x  after/hand 1.30x  before-immediate/hand 2.31x  after-immediate/hand 2.36x
sql/literal            hand       66.1 ns before      145.4 ns after      162.3 ns  before/hand 2.20x  after/hand 2.46x
sql/comment            hand     2869.1 ns before     5602.3 ns after     5405.5 ns  before/hand 1.95x  after/hand 1.88x
  sql/conditions100: 1 round(s) redone after a gen1/gen2 collection
sql/conditions100      hand    73579.1 ns before   149896.1 ns after   142431.5 ns  before/hand 2.04x  after/hand 1.94x
sql/conditions1000     hand   728130.5 ns before  1455403.1 ns after  1416955.5 ns  before/hand 2.00x  after/hand 1.95x
tsql/comment           scriptdom    25972.9 ns before     1584.8 ns after     1616.7 ns  before/scriptdom 0.06x  after/scriptdom 0.06x
  sql/column: 1 round(s) redone after a gen1/gen2 collection
sql/column             hand      183.1 ns before      391.7 ns after      386.0 ns  before/hand 2.14x  after/hand 2.11x
sql/arithmetic         hand     2243.0 ns before     4762.0 ns after     4753.0 ns  before/hand 2.12x  after/hand 2.12x
  sql/nest8: 1 round(s) redone after a gen1/gen2 collection
sql/nest8              hand     3889.2 ns before    13052.9 ns after    13779.1 ns  before/hand 3.36x  after/hand 3.54x
sql/condition          hand     2845.5 ns before     5315.9 ns after     5231.5 ns  before/hand 1.87x  after/hand 1.84x
sql/select1            hand      928.5 ns before     1860.6 ns after     1854.2 ns  before/hand 2.00x  after/hand 2.00x
sql/select20           hand    10742.7 ns before    23087.1 ns after    21859.6 ns  before/hand 2.15x  after/hand 2.03x
sql/values             hand      779.6 ns before     2009.0 ns after     2027.9 ns  before/hand 2.58x  after/hand 2.60x
sql/create             hand      999.0 ns before     2815.7 ns after     2934.8 ns  before/hand 2.82x  after/hand 2.94x
sql/refused-late       hand     3821.1 ns before    15053.1 ns after    14057.9 ns  before/hand 3.94x  after/hand 3.68x

# Paired stand, 2026-09-20 02:31

IGOR-DESKTOP, pinned to 0-15, high priority, control 31.8 ns.

The base of a row is what every ratio is over, and its name says what it is: `hand` is a hand-written parser (`DotGram.Handwritten`), `scriptdom` is Microsoft's parser, and `control` is this process's own build of the same generated parser, held constant so that the two sides are compared and nothing is claimed against a hand-written one.

| row | reading | base | base ns | before ns | before/base | after ns | after/base | change | before B | after B |
| --- | --- | --- | ---: | ---: | ---: | ---: | ---: | ---: | ---: | ---: |
| tsql/script100.bool | generated | scriptdom | 1313693.8 | 136778.1 | 0.10x | 125862.5 | 0.10x | -8.0% | 113600 | 105600 |
| tsql/script100.boolboth | generated | scriptdom | 663650.0 | 121336.7 | 0.18x | 128171.1 | 0.19x | +5.6% | 105600 | 105600 |
| tsql/script100 | generated | scriptdom | 673403.1 | 123378.1 | 0.18x | 126221.9 | 0.19x | +2.3% | 113600 | 113600 |
| tsql/script400.bool | generated | scriptdom | 2637075.0 | 498662.5 | 0.19x | 482943.8 | 0.18x | -3.2% | 454400 | 422400 |
| tsql/script400.boolboth | generated | scriptdom | 2693615.6 | 480490.6 | 0.18x | 488853.1 | 0.18x | +1.7% | 422403 | 422403 |
| tsql/script400 | generated | scriptdom | 2649075.0 | 488709.4 | 0.18x | 504640.6 | 0.19x | +3.3% | 454400 | 454400 |
| tsql/columns1000 | generated | scriptdom | 1835800.0 | 194498.4 | 0.11x | 206293.8 | 0.11x | +6.1% | 200464 | 200464 |
| tsql/conditions1000 | generated | scriptdom | 897395.3 | 342155.5 | 0.38x | 369949.2 | 0.41x | +8.1% | 424424 | 424424 |
| tsql/rows1000 | generated | scriptdom | 613766.4 | 256979.7 | 0.42x | 275740.6 | 0.45x | +7.3% | 296472 | 296472 |
| sql/select20.at | generated | hand | 7331.6 | 18499.8 | 2.52x | 17480.2 | 2.38x | -5.5% | 21416 | 21416 |
| sql/select20.window | generated | hand | 7306.9 | 19248.9 | 2.63x | 18356.2 | 2.51x | -4.6% | 21416 | 21416 |
| tsql/insert-values.at | generated | scriptdom | 8319.9 | 1183.8 | 0.14x | 1225.6 | 0.15x | +3.5% | 1328 | 1328 |
| sql/select20.scan | generated | control | 386.9 | 392.2 | 1.01x | 385.1 | 1.00x | -1.8% | 0 | 0 |
| sql/conditions100.scan | generated | control | 3544.0 | 3588.7 | 1.01x | 3592.6 | 1.01x | +0.1% | 0 | 0 |
| tsql/select20.scan | generated | control | 402.0 | 391.9 | 0.97x | 391.3 | 0.97x | -0.1% | 0 | 0 |
| el/ladder.scan | generated | control | 141.3 | 139.5 | 0.99x | 138.4 | 0.98x | -0.8% | 0 | 0 |
| el/refused-early.bool | generated | hand | 337.2 | 1108.4 | 3.29x | 579.4 | 1.72x | -47.7% | 1064 | 624 |
| el/refused-late.bool | generated | hand | 1266.7 | 1870.8 | 1.48x | 992.4 | 0.78x | -47.0% | 1064 | 624 |
| el/ladder.bool | generated | hand | 1023.0 | 1794.1 | 1.75x | 1807.7 | 1.77x | +0.8% | 1776 | 1720 |
| sql/refused-late.bool | generated | hand | 2745.5 | 12977.3 | 4.73x | 5982.7 | 2.18x | -53.9% | 13552 | 6616 |
| sql/select20.bool | generated | hand | 7405.9 | 19352.7 | 2.61x | 18274.2 | 2.47x | -5.6% | 21448 | 21392 |
| el/floor | generated | hand | 333.4 | 857.0 | 2.57x | 895.3 | 2.69x | +4.5% | 1104 | 1104 |
| el/floor | immediate | hand | 333.4 | 523.2 | 1.57x | 513.7 | 1.54x | -1.8% | 1120 | 1120 |
| el/ladder | generated | hand | 1047.4 | 1814.8 | 1.73x | 1875.0 | 1.79x | +3.3% | 1776 | 1776 |
| el/ladder | immediate | hand | 1047.4 | 1220.7 | 1.17x | 1213.0 | 1.16x | -0.6% | 1784 | 1784 |
| el/nest7 | generated | hand | 754.6 | 1796.0 | 2.38x | 1802.9 | 2.39x | +0.4% | 1152 | 1152 |
| el/nest7 | immediate | hand | 754.6 | 1096.1 | 1.45x | 1084.0 | 1.44x | -1.1% | 1120 | 1120 |
| el/block | generated | hand | 1074.1 | 1887.9 | 1.76x | 1911.8 | 1.78x | +1.3% | 2344 | 2344 |
| el/block | immediate | hand | 1074.1 | 1202.3 | 1.12x | 1234.6 | 1.15x | +2.7% | 2440 | 2440 |
| el/try | generated | hand | 3248.3 | 4650.6 | 1.43x | 4732.2 | 1.46x | +1.8% | 4456 | 4456 |
| el/try | immediate | hand | 3248.3 | 3263.0 | 1.00x | 3374.6 | 1.04x | +3.4% | 4152 | 4152 |
| el/loop | generated | hand | 2291.0 | 3774.8 | 1.65x | 3855.6 | 1.68x | +2.1% | 4776 | 4776 |
| el/loop | immediate | hand | 2291.0 | 2610.9 | 1.14x | 2554.3 | 1.11x | -2.2% | 4880 | 4883 |
| el/terms100 | generated | hand | 11696.2 | 16354.0 | 1.40x | 16624.2 | 1.42x | +1.7% | 17904 | 17904 |
| el/terms100 | immediate | hand | 11696.2 | 12848.4 | 1.10x | 13681.6 | 1.17x | +6.5% | 18720 | 18720 |
| el/terms1000 | generated | hand | 114416.5 | 155366.0 | 1.36x | 159752.6 | 1.40x | +2.8% | 169104 | 169107 |
| el/terms1000 | immediate | hand | 114416.5 | 123787.7 | 1.08x | 130445.0 | 1.14x | +5.4% | 177120 | 177120 |
| el/overloads | generated | hand | 1923.0 | 2665.4 | 1.39x | 2687.9 | 1.40x | +0.8% | 4248 | 4248 |
| el/overloads | immediate | hand | 1923.0 | 2076.2 | 1.08x | 2101.1 | 1.09x | +1.2% | 4200 | 4200 |
| el/string | generated | hand | 290.0 | 1003.8 | 3.46x | 1035.4 | 3.57x | +3.1% | 1056 | 1056 |
| el/string | immediate | hand | 290.0 | 676.0 | 2.33x | 682.6 | 2.35x | +1.0% | 1032 | 1032 |
| el/interpolation | generated | hand | 2023.7 | 4960.5 | 2.45x | 4939.9 | 2.44x | -0.4% | 2368 | 2368 |
| el/interpolation | immediate | hand | 2023.7 | 4869.2 | 2.41x | 4066.0 | 2.01x | -16.5% | 2424 | 2424 |
| el/untyped | generated | hand | 19125.6 | 26524.2 | 1.39x | 19963.7 | 1.04x | -24.7% | 16424 | 16424 |
| el/refused-early | generated | hand | 477.4 | 1245.3 | 2.61x | 1312.4 | 2.75x | +5.4% | 1064 | 1064 |
| el/refused-early | immediate | hand | 477.4 | 1239.2 | 2.60x | 1265.7 | 2.65x | +2.1% | 1944 | 1944 |
| el/refused-late | generated | hand | 1397.8 | 1940.0 | 1.39x | 1811.2 | 1.30x | -6.6% | 1064 | 1064 |
| el/refused-late | immediate | hand | 1397.8 | 3227.6 | 2.31x | 3297.5 | 2.36x | +2.2% | 3928 | 3928 |
| sql/literal | generated | hand | 66.1 | 145.4 | 2.20x | 162.3 | 2.46x | +11.6% | 160 | 160 |
| sql/comment | generated | hand | 2869.1 | 5602.3 | 1.95x | 5405.5 | 1.88x | -3.5% | 5136 | 5136 |
| sql/conditions100 | generated | hand | 73579.1 | 149896.1 | 2.04x | 142431.5 | 1.94x | -5.0% | 161736 | 161736 |
| sql/conditions1000 | generated | hand | 728130.5 | 1455403.1 | 2.00x | 1416955.5 | 1.95x | -2.6% | 1616136 | 1616136 |
| tsql/comment | generated | scriptdom | 25972.9 | 1584.8 | 0.06x | 1616.7 | 0.06x | +2.0% | 1192 | 1192 |
| sql/column | generated | hand | 183.1 | 391.7 | 2.14x | 386.0 | 2.11x | -1.5% | 392 | 392 |
| sql/arithmetic | generated | hand | 2243.0 | 4762.0 | 2.12x | 4753.0 | 2.12x | -0.2% | 3472 | 3472 |
| sql/nest8 | generated | hand | 3889.2 | 13052.9 | 3.36x | 13779.1 | 3.54x | +5.6% | 6504 | 6504 |
| sql/condition | generated | hand | 2845.5 | 5315.9 | 1.87x | 5231.5 | 1.84x | -1.6% | 4928 | 4928 |
| sql/select1 | generated | hand | 928.5 | 1860.6 | 2.00x | 1854.2 | 2.00x | -0.3% | 1688 | 1688 |
| sql/select20 | generated | hand | 10742.7 | 23087.1 | 2.15x | 21859.6 | 2.03x | -5.3% | 21448 | 21448 |
| sql/values | generated | hand | 779.6 | 2009.0 | 2.58x | 2027.9 | 2.60x | +0.9% | 1904 | 1904 |
| sql/create | generated | hand | 999.0 | 2815.7 | 2.82x | 2934.8 | 2.94x | +4.2% | 1568 | 1568 |
| sql/refused-late | generated | hand | 3821.1 | 15053.1 | 3.94x | 14057.9 | 3.68x | -6.6% | 13552 | 13552 |

Written to T:\TEMP\dotgram-stand\w83\pair\run-3
=== run 4 of 5, 02:31:52
49 rows, every reading agreeing. Timing 8 rounds.
  tsql/script100.bool: 1 round(s) redone after a gen1/gen2 collection
tsql/script100.bool    scriptdom  1393259.4 ns before   154762.5 ns after   155553.1 ns  before/scriptdom 0.11x  after/scriptdom 0.11x
  tsql/script100.boolboth: 7 round(s) redone after a gen1/gen2 collection
tsql/script100.boolboth scriptdom   670072.7 ns before   121489.8 ns after   126939.8 ns  before/scriptdom 0.18x  after/scriptdom 0.19x
  tsql/script100: 3 round(s) redone after a gen1/gen2 collection
tsql/script100         scriptdom   676124.2 ns before   122240.6 ns after   127412.5 ns  before/scriptdom 0.18x  after/scriptdom 0.19x
  tsql/script400.bool: 5 round(s) redone after a gen1/gen2 collection
tsql/script400.bool    scriptdom  2720956.2 ns before   493296.9 ns after   496503.1 ns  before/scriptdom 0.18x  after/scriptdom 0.18x
  tsql/script400.boolboth: 6 round(s) redone after a gen1/gen2 collection
tsql/script400.boolboth scriptdom  2778956.2 ns before   489984.4 ns after   494818.8 ns  before/scriptdom 0.18x  after/scriptdom 0.18x
  tsql/script400: 5 round(s) redone after a gen1/gen2 collection
tsql/script400         scriptdom  2687818.8 ns before   493893.8 ns after   496321.9 ns  before/scriptdom 0.18x  after/scriptdom 0.18x
  tsql/columns1000: 4 round(s) redone after a gen1/gen2 collection
tsql/columns1000       scriptdom  1777390.6 ns before   190784.4 ns after   197196.9 ns  before/scriptdom 0.11x  after/scriptdom 0.11x
  tsql/conditions1000: 22 round(s) redone after a gen1/gen2 collection
tsql/conditions1000    scriptdom   919318.0 ns before   338513.3 ns after   341968.0 ns  before/scriptdom 0.37x  after/scriptdom 0.37x
  tsql/rows1000: 10 round(s) redone after a gen1/gen2 collection
tsql/rows1000          scriptdom   654321.1 ns before   287052.3 ns after   360400.8 ns  before/scriptdom 0.44x  after/scriptdom 0.55x
sql/select20.at        hand    12698.5 ns before    29564.5 ns after    29410.5 ns  before/hand 2.33x  after/hand 2.32x
  sql/select20.window: 1 round(s) redone after a gen1/gen2 collection
sql/select20.window    hand    12632.8 ns before    29133.0 ns after    29981.5 ns  before/hand 2.31x  after/hand 2.37x
tsql/insert-values.at  scriptdom    14720.5 ns before     2032.7 ns after     2021.5 ns  before/scriptdom 0.14x  after/scriptdom 0.14x
sql/select20.scan      control      681.2 ns before      696.2 ns after      688.6 ns  before/control 1.02x  after/control 1.01x
sql/conditions100.scan control     6144.5 ns before     6755.3 ns after     6241.7 ns  before/control 1.10x  after/control 1.02x
tsql/select20.scan     control      633.3 ns before      612.5 ns after      614.6 ns  before/control 0.97x  after/control 0.97x
el/ladder.scan         control      243.2 ns before      223.6 ns after      227.2 ns  before/control 0.92x  after/control 0.93x
el/refused-early.bool  hand      431.3 ns before     1538.9 ns after      766.4 ns  before/hand 3.57x  after/hand 1.78x
el/refused-late.bool   hand     1339.9 ns before     1819.0 ns after      957.0 ns  before/hand 1.36x  after/hand 0.71x
el/ladder.bool         hand     1778.0 ns before     2768.9 ns after     2847.2 ns  before/hand 1.56x  after/hand 1.60x
sql/refused-late.bool  hand     4848.7 ns before    18379.1 ns after     8080.9 ns  before/hand 3.79x  after/hand 1.67x
sql/select20.bool      hand    12649.8 ns before    28051.3 ns after    30182.1 ns  before/hand 2.22x  after/hand 2.39x
el/floor               hand      317.0 ns before      869.5 ns after      826.6 ns before-immediate      484.8 ns after-immediate      485.9 ns  before/hand 2.74x  after/hand 2.61x  before-immediate/hand 1.53x  after-immediate/hand 1.53x
el/ladder              hand     1021.8 ns before     1783.5 ns after     1787.7 ns before-immediate     1190.3 ns after-immediate     1165.5 ns  before/hand 1.75x  after/hand 1.75x  before-immediate/hand 1.16x  after-immediate/hand 1.14x
  el/nest7: 1 round(s) redone after a gen1/gen2 collection
el/nest7               hand      673.8 ns before     1772.6 ns after     1728.3 ns before-immediate     1054.4 ns after-immediate     1071.2 ns  before/hand 2.63x  after/hand 2.57x  before-immediate/hand 1.56x  after-immediate/hand 1.59x
el/block               hand     1107.1 ns before     1882.1 ns after     1878.1 ns before-immediate     1188.7 ns after-immediate     1177.9 ns  before/hand 1.70x  after/hand 1.70x  before-immediate/hand 1.07x  after-immediate/hand 1.06x
el/try                 hand     3380.5 ns before     4964.9 ns after     4911.9 ns before-immediate     3361.0 ns after-immediate     3349.1 ns  before/hand 1.47x  after/hand 1.45x  before-immediate/hand 0.99x  after-immediate/hand 0.99x
  el/loop: 1 round(s) redone after a gen1/gen2 collection
el/loop                hand     2270.2 ns before     3788.9 ns after     3822.7 ns before-immediate     2623.9 ns after-immediate     2569.1 ns  before/hand 1.67x  after/hand 1.68x  before-immediate/hand 1.16x  after-immediate/hand 1.13x
el/terms100            hand    11677.0 ns before    16708.1 ns after    16387.4 ns before-immediate    12766.6 ns after-immediate    12806.7 ns  before/hand 1.43x  after/hand 1.40x  before-immediate/hand 1.09x  after-immediate/hand 1.10x
  el/terms1000: 3 round(s) redone after a gen1/gen2 collection
el/terms1000           hand   112470.2 ns before   161092.5 ns after   156619.4 ns before-immediate   122595.6 ns after-immediate   123612.0 ns  before/hand 1.43x  after/hand 1.39x  before-immediate/hand 1.09x  after-immediate/hand 1.10x
el/overloads           hand     1902.0 ns before     2681.2 ns after     2675.7 ns before-immediate     2095.3 ns after-immediate     2125.5 ns  before/hand 1.41x  after/hand 1.41x  before-immediate/hand 1.10x  after-immediate/hand 1.12x
  el/string: 1 round(s) redone after a gen1/gen2 collection
el/string              hand      279.8 ns before     1015.4 ns after     1043.6 ns before-immediate      687.0 ns after-immediate      712.8 ns  before/hand 3.63x  after/hand 3.73x  before-immediate/hand 2.46x  after-immediate/hand 2.55x
  el/interpolation: 1 round(s) redone after a gen1/gen2 collection
el/interpolation       hand     1911.8 ns before     4756.6 ns after     4918.2 ns before-immediate     3811.4 ns after-immediate     4063.8 ns  before/hand 2.49x  after/hand 2.57x  before-immediate/hand 1.99x  after-immediate/hand 2.13x
el/untyped             hand    25392.6 ns before    20440.0 ns after    20155.8 ns  before/hand 0.80x  after/hand 0.79x
el/refused-early       hand      466.3 ns before     1218.8 ns after     1265.4 ns before-immediate     1225.7 ns after-immediate     1214.8 ns  before/hand 2.61x  after/hand 2.71x  before-immediate/hand 2.63x  after-immediate/hand 2.61x
el/refused-late        hand     1475.3 ns before     1857.9 ns after     2044.3 ns before-immediate     3149.7 ns after-immediate     3230.1 ns  before/hand 1.26x  after/hand 1.39x  before-immediate/hand 2.13x  after-immediate/hand 2.19x
sql/literal            hand       69.5 ns before      158.7 ns after      167.4 ns  before/hand 2.29x  after/hand 2.41x
sql/comment            hand     4186.3 ns before     8081.7 ns after     7543.7 ns  before/hand 1.93x  after/hand 1.80x
  sql/conditions100: 1 round(s) redone after a gen1/gen2 collection
sql/conditions100      hand   104063.1 ns before   210789.1 ns after   163670.6 ns  before/hand 2.03x  after/hand 1.57x
sql/conditions1000     hand   957454.7 ns before  1871718.8 ns after  1874009.4 ns  before/hand 1.95x  after/hand 1.96x
tsql/comment           scriptdom    43563.8 ns before     2610.8 ns after     2495.0 ns  before/scriptdom 0.06x  after/scriptdom 0.06x
sql/column             hand      282.9 ns before      543.1 ns after      543.6 ns  before/hand 1.92x  after/hand 1.92x
  sql/arithmetic: 1 round(s) redone after a gen1/gen2 collection
sql/arithmetic         hand     3243.2 ns before     6362.1 ns after     6447.2 ns  before/hand 1.96x  after/hand 1.99x
  sql/nest8: 1 round(s) redone after a gen1/gen2 collection
sql/nest8              hand     5613.6 ns before    16513.5 ns after    16780.9 ns  before/hand 2.94x  after/hand 2.99x
sql/condition          hand     4228.7 ns before     8089.8 ns after     7764.2 ns  before/hand 1.91x  after/hand 1.84x
  sql/select1: 1 round(s) redone after a gen1/gen2 collection
sql/select1            hand     1410.4 ns before     2720.5 ns after     2809.6 ns  before/hand 1.93x  after/hand 1.99x
sql/select20           hand    14186.5 ns before    33221.5 ns after    31711.8 ns  before/hand 2.34x  after/hand 2.24x
sql/values             hand     1066.6 ns before     3020.4 ns after     3163.9 ns  before/hand 2.83x  after/hand 2.97x
sql/create             hand     1765.9 ns before     4091.4 ns after     3663.5 ns  before/hand 2.32x  after/hand 2.07x
  sql/refused-late: 1 round(s) redone after a gen1/gen2 collection
sql/refused-late       hand     3493.2 ns before    14231.0 ns after    14079.0 ns  before/hand 4.07x  after/hand 4.03x

# Paired stand, 2026-09-20 02:36

IGOR-DESKTOP, pinned to 0-15, high priority, control 33.5 ns.

The base of a row is what every ratio is over, and its name says what it is: `hand` is a hand-written parser (`DotGram.Handwritten`), `scriptdom` is Microsoft's parser, and `control` is this process's own build of the same generated parser, held constant so that the two sides are compared and nothing is claimed against a hand-written one.

| row | reading | base | base ns | before ns | before/base | after ns | after/base | change | before B | after B |
| --- | --- | --- | ---: | ---: | ---: | ---: | ---: | ---: | ---: | ---: |
| tsql/script100.bool | generated | scriptdom | 1393259.4 | 154762.5 | 0.11x | 155553.1 | 0.11x | +0.5% | 113600 | 105600 |
| tsql/script100.boolboth | generated | scriptdom | 670072.7 | 121489.8 | 0.18x | 126939.8 | 0.19x | +4.5% | 105600 | 105600 |
| tsql/script100 | generated | scriptdom | 676124.2 | 122240.6 | 0.18x | 127412.5 | 0.19x | +4.2% | 113600 | 113600 |
| tsql/script400.bool | generated | scriptdom | 2720956.2 | 493296.9 | 0.18x | 496503.1 | 0.18x | +0.6% | 454400 | 422403 |
| tsql/script400.boolboth | generated | scriptdom | 2778956.2 | 489984.4 | 0.18x | 494818.8 | 0.18x | +1.0% | 422403 | 422403 |
| tsql/script400 | generated | scriptdom | 2687818.8 | 493893.8 | 0.18x | 496321.9 | 0.18x | +0.5% | 454400 | 454400 |
| tsql/columns1000 | generated | scriptdom | 1777390.6 | 190784.4 | 0.11x | 197196.9 | 0.11x | +3.4% | 200464 | 200464 |
| tsql/conditions1000 | generated | scriptdom | 919318.0 | 338513.3 | 0.37x | 341968.0 | 0.37x | +1.0% | 424424 | 424424 |
| tsql/rows1000 | generated | scriptdom | 654321.1 | 287052.3 | 0.44x | 360400.8 | 0.55x | +25.6% | 296472 | 296472 |
| sql/select20.at | generated | hand | 12698.5 | 29564.5 | 2.33x | 29410.5 | 2.32x | -0.5% | 21416 | 21416 |
| sql/select20.window | generated | hand | 12632.8 | 29133.0 | 2.31x | 29981.5 | 2.37x | +2.9% | 21416 | 21416 |
| tsql/insert-values.at | generated | scriptdom | 14720.5 | 2032.7 | 0.14x | 2021.5 | 0.14x | -0.5% | 1328 | 1328 |
| sql/select20.scan | generated | control | 681.2 | 696.2 | 1.02x | 688.6 | 1.01x | -1.1% | 0 | 0 |
| sql/conditions100.scan | generated | control | 6144.5 | 6755.3 | 1.10x | 6241.7 | 1.02x | -7.6% | 0 | 0 |
| tsql/select20.scan | generated | control | 633.3 | 612.5 | 0.97x | 614.6 | 0.97x | +0.3% | 0 | 0 |
| el/ladder.scan | generated | control | 243.2 | 223.6 | 0.92x | 227.2 | 0.93x | +1.6% | 0 | 0 |
| el/refused-early.bool | generated | hand | 431.3 | 1538.9 | 3.57x | 766.4 | 1.78x | -50.2% | 1064 | 624 |
| el/refused-late.bool | generated | hand | 1339.9 | 1819.0 | 1.36x | 957.0 | 0.71x | -47.4% | 1064 | 624 |
| el/ladder.bool | generated | hand | 1778.0 | 2768.9 | 1.56x | 2847.2 | 1.60x | +2.8% | 1776 | 1720 |
| sql/refused-late.bool | generated | hand | 4848.7 | 18379.1 | 3.79x | 8080.9 | 1.67x | -56.0% | 13552 | 6616 |
| sql/select20.bool | generated | hand | 12649.8 | 28051.3 | 2.22x | 30182.1 | 2.39x | +7.6% | 21448 | 21392 |
| el/floor | generated | hand | 317.0 | 869.5 | 2.74x | 826.6 | 2.61x | -4.9% | 1104 | 1104 |
| el/floor | immediate | hand | 317.0 | 484.8 | 1.53x | 485.9 | 1.53x | +0.2% | 1120 | 1120 |
| el/ladder | generated | hand | 1021.8 | 1783.5 | 1.75x | 1787.7 | 1.75x | +0.2% | 1776 | 1776 |
| el/ladder | immediate | hand | 1021.8 | 1190.3 | 1.16x | 1165.5 | 1.14x | -2.1% | 1784 | 1784 |
| el/nest7 | generated | hand | 673.8 | 1772.6 | 2.63x | 1728.3 | 2.57x | -2.5% | 1152 | 1152 |
| el/nest7 | immediate | hand | 673.8 | 1054.4 | 1.56x | 1071.2 | 1.59x | +1.6% | 1120 | 1120 |
| el/block | generated | hand | 1107.1 | 1882.1 | 1.70x | 1878.1 | 1.70x | -0.2% | 2344 | 2344 |
| el/block | immediate | hand | 1107.1 | 1188.7 | 1.07x | 1177.9 | 1.06x | -0.9% | 2440 | 2440 |
| el/try | generated | hand | 3380.5 | 4964.9 | 1.47x | 4911.9 | 1.45x | -1.1% | 4456 | 4456 |
| el/try | immediate | hand | 3380.5 | 3361.0 | 0.99x | 3349.1 | 0.99x | -0.4% | 4152 | 4152 |
| el/loop | generated | hand | 2270.2 | 3788.9 | 1.67x | 3822.7 | 1.68x | +0.9% | 4776 | 4776 |
| el/loop | immediate | hand | 2270.2 | 2623.9 | 1.16x | 2569.1 | 1.13x | -2.1% | 4880 | 4880 |
| el/terms100 | generated | hand | 11677.0 | 16708.1 | 1.43x | 16387.4 | 1.40x | -1.9% | 17904 | 17904 |
| el/terms100 | immediate | hand | 11677.0 | 12766.6 | 1.09x | 12806.7 | 1.10x | +0.3% | 18720 | 18720 |
| el/terms1000 | generated | hand | 112470.2 | 161092.5 | 1.43x | 156619.4 | 1.39x | -2.8% | 169107 | 169104 |
| el/terms1000 | immediate | hand | 112470.2 | 122595.6 | 1.09x | 123612.0 | 1.10x | +0.8% | 177120 | 177120 |
| el/overloads | generated | hand | 1902.0 | 2681.2 | 1.41x | 2675.7 | 1.41x | -0.2% | 4248 | 4248 |
| el/overloads | immediate | hand | 1902.0 | 2095.3 | 1.10x | 2125.5 | 1.12x | +1.4% | 4200 | 4200 |
| el/string | generated | hand | 279.8 | 1015.4 | 3.63x | 1043.6 | 3.73x | +2.8% | 1056 | 1056 |
| el/string | immediate | hand | 279.8 | 687.0 | 2.46x | 712.8 | 2.55x | +3.8% | 1032 | 1032 |
| el/interpolation | generated | hand | 1911.8 | 4756.6 | 2.49x | 4918.2 | 2.57x | +3.4% | 2368 | 2368 |
| el/interpolation | immediate | hand | 1911.8 | 3811.4 | 1.99x | 4063.8 | 2.13x | +6.6% | 2424 | 2424 |
| el/untyped | generated | hand | 25392.6 | 20440.0 | 0.80x | 20155.8 | 0.79x | -1.4% | 16424 | 16424 |
| el/refused-early | generated | hand | 466.3 | 1218.8 | 2.61x | 1265.4 | 2.71x | +3.8% | 1064 | 1064 |
| el/refused-early | immediate | hand | 466.3 | 1225.7 | 2.63x | 1214.8 | 2.61x | -0.9% | 1944 | 1944 |
| el/refused-late | generated | hand | 1475.3 | 1857.9 | 1.26x | 2044.3 | 1.39x | +10.0% | 1064 | 1064 |
| el/refused-late | immediate | hand | 1475.3 | 3149.7 | 2.13x | 3230.1 | 2.19x | +2.6% | 3928 | 3928 |
| sql/literal | generated | hand | 69.5 | 158.7 | 2.29x | 167.4 | 2.41x | +5.5% | 160 | 160 |
| sql/comment | generated | hand | 4186.3 | 8081.7 | 1.93x | 7543.7 | 1.80x | -6.7% | 5136 | 5136 |
| sql/conditions100 | generated | hand | 104063.1 | 210789.1 | 2.03x | 163670.6 | 1.57x | -22.4% | 161736 | 161736 |
| sql/conditions1000 | generated | hand | 957454.7 | 1871718.8 | 1.95x | 1874009.4 | 1.96x | +0.1% | 1616136 | 1616136 |
| tsql/comment | generated | scriptdom | 43563.8 | 2610.8 | 0.06x | 2495.0 | 0.06x | -4.4% | 1192 | 1192 |
| sql/column | generated | hand | 282.9 | 543.1 | 1.92x | 543.6 | 1.92x | +0.1% | 392 | 392 |
| sql/arithmetic | generated | hand | 3243.2 | 6362.1 | 1.96x | 6447.2 | 1.99x | +1.3% | 3472 | 3472 |
| sql/nest8 | generated | hand | 5613.6 | 16513.5 | 2.94x | 16780.9 | 2.99x | +1.6% | 6529 | 6529 |
| sql/condition | generated | hand | 4228.7 | 8089.8 | 1.91x | 7764.2 | 1.84x | -4.0% | 4928 | 4928 |
| sql/select1 | generated | hand | 1410.4 | 2720.5 | 1.93x | 2809.6 | 1.99x | +3.3% | 1688 | 1688 |
| sql/select20 | generated | hand | 14186.5 | 33221.5 | 2.34x | 31711.8 | 2.24x | -4.5% | 21448 | 21448 |
| sql/values | generated | hand | 1066.6 | 3020.4 | 2.83x | 3163.9 | 2.97x | +4.7% | 1904 | 1904 |
| sql/create | generated | hand | 1765.9 | 4091.4 | 2.32x | 3663.5 | 2.07x | -10.5% | 1568 | 1568 |
| sql/refused-late | generated | hand | 3493.2 | 14231.0 | 4.07x | 14079.0 | 4.03x | -1.1% | 13552 | 13552 |

Written to T:\TEMP\dotgram-stand\w83\pair\run-4
=== run 5 of 5, 02:36:01
49 rows, every reading agreeing. Timing 8 rounds.
  tsql/script100.bool: 2 round(s) redone after a gen1/gen2 collection
tsql/script100.bool    scriptdom  1140846.9 ns before   178809.4 ns after   180778.1 ns  before/scriptdom 0.16x  after/scriptdom 0.16x
  tsql/script100.boolboth: 8 round(s) redone after a gen1/gen2 collection
tsql/script100.boolboth scriptdom   697930.5 ns before   129460.9 ns after   128504.7 ns  before/scriptdom 0.19x  after/scriptdom 0.18x
  tsql/script100: 7 round(s) redone after a gen1/gen2 collection
tsql/script100         scriptdom   687847.7 ns before   126476.6 ns after   127343.0 ns  before/scriptdom 0.18x  after/scriptdom 0.19x
  tsql/script400.bool: 9 round(s) redone after a gen1/gen2 collection
tsql/script400.bool    scriptdom  2741012.5 ns before   509715.6 ns after   522309.4 ns  before/scriptdom 0.19x  after/scriptdom 0.19x
  tsql/script400.boolboth: 6 round(s) redone after a gen1/gen2 collection
tsql/script400.boolboth scriptdom  2716121.9 ns before   514303.1 ns after   516737.5 ns  before/scriptdom 0.19x  after/scriptdom 0.19x
  tsql/script400: 7 round(s) redone after a gen1/gen2 collection
tsql/script400         scriptdom  2768840.6 ns before   532750.0 ns after   497746.9 ns  before/scriptdom 0.19x  after/scriptdom 0.18x
  tsql/columns1000: 6 round(s) redone after a gen1/gen2 collection
tsql/columns1000       scriptdom  1777818.8 ns before   200407.8 ns after   188203.1 ns  before/scriptdom 0.11x  after/scriptdom 0.11x
  tsql/conditions1000: 29 round(s) redone after a gen1/gen2 collection
tsql/conditions1000    scriptdom   917853.9 ns before   364975.8 ns after   355661.7 ns  before/scriptdom 0.40x  after/scriptdom 0.39x
  tsql/rows1000: 18 round(s) redone after a gen1/gen2 collection
tsql/rows1000          scriptdom   606839.1 ns before   264228.9 ns after   261835.9 ns  before/scriptdom 0.44x  after/scriptdom 0.43x
sql/select20.at        hand     7294.2 ns before    18032.8 ns after    18165.8 ns  before/hand 2.47x  after/hand 2.49x
  sql/select20.window: 1 round(s) redone after a gen1/gen2 collection
sql/select20.window    hand     7687.6 ns before    19497.5 ns after    19655.2 ns  before/hand 2.54x  after/hand 2.56x
  tsql/insert-values.at: 4 round(s) redone after a gen1/gen2 collection
tsql/insert-values.at  scriptdom     8334.3 ns before     1216.5 ns after     1159.3 ns  before/scriptdom 0.15x  after/scriptdom 0.14x
sql/select20.scan      control      408.1 ns before      410.2 ns after      404.4 ns  before/control 1.01x  after/control 0.99x
sql/conditions100.scan control     3832.3 ns before     3706.6 ns after     3733.1 ns  before/control 0.97x  after/control 0.97x
tsql/select20.scan     control      712.9 ns before      684.1 ns after      663.8 ns  before/control 0.96x  after/control 0.93x
el/ladder.scan         control      261.1 ns before      264.3 ns after      275.3 ns  before/control 1.01x  after/control 1.05x
el/refused-early.bool  hand      600.4 ns before     1734.7 ns after      884.4 ns  before/hand 2.89x  after/hand 1.47x
el/refused-late.bool   hand     1771.8 ns before     2493.3 ns after     1297.3 ns  before/hand 1.41x  after/hand 0.73x
  el/ladder.bool: 1 round(s) redone after a gen1/gen2 collection
el/ladder.bool         hand     1786.6 ns before     2811.8 ns after     2692.7 ns  before/hand 1.57x  after/hand 1.51x
sql/refused-late.bool  hand     4178.1 ns before    17524.5 ns after     8924.3 ns  before/hand 4.19x  after/hand 2.14x
sql/select20.bool      hand    12104.3 ns before    28002.6 ns after    29852.4 ns  before/hand 2.31x  after/hand 2.47x
el/floor               hand      584.9 ns before     1217.6 ns after     1186.5 ns before-immediate      704.4 ns after-immediate      655.5 ns  before/hand 2.08x  after/hand 2.03x  before-immediate/hand 1.20x  after-immediate/hand 1.12x
el/ladder              hand     1765.7 ns before     2537.7 ns after     2781.6 ns before-immediate     1866.1 ns after-immediate     1889.7 ns  before/hand 1.44x  after/hand 1.58x  before-immediate/hand 1.06x  after-immediate/hand 1.07x
  el/nest7: 1 round(s) redone after a gen1/gen2 collection
el/nest7               hand      942.5 ns before     2408.1 ns after     2761.6 ns before-immediate     1599.7 ns after-immediate     1537.9 ns  before/hand 2.56x  after/hand 2.93x  before-immediate/hand 1.70x  after-immediate/hand 1.63x
  el/block: 1 round(s) redone after a gen1/gen2 collection
el/block               hand     1130.0 ns before     1896.7 ns after     1923.0 ns before-immediate     1250.7 ns after-immediate     1258.2 ns  before/hand 1.68x  after/hand 1.70x  before-immediate/hand 1.11x  after-immediate/hand 1.11x
el/try                 hand     3480.9 ns before     4936.5 ns after     5046.6 ns before-immediate     3448.2 ns after-immediate     3477.3 ns  before/hand 1.42x  after/hand 1.45x  before-immediate/hand 0.99x  after-immediate/hand 1.00x
  el/loop: 1 round(s) redone after a gen1/gen2 collection
el/loop                hand     2465.8 ns before     3893.4 ns after     4008.7 ns before-immediate     2750.2 ns after-immediate     2730.9 ns  before/hand 1.58x  after/hand 1.63x  before-immediate/hand 1.12x  after-immediate/hand 1.11x
el/terms100            hand    12306.3 ns before    17504.0 ns after    16941.5 ns before-immediate    13777.0 ns after-immediate    13287.4 ns  before/hand 1.42x  after/hand 1.38x  before-immediate/hand 1.12x  after-immediate/hand 1.08x
  el/terms1000: 4 round(s) redone after a gen1/gen2 collection
el/terms1000           hand   114547.3 ns before   160025.9 ns after   158106.4 ns before-immediate   128683.1 ns after-immediate   123903.4 ns  before/hand 1.40x  after/hand 1.38x  before-immediate/hand 1.12x  after-immediate/hand 1.08x
el/overloads           hand     1949.0 ns before     2709.9 ns after     2747.0 ns before-immediate     2212.1 ns after-immediate     2188.6 ns  before/hand 1.39x  after/hand 1.41x  before-immediate/hand 1.13x  after-immediate/hand 1.12x
  el/string: 2 round(s) redone after a gen1/gen2 collection
el/string              hand      366.1 ns before     1339.9 ns after     1451.2 ns before-immediate      864.9 ns after-immediate      860.2 ns  before/hand 3.66x  after/hand 3.96x  before-immediate/hand 2.36x  after-immediate/hand 2.35x
  el/interpolation: 1 round(s) redone after a gen1/gen2 collection
el/interpolation       hand     3271.6 ns before     7250.3 ns after     7289.0 ns before-immediate     6492.3 ns after-immediate     5573.3 ns  before/hand 2.22x  after/hand 2.23x  before-immediate/hand 1.98x  after-immediate/hand 1.70x
el/untyped             hand    26026.4 ns before    25437.0 ns after    38667.8 ns  before/hand 0.98x  after/hand 1.49x
el/refused-early       hand      693.6 ns before     1723.4 ns after     1829.7 ns before-immediate     1831.7 ns after-immediate     2018.1 ns  before/hand 2.48x  after/hand 2.64x  before-immediate/hand 2.64x  after-immediate/hand 2.91x
el/refused-late        hand     2432.3 ns before     2870.8 ns after     2643.9 ns before-immediate     4823.9 ns after-immediate     4867.4 ns  before/hand 1.18x  after/hand 1.09x  before-immediate/hand 1.98x  after-immediate/hand 2.00x
sql/literal            hand      105.2 ns before      227.4 ns after      196.0 ns  before/hand 2.16x  after/hand 1.86x
  sql/comment: 1 round(s) redone after a gen1/gen2 collection
sql/comment            hand     4889.9 ns before     7797.1 ns after     7887.7 ns  before/hand 1.59x  after/hand 1.61x
sql/conditions100      hand   108812.7 ns before   205893.4 ns after   206683.9 ns  before/hand 1.89x  after/hand 1.90x
sql/conditions1000     hand   636897.7 ns before  1328801.6 ns after  1365012.5 ns  before/hand 2.09x  after/hand 2.14x
  tsql/comment: 1 round(s) redone after a gen1/gen2 collection
tsql/comment           scriptdom    23423.0 ns before     1615.4 ns after     1632.3 ns  before/scriptdom 0.07x  after/scriptdom 0.07x
sql/column             hand      169.6 ns before      377.3 ns after      374.8 ns  before/hand 2.22x  after/hand 2.21x
sql/arithmetic         hand     1915.0 ns before     4494.3 ns after     4553.3 ns  before/hand 2.35x  after/hand 2.38x
sql/nest8              hand     3238.4 ns before    12059.8 ns after    12788.3 ns  before/hand 3.72x  after/hand 3.95x
sql/condition          hand     2179.7 ns before     4626.8 ns after     4625.4 ns  before/hand 2.12x  after/hand 2.12x
sql/select1            hand      789.0 ns before     1631.2 ns after     1657.3 ns  before/hand 2.07x  after/hand 2.10x
sql/select20           hand     9091.4 ns before    20004.6 ns after    19979.5 ns  before/hand 2.20x  after/hand 2.20x
sql/values             hand      574.4 ns before     1848.2 ns after     1967.4 ns  before/hand 3.22x  after/hand 3.43x
sql/create             hand      903.5 ns before     2747.5 ns after     2774.3 ns  before/hand 3.04x  after/hand 3.07x
  sql/refused-late: 1 round(s) redone after a gen1/gen2 collection
sql/refused-late       hand     4357.1 ns before    15907.6 ns after    16125.5 ns  before/hand 3.65x  after/hand 3.70x

# Paired stand, 2026-09-20 02:40

IGOR-DESKTOP, pinned to 0-15, high priority, control 32.7 ns.

The base of a row is what every ratio is over, and its name says what it is: `hand` is a hand-written parser (`DotGram.Handwritten`), `scriptdom` is Microsoft's parser, and `control` is this process's own build of the same generated parser, held constant so that the two sides are compared and nothing is claimed against a hand-written one.

| row | reading | base | base ns | before ns | before/base | after ns | after/base | change | before B | after B |
| --- | --- | --- | ---: | ---: | ---: | ---: | ---: | ---: | ---: | ---: |
| tsql/script100.bool | generated | scriptdom | 1140846.9 | 178809.4 | 0.16x | 180778.1 | 0.16x | +1.1% | 113600 | 105600 |
| tsql/script100.boolboth | generated | scriptdom | 697930.5 | 129460.9 | 0.19x | 128504.7 | 0.18x | -0.7% | 105600 | 105600 |
| tsql/script100 | generated | scriptdom | 687847.7 | 126476.6 | 0.18x | 127343.0 | 0.19x | +0.7% | 113600 | 113600 |
| tsql/script400.bool | generated | scriptdom | 2741012.5 | 509715.6 | 0.19x | 522309.4 | 0.19x | +2.5% | 454400 | 422403 |
| tsql/script400.boolboth | generated | scriptdom | 2716121.9 | 514303.1 | 0.19x | 516737.5 | 0.19x | +0.5% | 422403 | 422403 |
| tsql/script400 | generated | scriptdom | 2768840.6 | 532750.0 | 0.19x | 497746.9 | 0.18x | -6.6% | 454400 | 454400 |
| tsql/columns1000 | generated | scriptdom | 1777818.8 | 200407.8 | 0.11x | 188203.1 | 0.11x | -6.1% | 200464 | 200464 |
| tsql/conditions1000 | generated | scriptdom | 917853.9 | 364975.8 | 0.40x | 355661.7 | 0.39x | -2.6% | 424424 | 424424 |
| tsql/rows1000 | generated | scriptdom | 606839.1 | 264228.9 | 0.44x | 261835.9 | 0.43x | -0.9% | 296472 | 296472 |
| sql/select20.at | generated | hand | 7294.2 | 18032.8 | 2.47x | 18165.8 | 2.49x | +0.7% | 21416 | 21416 |
| sql/select20.window | generated | hand | 7687.6 | 19497.5 | 2.54x | 19655.2 | 2.56x | +0.8% | 21416 | 21416 |
| tsql/insert-values.at | generated | scriptdom | 8334.3 | 1216.5 | 0.15x | 1159.3 | 0.14x | -4.7% | 1328 | 1328 |
| sql/select20.scan | generated | control | 408.1 | 410.2 | 1.01x | 404.4 | 0.99x | -1.4% | 0 | 0 |
| sql/conditions100.scan | generated | control | 3832.3 | 3706.6 | 0.97x | 3733.1 | 0.97x | +0.7% | 0 | 0 |
| tsql/select20.scan | generated | control | 712.9 | 684.1 | 0.96x | 663.8 | 0.93x | -3.0% | 0 | 0 |
| el/ladder.scan | generated | control | 261.1 | 264.3 | 1.01x | 275.3 | 1.05x | +4.2% | 0 | 0 |
| el/refused-early.bool | generated | hand | 600.4 | 1734.7 | 2.89x | 884.4 | 1.47x | -49.0% | 1064 | 624 |
| el/refused-late.bool | generated | hand | 1771.8 | 2493.3 | 1.41x | 1297.3 | 0.73x | -48.0% | 1064 | 624 |
| el/ladder.bool | generated | hand | 1786.6 | 2811.8 | 1.57x | 2692.7 | 1.51x | -4.2% | 1776 | 1720 |
| sql/refused-late.bool | generated | hand | 4178.1 | 17524.5 | 4.19x | 8924.3 | 2.14x | -49.1% | 13552 | 6616 |
| sql/select20.bool | generated | hand | 12104.3 | 28002.6 | 2.31x | 29852.4 | 2.47x | +6.6% | 21448 | 21392 |
| el/floor | generated | hand | 584.9 | 1217.6 | 2.08x | 1186.5 | 2.03x | -2.6% | 1104 | 1104 |
| el/floor | immediate | hand | 584.9 | 704.4 | 1.20x | 655.5 | 1.12x | -6.9% | 1120 | 1120 |
| el/ladder | generated | hand | 1765.7 | 2537.7 | 1.44x | 2781.6 | 1.58x | +9.6% | 1776 | 1776 |
| el/ladder | immediate | hand | 1765.7 | 1866.1 | 1.06x | 1889.7 | 1.07x | +1.3% | 1784 | 1784 |
| el/nest7 | generated | hand | 942.5 | 2408.1 | 2.56x | 2761.6 | 2.93x | +14.7% | 1152 | 1152 |
| el/nest7 | immediate | hand | 942.5 | 1599.7 | 1.70x | 1537.9 | 1.63x | -3.9% | 1120 | 1120 |
| el/block | generated | hand | 1130.0 | 1896.7 | 1.68x | 1923.0 | 1.70x | +1.4% | 2344 | 2344 |
| el/block | immediate | hand | 1130.0 | 1250.7 | 1.11x | 1258.2 | 1.11x | +0.6% | 2440 | 2440 |
| el/try | generated | hand | 3480.9 | 4936.5 | 1.42x | 5046.6 | 1.45x | +2.2% | 4456 | 4456 |
| el/try | immediate | hand | 3480.9 | 3448.2 | 0.99x | 3477.3 | 1.00x | +0.8% | 4152 | 4152 |
| el/loop | generated | hand | 2465.8 | 3893.4 | 1.58x | 4008.7 | 1.63x | +3.0% | 4776 | 4776 |
| el/loop | immediate | hand | 2465.8 | 2750.2 | 1.12x | 2730.9 | 1.11x | -0.7% | 4880 | 4880 |
| el/terms100 | generated | hand | 12306.3 | 17504.0 | 1.42x | 16941.5 | 1.38x | -3.2% | 17904 | 17904 |
| el/terms100 | immediate | hand | 12306.3 | 13777.0 | 1.12x | 13287.4 | 1.08x | -3.6% | 18720 | 18720 |
| el/terms1000 | generated | hand | 114547.3 | 160025.9 | 1.40x | 158106.4 | 1.38x | -1.2% | 169104 | 169107 |
| el/terms1000 | immediate | hand | 114547.3 | 128683.1 | 1.12x | 123903.4 | 1.08x | -3.7% | 177120 | 177120 |
| el/overloads | generated | hand | 1949.0 | 2709.9 | 1.39x | 2747.0 | 1.41x | +1.4% | 4248 | 4248 |
| el/overloads | immediate | hand | 1949.0 | 2212.1 | 1.13x | 2188.6 | 1.12x | -1.1% | 4200 | 4200 |
| el/string | generated | hand | 366.1 | 1339.9 | 3.66x | 1451.2 | 3.96x | +8.3% | 1056 | 1081 |
| el/string | immediate | hand | 366.1 | 864.9 | 2.36x | 860.2 | 2.35x | -0.5% | 1032 | 1032 |
| el/interpolation | generated | hand | 3271.6 | 7250.3 | 2.22x | 7289.0 | 2.23x | +0.5% | 2368 | 2368 |
| el/interpolation | immediate | hand | 3271.6 | 6492.3 | 1.98x | 5573.3 | 1.70x | -14.2% | 2424 | 2424 |
| el/untyped | generated | hand | 26026.4 | 25437.0 | 0.98x | 38667.8 | 1.49x | +52.0% | 16424 | 16424 |
| el/refused-early | generated | hand | 693.6 | 1723.4 | 2.48x | 1829.7 | 2.64x | +6.2% | 1064 | 1064 |
| el/refused-early | immediate | hand | 693.6 | 1831.7 | 2.64x | 2018.1 | 2.91x | +10.2% | 1944 | 1944 |
| el/refused-late | generated | hand | 2432.3 | 2870.8 | 1.18x | 2643.9 | 1.09x | -7.9% | 1064 | 1064 |
| el/refused-late | immediate | hand | 2432.3 | 4823.9 | 1.98x | 4867.4 | 2.00x | +0.9% | 3928 | 3928 |
| sql/literal | generated | hand | 105.2 | 227.4 | 2.16x | 196.0 | 1.86x | -13.8% | 160 | 160 |
| sql/comment | generated | hand | 4889.9 | 7797.1 | 1.59x | 7887.7 | 1.61x | +1.2% | 5136 | 5136 |
| sql/conditions100 | generated | hand | 108812.7 | 205893.4 | 1.89x | 206683.9 | 1.90x | +0.4% | 161736 | 161736 |
| sql/conditions1000 | generated | hand | 636897.7 | 1328801.6 | 2.09x | 1365012.5 | 2.14x | +2.7% | 1616136 | 1616136 |
| tsql/comment | generated | scriptdom | 23423.0 | 1615.4 | 0.07x | 1632.3 | 0.07x | +1.0% | 1192 | 1192 |
| sql/column | generated | hand | 169.6 | 377.3 | 2.22x | 374.8 | 2.21x | -0.7% | 392 | 392 |
| sql/arithmetic | generated | hand | 1915.0 | 4494.3 | 2.35x | 4553.3 | 2.38x | +1.3% | 3472 | 3472 |
| sql/nest8 | generated | hand | 3238.4 | 12059.8 | 3.72x | 12788.3 | 3.95x | +6.0% | 6504 | 6504 |
| sql/condition | generated | hand | 2179.7 | 4626.8 | 2.12x | 4625.4 | 2.12x | 0.0% | 4928 | 4928 |
| sql/select1 | generated | hand | 789.0 | 1631.2 | 2.07x | 1657.3 | 2.10x | +1.6% | 1688 | 1688 |
| sql/select20 | generated | hand | 9091.4 | 20004.6 | 2.20x | 19979.5 | 2.20x | -0.1% | 21448 | 21448 |
| sql/values | generated | hand | 574.4 | 1848.2 | 3.22x | 1967.4 | 3.43x | +6.4% | 1904 | 1904 |
| sql/create | generated | hand | 903.5 | 2747.5 | 3.04x | 2774.3 | 3.07x | +1.0% | 1568 | 1568 |
| sql/refused-late | generated | hand | 4357.1 | 15907.6 | 3.65x | 16125.5 | 3.70x | +1.4% | 13552 | 13552 |

Written to T:\TEMP\dotgram-stand\w83\pair\run-5

Median of 4 of 5 runs, each in a process of its own; control 31.6 ns (the runs' controls: 31.2, 31.5, 31.8, 33.5, 32.7).
Dropped for a control more than 5% off the median: run 4.
The spread column is the spread of the base reading between runs, not between rounds.

# Paired stand, 2026-09-20 02:40

IGOR-DESKTOP, pinned to 0-15, high priority, control 31.6 ns.

The base of a row is what every ratio is over, and its name says what it is: `hand` is a hand-written parser (`DotGram.Handwritten`), `scriptdom` is Microsoft's parser, and `control` is this process's own build of the same generated parser, held constant so that the two sides are compared and nothing is claimed against a hand-written one.

| row | reading | base | base ns | before ns | before/base | after ns | after/base | change | before B | after B |
| --- | --- | --- | ---: | ---: | ---: | ---: | ---: | ---: | ---: | ---: |
| tsql/script100.bool | generated | scriptdom | 1363990.6 | 143246.9 | 0.11x | 125543.8 | 0.09x | -12.4% | 113600 | 105600 |
| tsql/script100.boolboth | generated | scriptdom | 666383.2 | 123016.4 | 0.18x | 127018.4 | 0.19x | +3.3% | 105600 | 105600 |
| tsql/script100 | generated | scriptdom | 673499.6 | 124059.0 | 0.18x | 126782.4 | 0.19x | +2.2% | 113600 | 113600 |
| tsql/script400.bool | generated | scriptdom | 2666087.5 | 503664.1 | 0.19x | 490270.3 | 0.18x | -2.7% | 454400 | 422403 |
| tsql/script400.boolboth | generated | scriptdom | 2683675.0 | 492231.2 | 0.18x | 493070.3 | 0.18x | +0.2% | 422403 | 422403 |
| tsql/script400 | generated | scriptdom | 2669778.1 | 492675.0 | 0.18x | 502296.9 | 0.19x | +2.0% | 454400 | 454400 |
| tsql/columns1000 | generated | scriptdom | 1762969.5 | 193229.7 | 0.11x | 190630.5 | 0.11x | -1.3% | 200464 | 200464 |
| tsql/conditions1000 | generated | scriptdom | 897875.4 | 349827.0 | 0.39x | 351133.2 | 0.39x | +0.4% | 424424 | 424424 |
| tsql/rows1000 | generated | scriptdom | 609775.0 | 256124.2 | 0.42x | 262052.3 | 0.43x | +2.3% | 296472 | 296472 |
| sql/select20.at | generated | hand | 7312.9 | 18260.6 | 2.50x | 17898.9 | 2.45x | -2.0% | 21416 | 21416 |
| sql/select20.window | generated | hand | 7334.7 | 19218.0 | 2.62x | 18698.0 | 2.55x | -2.7% | 21416 | 21416 |
| tsql/insert-values.at | generated | scriptdom | 8327.1 | 1198.5 | 0.14x | 1223.2 | 0.15x | +2.1% | 1328 | 1328 |
| sql/select20.scan | generated | control | 387.4 | 389.5 | 1.01x | 388.8 | 1.00x | -0.2% | 0 | 0 |
| sql/conditions100.scan | generated | control | 3544.3 | 3590.4 | 1.01x | 3597.6 | 1.02x | +0.2% | 0 | 0 |
| tsql/select20.scan | generated | control | 395.2 | 394.3 | 1.00x | 395.3 | 1.00x | +0.2% | 0 | 0 |
| el/ladder.scan | generated | control | 142.3 | 139.7 | 0.98x | 139.5 | 0.98x | -0.1% | 0 | 0 |
| el/refused-early.bool | generated | hand | 340.8 | 1105.6 | 3.24x | 590.0 | 1.73x | -46.6% | 1064 | 624 |
| el/refused-late.bool | generated | hand | 1244.2 | 1830.7 | 1.47x | 977.7 | 0.79x | -46.6% | 1064 | 624 |
| el/ladder.bool | generated | hand | 1027.0 | 1809.8 | 1.76x | 1801.5 | 1.75x | -0.5% | 1776 | 1720 |
| sql/refused-late.bool | generated | hand | 2746.0 | 12774.7 | 4.65x | 5997.1 | 2.18x | -53.1% | 13552 | 6616 |
| sql/select20.bool | generated | hand | 7336.3 | 19141.8 | 2.61x | 18232.3 | 2.49x | -4.8% | 21448 | 21392 |
| el/floor | generated | hand | 326.8 | 838.9 | 2.57x | 886.2 | 2.71x | +5.6% | 1104 | 1104 |
| el/floor | immediate | hand | 326.8 | 505.6 | 1.55x | 495.3 | 1.52x | -2.0% | 1120 | 1120 |
| el/ladder | generated | hand | 1036.9 | 1809.4 | 1.74x | 1842.2 | 1.78x | +1.8% | 1776 | 1776 |
| el/ladder | immediate | hand | 1036.9 | 1212.5 | 1.17x | 1195.8 | 1.15x | -1.4% | 1784 | 1784 |
| el/nest7 | generated | hand | 744.7 | 1794.9 | 2.41x | 1791.5 | 2.41x | -0.2% | 1152 | 1152 |
| el/nest7 | immediate | hand | 744.7 | 1091.4 | 1.47x | 1074.9 | 1.44x | -1.5% | 1120 | 1120 |
| el/block | generated | hand | 1102.0 | 1896.1 | 1.72x | 1917.4 | 1.74x | +1.1% | 2344 | 2344 |
| el/block | immediate | hand | 1102.0 | 1226.5 | 1.11x | 1241.1 | 1.13x | +1.2% | 2440 | 2440 |
| el/try | generated | hand | 3354.6 | 4840.7 | 1.44x | 4771.7 | 1.42x | -1.4% | 4456 | 4456 |
| el/try | immediate | hand | 3354.6 | 3379.9 | 1.01x | 3395.4 | 1.01x | +0.5% | 4152 | 4152 |
| el/loop | generated | hand | 2351.1 | 3847.4 | 1.64x | 3920.1 | 1.67x | +1.9% | 4776 | 4776 |
| el/loop | immediate | hand | 2351.1 | 2665.7 | 1.13x | 2614.0 | 1.11x | -1.9% | 4880 | 4880 |
| el/terms100 | generated | hand | 11885.3 | 16568.0 | 1.39x | 16782.9 | 1.41x | +1.3% | 17904 | 17904 |
| el/terms100 | immediate | hand | 11885.3 | 13059.3 | 1.10x | 13260.8 | 1.12x | +1.5% | 18720 | 18720 |
| el/terms1000 | generated | hand | 114481.9 | 157695.9 | 1.38x | 158929.5 | 1.39x | +0.8% | 169104 | 169107 |
| el/terms1000 | immediate | hand | 114481.9 | 126260.5 | 1.10x | 127174.2 | 1.11x | +0.7% | 177120 | 177120 |
| el/overloads | generated | hand | 1936.0 | 2687.7 | 1.39x | 2717.5 | 1.40x | +1.1% | 4248 | 4248 |
| el/overloads | immediate | hand | 1936.0 | 2102.8 | 1.09x | 2144.9 | 1.11x | +2.0% | 4200 | 4200 |
| el/string | generated | hand | 290.2 | 1006.2 | 3.47x | 1034.0 | 3.56x | +2.8% | 1056 | 1056 |
| el/string | immediate | hand | 290.2 | 681.5 | 2.35x | 681.9 | 2.35x | +0.1% | 1032 | 1032 |
| el/interpolation | generated | hand | 2028.4 | 4923.2 | 2.43x | 4992.5 | 2.46x | +1.4% | 2368 | 2368 |
| el/interpolation | immediate | hand | 2028.4 | 4836.8 | 2.38x | 4298.3 | 2.12x | -11.1% | 2424 | 2424 |
| el/untyped | generated | hand | 18688.8 | 25882.6 | 1.38x | 19926.2 | 1.07x | -23.0% | 16424 | 16424 |
| el/refused-early | generated | hand | 485.4 | 1263.1 | 2.60x | 1367.7 | 2.82x | +8.3% | 1064 | 1064 |
| el/refused-early | immediate | hand | 485.4 | 1284.1 | 2.65x | 1264.7 | 2.61x | -1.5% | 1944 | 1944 |
| el/refused-late | generated | hand | 1475.4 | 1981.0 | 1.34x | 1971.3 | 1.34x | -0.5% | 1064 | 1064 |
| el/refused-late | immediate | hand | 1475.4 | 3317.1 | 2.25x | 3254.3 | 2.21x | -1.9% | 3928 | 3928 |
| sql/literal | generated | hand | 67.9 | 153.2 | 2.26x | 159.9 | 2.35x | +4.4% | 160 | 160 |
| sql/comment | generated | hand | 2919.2 | 5477.2 | 1.88x | 5469.7 | 1.87x | -0.1% | 5136 | 5136 |
| sql/conditions100 | generated | hand | 73430.6 | 148355.4 | 2.02x | 140675.9 | 1.92x | -5.2% | 161736 | 161736 |
| sql/conditions1000 | generated | hand | 735957.8 | 1445898.4 | 1.96x | 1393880.1 | 1.89x | -3.6% | 1616136 | 1616136 |
| tsql/comment | generated | scriptdom | 25625.8 | 1586.4 | 0.06x | 1612.2 | 0.06x | +1.6% | 1192 | 1192 |
| sql/column | generated | hand | 187.9 | 387.4 | 2.06x | 387.0 | 2.06x | -0.1% | 392 | 392 |
| sql/arithmetic | generated | hand | 2171.2 | 4730.1 | 2.18x | 4630.1 | 2.13x | -2.1% | 3472 | 3472 |
| sql/nest8 | generated | hand | 3495.8 | 12736.8 | 3.64x | 12522.7 | 3.58x | -1.7% | 6504 | 6504 |
| sql/condition | generated | hand | 2533.0 | 4902.6 | 1.94x | 4936.1 | 1.95x | +0.7% | 4928 | 4928 |
| sql/select1 | generated | hand | 864.1 | 1706.7 | 1.98x | 1735.2 | 2.01x | +1.7% | 1688 | 1688 |
| sql/select20 | generated | hand | 10165.1 | 21545.0 | 2.12x | 21066.0 | 2.07x | -2.2% | 21448 | 21448 |
| sql/values | generated | hand | 730.9 | 2025.6 | 2.77x | 2024.8 | 2.77x | 0.0% | 1904 | 1904 |
| sql/create | generated | hand | 1008.8 | 2855.4 | 2.83x | 2904.3 | 2.88x | +1.7% | 1568 | 1568 |
| sql/refused-late | generated | hand | 3971.7 | 14999.6 | 3.78x | 14183.0 | 3.57x | -5.4% | 13552 | 13552 |

Written to T:\TEMP\dotgram-stand\w83\pair
