=== run 1 of 7, 23:11:11
8 rows, every reading agreeing. Timing 8 rounds.
sql/select20.at        hand     8577.1 ns before    22566.2 ns after    22121.5 ns  before/hand 2.63x  after/hand 2.58x
sql/select20.window    hand     8610.2 ns before    23231.7 ns after    23004.6 ns  before/hand 2.70x  after/hand 2.67x
sql/select20.scan      control      385.8 ns before      393.8 ns after      392.1 ns  before/control 1.02x  after/control 1.02x
tsql/select20.scan     control      392.5 ns before      389.8 ns after      395.4 ns  before/control 0.99x  after/control 1.01x
sql/refused-late.bool  hand     3354.6 ns before    15072.5 ns after     7369.0 ns  before/hand 4.49x  after/hand 2.20x
  sql/select20.bool: 1 round(s) redone after a gen1/gen2 collection
sql/select20.bool      hand     8403.3 ns before    22630.9 ns after    22833.2 ns  before/hand 2.69x  after/hand 2.72x
sql/select20           hand     8447.8 ns before    23388.2 ns after    23177.6 ns  before/hand 2.77x  after/hand 2.74x
  sql/refused-late: 1 round(s) redone after a gen1/gen2 collection
sql/refused-late       hand     3358.5 ns before    15142.2 ns after    15331.2 ns  before/hand 4.51x  after/hand 4.56x

# Paired stand, 2026-09-19 23:11

IGOR-DESKTOP, pinned to 0-15, high priority, control 31.6 ns.

The base of a row is what every ratio is over, and its name says what it is: `hand` is a hand-written parser (`DotGram.Handwritten`), `scriptdom` is Microsoft's parser, and `control` is this process's own build of the same generated parser, held constant so that the two sides are compared and nothing is claimed against a hand-written one.

| row | reading | base | base ns | before ns | before/base | after ns | after/base | change | before B | after B |
| --- | --- | --- | ---: | ---: | ---: | ---: | ---: | ---: | ---: | ---: |
| sql/select20.at | generated | hand | 8577.1 | 22566.2 | 2.63x | 22121.5 | 2.58x | -2.0% | 21416 | 21416 |
| sql/select20.window | generated | hand | 8610.2 | 23231.7 | 2.70x | 23004.6 | 2.67x | -1.0% | 21416 | 21416 |
| sql/select20.scan | generated | control | 385.8 | 393.8 | 1.02x | 392.1 | 1.02x | -0.4% | 0 | 0 |
| tsql/select20.scan | generated | control | 392.5 | 389.8 | 0.99x | 395.4 | 1.01x | +1.4% | 0 | 0 |
| sql/refused-late.bool | generated | hand | 3354.6 | 15072.5 | 4.49x | 7369.0 | 2.20x | -51.1% | 13552 | 6616 |
| sql/select20.bool | generated | hand | 8403.3 | 22630.9 | 2.69x | 22833.2 | 2.72x | +0.9% | 21448 | 21392 |
| sql/select20 | generated | hand | 8447.8 | 23388.2 | 2.77x | 23177.6 | 2.74x | -0.9% | 21448 | 21448 |
| sql/refused-late | generated | hand | 3358.5 | 15142.2 | 4.51x | 15331.2 | 4.56x | +1.2% | 13552 | 13552 |

Written to T:\TEMP\dotgram-stand\w66\pair-pgo0\run-1
=== run 2 of 7, 23:11:46
8 rows, every reading agreeing. Timing 8 rounds.
sql/select20.at        hand     8099.7 ns before    21714.1 ns after    21212.8 ns  before/hand 2.68x  after/hand 2.62x
sql/select20.window    hand     8500.7 ns before    23340.6 ns after    23661.4 ns  before/hand 2.75x  after/hand 2.78x
sql/select20.scan      control      399.7 ns before      392.4 ns after      385.9 ns  before/control 0.98x  after/control 0.97x
tsql/select20.scan     control      411.8 ns before      404.8 ns after      397.3 ns  before/control 0.98x  after/control 0.96x
sql/refused-late.bool  hand     3319.1 ns before    15465.5 ns after     7591.3 ns  before/hand 4.66x  after/hand 2.29x
  sql/select20.bool: 1 round(s) redone after a gen1/gen2 collection
sql/select20.bool      hand     8471.2 ns before    23279.7 ns after    23033.3 ns  before/hand 2.75x  after/hand 2.72x
sql/select20           hand     8537.5 ns before    23070.7 ns after    22899.6 ns  before/hand 2.70x  after/hand 2.68x
  sql/refused-late: 1 round(s) redone after a gen1/gen2 collection
sql/refused-late       hand     3237.6 ns before    15296.0 ns after    15293.4 ns  before/hand 4.72x  after/hand 4.72x

# Paired stand, 2026-09-19 23:12

IGOR-DESKTOP, pinned to 0-15, high priority, control 31.5 ns.

The base of a row is what every ratio is over, and its name says what it is: `hand` is a hand-written parser (`DotGram.Handwritten`), `scriptdom` is Microsoft's parser, and `control` is this process's own build of the same generated parser, held constant so that the two sides are compared and nothing is claimed against a hand-written one.

| row | reading | base | base ns | before ns | before/base | after ns | after/base | change | before B | after B |
| --- | --- | --- | ---: | ---: | ---: | ---: | ---: | ---: | ---: | ---: |
| sql/select20.at | generated | hand | 8099.7 | 21714.1 | 2.68x | 21212.8 | 2.62x | -2.3% | 21416 | 21416 |
| sql/select20.window | generated | hand | 8500.7 | 23340.6 | 2.75x | 23661.4 | 2.78x | +1.4% | 21416 | 21416 |
| sql/select20.scan | generated | control | 399.7 | 392.4 | 0.98x | 385.9 | 0.97x | -1.7% | 0 | 0 |
| tsql/select20.scan | generated | control | 411.8 | 404.8 | 0.98x | 397.3 | 0.96x | -1.8% | 0 | 0 |
| sql/refused-late.bool | generated | hand | 3319.1 | 15465.5 | 4.66x | 7591.3 | 2.29x | -50.9% | 13552 | 6616 |
| sql/select20.bool | generated | hand | 8471.2 | 23279.7 | 2.75x | 23033.3 | 2.72x | -1.1% | 21448 | 21392 |
| sql/select20 | generated | hand | 8537.5 | 23070.7 | 2.70x | 22899.6 | 2.68x | -0.7% | 21448 | 21448 |
| sql/refused-late | generated | hand | 3237.6 | 15296.0 | 4.72x | 15293.4 | 4.72x | 0.0% | 13552 | 13552 |

Written to T:\TEMP\dotgram-stand\w66\pair-pgo0\run-2
=== run 3 of 7, 23:12:21
8 rows, every reading agreeing. Timing 8 rounds.
sql/select20.at        hand     8206.3 ns before    22075.9 ns after    21284.5 ns  before/hand 2.69x  after/hand 2.59x
sql/select20.window    hand     8371.3 ns before    23251.5 ns after    23060.1 ns  before/hand 2.78x  after/hand 2.75x
sql/select20.scan      control      406.5 ns before      389.7 ns after      392.1 ns  before/control 0.96x  after/control 0.96x
tsql/select20.scan     control      399.0 ns before      394.8 ns after      395.4 ns  before/control 0.99x  after/control 0.99x
sql/refused-late.bool  hand     3265.2 ns before    15366.3 ns after     7534.1 ns  before/hand 4.71x  after/hand 2.31x
  sql/select20.bool: 1 round(s) redone after a gen1/gen2 collection
sql/select20.bool      hand     8534.3 ns before    22977.4 ns after    22834.6 ns  before/hand 2.69x  after/hand 2.68x
sql/select20           hand     8760.3 ns before    23638.2 ns after    23289.6 ns  before/hand 2.70x  after/hand 2.66x
  sql/refused-late: 1 round(s) redone after a gen1/gen2 collection
sql/refused-late       hand     3511.6 ns before    16033.9 ns after    16068.0 ns  before/hand 4.57x  after/hand 4.58x

# Paired stand, 2026-09-19 23:12

IGOR-DESKTOP, pinned to 0-15, high priority, control 31.4 ns.

The base of a row is what every ratio is over, and its name says what it is: `hand` is a hand-written parser (`DotGram.Handwritten`), `scriptdom` is Microsoft's parser, and `control` is this process's own build of the same generated parser, held constant so that the two sides are compared and nothing is claimed against a hand-written one.

| row | reading | base | base ns | before ns | before/base | after ns | after/base | change | before B | after B |
| --- | --- | --- | ---: | ---: | ---: | ---: | ---: | ---: | ---: | ---: |
| sql/select20.at | generated | hand | 8206.3 | 22075.9 | 2.69x | 21284.5 | 2.59x | -3.6% | 21416 | 21416 |
| sql/select20.window | generated | hand | 8371.3 | 23251.5 | 2.78x | 23060.1 | 2.75x | -0.8% | 21416 | 21416 |
| sql/select20.scan | generated | control | 406.5 | 389.7 | 0.96x | 392.1 | 0.96x | +0.6% | 0 | 0 |
| tsql/select20.scan | generated | control | 399.0 | 394.8 | 0.99x | 395.4 | 0.99x | +0.1% | 0 | 0 |
| sql/refused-late.bool | generated | hand | 3265.2 | 15366.3 | 4.71x | 7534.1 | 2.31x | -51.0% | 13552 | 6616 |
| sql/select20.bool | generated | hand | 8534.3 | 22977.4 | 2.69x | 22834.6 | 2.68x | -0.6% | 21448 | 21392 |
| sql/select20 | generated | hand | 8760.3 | 23638.2 | 2.70x | 23289.6 | 2.66x | -1.5% | 21448 | 21448 |
| sql/refused-late | generated | hand | 3511.6 | 16033.9 | 4.57x | 16068.0 | 4.58x | +0.2% | 13552 | 13552 |

Written to T:\TEMP\dotgram-stand\w66\pair-pgo0\run-3
=== run 4 of 7, 23:12:57
8 rows, every reading agreeing. Timing 8 rounds.
sql/select20.at        hand     8383.2 ns before    22416.5 ns after    21809.7 ns  before/hand 2.67x  after/hand 2.60x
sql/select20.window    hand     8671.1 ns before    23399.2 ns after    23751.1 ns  before/hand 2.70x  after/hand 2.74x
sql/select20.scan      control      395.4 ns before      402.7 ns after      399.4 ns  before/control 1.02x  after/control 1.01x
tsql/select20.scan     control      396.9 ns before      400.7 ns after      395.4 ns  before/control 1.01x  after/control 1.00x
sql/refused-late.bool  hand     3397.1 ns before    15935.9 ns after     7708.8 ns  before/hand 4.69x  after/hand 2.27x
  sql/select20.bool: 1 round(s) redone after a gen1/gen2 collection
sql/select20.bool      hand     8625.6 ns before    23091.4 ns after    23789.9 ns  before/hand 2.68x  after/hand 2.76x
sql/select20           hand     8729.5 ns before    23138.9 ns after    23109.6 ns  before/hand 2.65x  after/hand 2.65x
  sql/refused-late: 1 round(s) redone after a gen1/gen2 collection
sql/refused-late       hand     3337.4 ns before    15621.7 ns after    15441.7 ns  before/hand 4.68x  after/hand 4.63x

# Paired stand, 2026-09-19 23:13

IGOR-DESKTOP, pinned to 0-15, high priority, control 31.7 ns.

The base of a row is what every ratio is over, and its name says what it is: `hand` is a hand-written parser (`DotGram.Handwritten`), `scriptdom` is Microsoft's parser, and `control` is this process's own build of the same generated parser, held constant so that the two sides are compared and nothing is claimed against a hand-written one.

| row | reading | base | base ns | before ns | before/base | after ns | after/base | change | before B | after B |
| --- | --- | --- | ---: | ---: | ---: | ---: | ---: | ---: | ---: | ---: |
| sql/select20.at | generated | hand | 8383.2 | 22416.5 | 2.67x | 21809.7 | 2.60x | -2.7% | 21416 | 21416 |
| sql/select20.window | generated | hand | 8671.1 | 23399.2 | 2.70x | 23751.1 | 2.74x | +1.5% | 21416 | 21416 |
| sql/select20.scan | generated | control | 395.4 | 402.7 | 1.02x | 399.4 | 1.01x | -0.8% | 0 | 0 |
| tsql/select20.scan | generated | control | 396.9 | 400.7 | 1.01x | 395.4 | 1.00x | -1.3% | 0 | 0 |
| sql/refused-late.bool | generated | hand | 3397.1 | 15935.9 | 4.69x | 7708.8 | 2.27x | -51.6% | 13552 | 6616 |
| sql/select20.bool | generated | hand | 8625.6 | 23091.4 | 2.68x | 23789.9 | 2.76x | +3.0% | 21448 | 21392 |
| sql/select20 | generated | hand | 8729.5 | 23138.9 | 2.65x | 23109.6 | 2.65x | -0.1% | 21448 | 21448 |
| sql/refused-late | generated | hand | 3337.4 | 15621.7 | 4.68x | 15441.7 | 4.63x | -1.2% | 13552 | 13552 |

Written to T:\TEMP\dotgram-stand\w66\pair-pgo0\run-4
=== run 5 of 7, 23:13:33
8 rows, every reading agreeing. Timing 8 rounds.
sql/select20.at        hand     8154.5 ns before    21753.7 ns after    21327.9 ns  before/hand 2.67x  after/hand 2.62x
sql/select20.window    hand     8536.0 ns before    23662.1 ns after    23519.5 ns  before/hand 2.77x  after/hand 2.76x
sql/select20.scan      control      389.3 ns before      394.5 ns after      396.6 ns  before/control 1.01x  after/control 1.02x
tsql/select20.scan     control      384.9 ns before      395.1 ns after      395.7 ns  before/control 1.03x  after/control 1.03x
sql/refused-late.bool  hand     3347.4 ns before    15586.6 ns after     7614.8 ns  before/hand 4.66x  after/hand 2.27x
sql/select20.bool      hand     8461.9 ns before    23345.2 ns after    23355.2 ns  before/hand 2.76x  after/hand 2.76x
sql/select20           hand     8574.9 ns before    23034.4 ns after    23152.1 ns  before/hand 2.69x  after/hand 2.70x
  sql/refused-late: 1 round(s) redone after a gen1/gen2 collection
sql/refused-late       hand     3286.8 ns before    15569.7 ns after    15612.4 ns  before/hand 4.74x  after/hand 4.75x

# Paired stand, 2026-09-19 23:14

IGOR-DESKTOP, pinned to 0-15, high priority, control 31.6 ns.

The base of a row is what every ratio is over, and its name says what it is: `hand` is a hand-written parser (`DotGram.Handwritten`), `scriptdom` is Microsoft's parser, and `control` is this process's own build of the same generated parser, held constant so that the two sides are compared and nothing is claimed against a hand-written one.

| row | reading | base | base ns | before ns | before/base | after ns | after/base | change | before B | after B |
| --- | --- | --- | ---: | ---: | ---: | ---: | ---: | ---: | ---: | ---: |
| sql/select20.at | generated | hand | 8154.5 | 21753.7 | 2.67x | 21327.9 | 2.62x | -2.0% | 21416 | 21416 |
| sql/select20.window | generated | hand | 8536.0 | 23662.1 | 2.77x | 23519.5 | 2.76x | -0.6% | 21416 | 21416 |
| sql/select20.scan | generated | control | 389.3 | 394.5 | 1.01x | 396.6 | 1.02x | +0.5% | 0 | 0 |
| tsql/select20.scan | generated | control | 384.9 | 395.1 | 1.03x | 395.7 | 1.03x | +0.2% | 0 | 0 |
| sql/refused-late.bool | generated | hand | 3347.4 | 15586.6 | 4.66x | 7614.8 | 2.27x | -51.1% | 13552 | 6616 |
| sql/select20.bool | generated | hand | 8461.9 | 23345.2 | 2.76x | 23355.2 | 2.76x | 0.0% | 21448 | 21392 |
| sql/select20 | generated | hand | 8574.9 | 23034.4 | 2.69x | 23152.1 | 2.70x | +0.5% | 21448 | 21448 |
| sql/refused-late | generated | hand | 3286.8 | 15569.7 | 4.74x | 15612.4 | 4.75x | +0.3% | 13552 | 13552 |

Written to T:\TEMP\dotgram-stand\w66\pair-pgo0\run-5
=== run 6 of 7, 23:14:07
8 rows, every reading agreeing. Timing 8 rounds.
sql/select20.at        hand     8018.5 ns before    21696.7 ns after    21078.6 ns  before/hand 2.71x  after/hand 2.63x
sql/select20.window    hand     8455.2 ns before    22880.3 ns after    23140.4 ns  before/hand 2.71x  after/hand 2.74x
sql/select20.scan      control      404.4 ns before      397.0 ns after      397.7 ns  before/control 0.98x  after/control 0.98x
tsql/select20.scan     control      401.6 ns before      392.6 ns after      417.7 ns  before/control 0.98x  after/control 1.04x
sql/refused-late.bool  hand     3245.1 ns before    15152.0 ns after     7517.1 ns  before/hand 4.67x  after/hand 2.32x
  sql/select20.bool: 1 round(s) redone after a gen1/gen2 collection
sql/select20.bool      hand     8428.3 ns before    22868.4 ns after    23296.5 ns  before/hand 2.71x  after/hand 2.76x
sql/select20           hand     8356.1 ns before    22826.8 ns after    23039.2 ns  before/hand 2.73x  after/hand 2.76x
  sql/refused-late: 1 round(s) redone after a gen1/gen2 collection
sql/refused-late       hand     3216.3 ns before    15185.4 ns after    15482.8 ns  before/hand 4.72x  after/hand 4.81x

# Paired stand, 2026-09-19 23:14

IGOR-DESKTOP, pinned to 0-15, high priority, control 31.2 ns.

The base of a row is what every ratio is over, and its name says what it is: `hand` is a hand-written parser (`DotGram.Handwritten`), `scriptdom` is Microsoft's parser, and `control` is this process's own build of the same generated parser, held constant so that the two sides are compared and nothing is claimed against a hand-written one.

| row | reading | base | base ns | before ns | before/base | after ns | after/base | change | before B | after B |
| --- | --- | --- | ---: | ---: | ---: | ---: | ---: | ---: | ---: | ---: |
| sql/select20.at | generated | hand | 8018.5 | 21696.7 | 2.71x | 21078.6 | 2.63x | -2.8% | 21416 | 21416 |
| sql/select20.window | generated | hand | 8455.2 | 22880.3 | 2.71x | 23140.4 | 2.74x | +1.1% | 21416 | 21416 |
| sql/select20.scan | generated | control | 404.4 | 397.0 | 0.98x | 397.7 | 0.98x | +0.2% | 0 | 0 |
| tsql/select20.scan | generated | control | 401.6 | 392.6 | 0.98x | 417.7 | 1.04x | +6.4% | 0 | 0 |
| sql/refused-late.bool | generated | hand | 3245.1 | 15152.0 | 4.67x | 7517.1 | 2.32x | -50.4% | 13552 | 6616 |
| sql/select20.bool | generated | hand | 8428.3 | 22868.4 | 2.71x | 23296.5 | 2.76x | +1.9% | 21448 | 21392 |
| sql/select20 | generated | hand | 8356.1 | 22826.8 | 2.73x | 23039.2 | 2.76x | +0.9% | 21448 | 21448 |
| sql/refused-late | generated | hand | 3216.3 | 15185.4 | 4.72x | 15482.8 | 4.81x | +2.0% | 13552 | 13552 |

Written to T:\TEMP\dotgram-stand\w66\pair-pgo0\run-6
=== run 7 of 7, 23:14:42
8 rows, every reading agreeing. Timing 8 rounds.
sql/select20.at        hand     7944.6 ns before    21759.9 ns after    20996.1 ns  before/hand 2.74x  after/hand 2.64x
sql/select20.window    hand     8357.8 ns before    22996.7 ns after    22767.2 ns  before/hand 2.75x  after/hand 2.72x
sql/select20.scan      control      388.2 ns before      385.2 ns after      385.0 ns  before/control 0.99x  after/control 0.99x
tsql/select20.scan     control      387.7 ns before      385.0 ns after      387.0 ns  before/control 0.99x  after/control 1.00x
sql/refused-late.bool  hand     3250.8 ns before    15097.7 ns after     7371.0 ns  before/hand 4.64x  after/hand 2.27x
sql/select20.bool      hand     8282.2 ns before    23044.9 ns after    23069.4 ns  before/hand 2.78x  after/hand 2.79x
sql/select20           hand     8440.5 ns before    23131.1 ns after    22987.2 ns  before/hand 2.74x  after/hand 2.72x
  sql/refused-late: 1 round(s) redone after a gen1/gen2 collection
sql/refused-late       hand     3238.0 ns before    15477.5 ns after    15203.8 ns  before/hand 4.78x  after/hand 4.70x

# Paired stand, 2026-09-19 23:15

IGOR-DESKTOP, pinned to 0-15, high priority, control 31.2 ns.

The base of a row is what every ratio is over, and its name says what it is: `hand` is a hand-written parser (`DotGram.Handwritten`), `scriptdom` is Microsoft's parser, and `control` is this process's own build of the same generated parser, held constant so that the two sides are compared and nothing is claimed against a hand-written one.

| row | reading | base | base ns | before ns | before/base | after ns | after/base | change | before B | after B |
| --- | --- | --- | ---: | ---: | ---: | ---: | ---: | ---: | ---: | ---: |
| sql/select20.at | generated | hand | 7944.6 | 21759.9 | 2.74x | 20996.1 | 2.64x | -3.5% | 21416 | 21416 |
| sql/select20.window | generated | hand | 8357.8 | 22996.7 | 2.75x | 22767.2 | 2.72x | -1.0% | 21416 | 21416 |
| sql/select20.scan | generated | control | 388.2 | 385.2 | 0.99x | 385.0 | 0.99x | 0.0% | 0 | 0 |
| tsql/select20.scan | generated | control | 387.7 | 385.0 | 0.99x | 387.0 | 1.00x | +0.5% | 0 | 0 |
| sql/refused-late.bool | generated | hand | 3250.8 | 15097.7 | 4.64x | 7371.0 | 2.27x | -51.2% | 13552 | 6616 |
| sql/select20.bool | generated | hand | 8282.2 | 23044.9 | 2.78x | 23069.4 | 2.79x | +0.1% | 21448 | 21392 |
| sql/select20 | generated | hand | 8440.5 | 23131.1 | 2.74x | 22987.2 | 2.72x | -0.6% | 21448 | 21448 |
| sql/refused-late | generated | hand | 3238.0 | 15477.5 | 4.78x | 15203.8 | 4.70x | -1.8% | 13552 | 13552 |

Written to T:\TEMP\dotgram-stand\w66\pair-pgo0\run-7

Median of 7 of 7 runs, each in a process of its own; control 31.5 ns (the runs' controls: 31.6, 31.5, 31.4, 31.7, 31.6, 31.2, 31.2).
No run was dropped.
The spread column is the spread of the base reading between runs, not between rounds.

# Paired stand, 2026-09-19 23:15

IGOR-DESKTOP, pinned to 0-15, high priority, control 31.5 ns.

The base of a row is what every ratio is over, and its name says what it is: `hand` is a hand-written parser (`DotGram.Handwritten`), `scriptdom` is Microsoft's parser, and `control` is this process's own build of the same generated parser, held constant so that the two sides are compared and nothing is claimed against a hand-written one.

| row | reading | base | base ns | before ns | before/base | after ns | after/base | change | before B | after B |
| --- | --- | --- | ---: | ---: | ---: | ---: | ---: | ---: | ---: | ---: |
| sql/select20.at | generated | hand | 8154.5 | 21759.9 | 2.67x | 21284.5 | 2.61x | -2.2% | 21416 | 21416 |
| sql/select20.window | generated | hand | 8500.7 | 23251.5 | 2.74x | 23140.4 | 2.72x | -0.5% | 21416 | 21416 |
| sql/select20.scan | generated | control | 395.4 | 393.8 | 1.00x | 392.1 | 0.99x | -0.4% | 0 | 0 |
| tsql/select20.scan | generated | control | 396.9 | 394.8 | 0.99x | 395.4 | 1.00x | +0.1% | 0 | 0 |
| sql/refused-late.bool | generated | hand | 3319.1 | 15366.3 | 4.63x | 7534.1 | 2.27x | -51.0% | 13552 | 6616 |
| sql/select20.bool | generated | hand | 8461.9 | 23044.9 | 2.72x | 23069.4 | 2.73x | +0.1% | 21448 | 21392 |
| sql/select20 | generated | hand | 8537.5 | 23131.1 | 2.71x | 23109.6 | 2.71x | -0.1% | 21448 | 21448 |
| sql/refused-late | generated | hand | 3286.8 | 15477.5 | 4.71x | 15441.7 | 4.70x | -0.2% | 13552 | 13552 |

Written to T:\TEMP\dotgram-stand\w66\pair-pgo0
