=== run 1 of 5, 00:54:40
10 rows, every reading agreeing. Timing 8 rounds.
tsql/columns1000       scriptdom  1636756.2 ns before   168693.8 ns after   168637.5 ns  before/scriptdom 0.10x  after/scriptdom 0.10x
tsql/conditions1000    scriptdom   879637.5 ns before   299996.9 ns after   306591.4 ns  before/scriptdom 0.34x  after/scriptdom 0.35x
tsql/rows1000          scriptdom   595261.7 ns before   229188.3 ns after   225811.7 ns  before/scriptdom 0.39x  after/scriptdom 0.38x
  sql/select20.at: 1 round(s) redone after a gen1/gen2 collection
sql/select20.at        hand     6912.3 ns before    18508.5 ns after    18315.6 ns  before/hand 2.68x  after/hand 2.65x
sql/select20.window    hand     6821.7 ns before    18533.4 ns after    18536.8 ns  before/hand 2.72x  after/hand 2.72x
sql/select20.scan      control      383.7 ns before      390.8 ns after      381.7 ns  before/control 1.02x  after/control 0.99x
tsql/select20.scan     control      382.9 ns before      390.1 ns after      388.7 ns  before/control 1.02x  after/control 1.02x
sql/select20.bool      hand     6920.1 ns before    18296.4 ns after    18320.4 ns  before/hand 2.64x  after/hand 2.65x
tsql/comment           scriptdom    20207.9 ns before     1635.7 ns after     1642.5 ns  before/scriptdom 0.08x  after/scriptdom 0.08x
  sql/select20: 1 round(s) redone after a gen1/gen2 collection
sql/select20           hand     6990.3 ns before    18706.0 ns after    18909.8 ns  before/hand 2.68x  after/hand 2.71x

# Paired stand, 2026-09-20 00:55

IGOR-DESKTOP, pinned to 0-15, high priority, control 31.4 ns.

The base of a row is what every ratio is over, and its name says what it is: `hand` is a hand-written parser (`DotGram.Handwritten`), `scriptdom` is Microsoft's parser, and `control` is this process's own build of the same generated parser, held constant so that the two sides are compared and nothing is claimed against a hand-written one.

| row | reading | base | base ns | before ns | before/base | after ns | after/base | change | before B | after B |
| --- | --- | --- | ---: | ---: | ---: | ---: | ---: | ---: | ---: | ---: |
| tsql/columns1000 | generated | scriptdom | 1636756.2 | 168693.8 | 0.10x | 168637.5 | 0.10x | 0.0% | 200464 | 200464 |
| tsql/conditions1000 | generated | scriptdom | 879637.5 | 299996.9 | 0.34x | 306591.4 | 0.35x | +2.2% | 424424 | 424424 |
| tsql/rows1000 | generated | scriptdom | 595261.7 | 229188.3 | 0.39x | 225811.7 | 0.38x | -1.5% | 296472 | 296472 |
| sql/select20.at | generated | hand | 6912.3 | 18508.5 | 2.68x | 18315.6 | 2.65x | -1.0% | 21441 | 21441 |
| sql/select20.window | generated | hand | 6821.7 | 18533.4 | 2.72x | 18536.8 | 2.72x | 0.0% | 21441 | 21441 |
| sql/select20.scan | generated | control | 383.7 | 390.8 | 1.02x | 381.7 | 0.99x | -2.3% | 0 | 0 |
| tsql/select20.scan | generated | control | 382.9 | 390.1 | 1.02x | 388.7 | 1.02x | -0.3% | 0 | 0 |
| sql/select20.bool | generated | hand | 6920.1 | 18296.4 | 2.64x | 18320.4 | 2.65x | +0.1% | 21448 | 21392 |
| tsql/comment | generated | scriptdom | 20207.9 | 1635.7 | 0.08x | 1642.5 | 0.08x | +0.4% | 1192 | 1192 |
| sql/select20 | generated | hand | 6990.3 | 18706.0 | 2.68x | 18909.8 | 2.71x | +1.1% | 21448 | 21448 |

Written to T:\TEMP\dotgram-stand\w71\pair\run-1
=== run 2 of 5, 00:55:12
10 rows, every reading agreeing. Timing 8 rounds.
tsql/columns1000       scriptdom  5945643.8 ns before   171037.5 ns after   171212.5 ns  before/scriptdom 0.03x  after/scriptdom 0.03x
tsql/conditions1000    scriptdom   881071.9 ns before   300675.8 ns after   307036.7 ns  before/scriptdom 0.34x  after/scriptdom 0.35x
tsql/rows1000          scriptdom   616440.6 ns before   225699.2 ns after   231180.5 ns  before/scriptdom 0.37x  after/scriptdom 0.38x
  sql/select20.at: 1 round(s) redone after a gen1/gen2 collection
sql/select20.at        hand     7026.8 ns before    18793.1 ns after    20111.5 ns  before/hand 2.67x  after/hand 2.86x
sql/select20.window    hand     6942.3 ns before    19277.2 ns after    20108.2 ns  before/hand 2.78x  after/hand 2.90x
sql/select20.scan      control      376.6 ns before      383.7 ns after      391.9 ns  before/control 1.02x  after/control 1.04x
tsql/select20.scan     control      377.7 ns before      392.8 ns after      391.2 ns  before/control 1.04x  after/control 1.04x
sql/select20.bool      hand     6906.6 ns before    18358.1 ns after    19562.5 ns  before/hand 2.66x  after/hand 2.83x
tsql/comment           scriptdom    19772.0 ns before     1691.8 ns after     1618.5 ns  before/scriptdom 0.09x  after/scriptdom 0.08x
  sql/select20: 1 round(s) redone after a gen1/gen2 collection
sql/select20           hand     6837.3 ns before    18455.0 ns after    19570.1 ns  before/hand 2.70x  after/hand 2.86x

# Paired stand, 2026-09-20 00:55

IGOR-DESKTOP, pinned to 0-15, high priority, control 31.5 ns.

The base of a row is what every ratio is over, and its name says what it is: `hand` is a hand-written parser (`DotGram.Handwritten`), `scriptdom` is Microsoft's parser, and `control` is this process's own build of the same generated parser, held constant so that the two sides are compared and nothing is claimed against a hand-written one.

| row | reading | base | base ns | before ns | before/base | after ns | after/base | change | before B | after B |
| --- | --- | --- | ---: | ---: | ---: | ---: | ---: | ---: | ---: | ---: |
| tsql/columns1000 | generated | scriptdom | 5945643.8 | 171037.5 | 0.03x | 171212.5 | 0.03x | +0.1% | 200464 | 200464 |
| tsql/conditions1000 | generated | scriptdom | 881071.9 | 300675.8 | 0.34x | 307036.7 | 0.35x | +2.1% | 424424 | 424424 |
| tsql/rows1000 | generated | scriptdom | 616440.6 | 225699.2 | 0.37x | 231180.5 | 0.38x | +2.4% | 296472 | 296472 |
| sql/select20.at | generated | hand | 7026.8 | 18793.1 | 2.67x | 20111.5 | 2.86x | +7.0% | 21441 | 21441 |
| sql/select20.window | generated | hand | 6942.3 | 19277.2 | 2.78x | 20108.2 | 2.90x | +4.3% | 21441 | 21441 |
| sql/select20.scan | generated | control | 376.6 | 383.7 | 1.02x | 391.9 | 1.04x | +2.1% | 0 | 0 |
| tsql/select20.scan | generated | control | 377.7 | 392.8 | 1.04x | 391.2 | 1.04x | -0.4% | 0 | 0 |
| sql/select20.bool | generated | hand | 6906.6 | 18358.1 | 2.66x | 19562.5 | 2.83x | +6.6% | 21448 | 21392 |
| tsql/comment | generated | scriptdom | 19772.0 | 1691.8 | 0.09x | 1618.5 | 0.08x | -4.3% | 1192 | 1192 |
| sql/select20 | generated | hand | 6837.3 | 18455.0 | 2.70x | 19570.1 | 2.86x | +6.0% | 21448 | 21448 |

Written to T:\TEMP\dotgram-stand\w71\pair\run-2
=== run 3 of 5, 00:55:43
10 rows, every reading agreeing. Timing 8 rounds.
tsql/columns1000       scriptdom  2167031.2 ns before   167968.8 ns after   169281.2 ns  before/scriptdom 0.08x  after/scriptdom 0.08x
tsql/conditions1000    scriptdom   869260.9 ns before   298587.5 ns after   301878.1 ns  before/scriptdom 0.34x  after/scriptdom 0.35x
tsql/rows1000          scriptdom   599561.7 ns before   226053.1 ns after   224353.1 ns  before/scriptdom 0.38x  after/scriptdom 0.37x
sql/select20.at        hand     6816.4 ns before    18169.4 ns after    18247.6 ns  before/hand 2.67x  after/hand 2.68x
sql/select20.window    hand     6916.4 ns before    18729.1 ns after    19090.5 ns  before/hand 2.71x  after/hand 2.76x
sql/select20.scan      control      379.2 ns before      381.2 ns after      387.2 ns  before/control 1.01x  after/control 1.02x
tsql/select20.scan     control      375.0 ns before      389.7 ns after      378.1 ns  before/control 1.04x  after/control 1.01x
sql/select20.bool      hand     6842.3 ns before    18145.9 ns after    18381.9 ns  before/hand 2.65x  after/hand 2.69x
tsql/comment           scriptdom    20105.1 ns before     1592.5 ns after     1587.3 ns  before/scriptdom 0.08x  after/scriptdom 0.08x
  sql/select20: 1 round(s) redone after a gen1/gen2 collection
sql/select20           hand     6778.0 ns before    18177.0 ns after    18163.1 ns  before/hand 2.68x  after/hand 2.68x

# Paired stand, 2026-09-20 00:56

IGOR-DESKTOP, pinned to 0-15, high priority, control 31.1 ns.

The base of a row is what every ratio is over, and its name says what it is: `hand` is a hand-written parser (`DotGram.Handwritten`), `scriptdom` is Microsoft's parser, and `control` is this process's own build of the same generated parser, held constant so that the two sides are compared and nothing is claimed against a hand-written one.

| row | reading | base | base ns | before ns | before/base | after ns | after/base | change | before B | after B |
| --- | --- | --- | ---: | ---: | ---: | ---: | ---: | ---: | ---: | ---: |
| tsql/columns1000 | generated | scriptdom | 2167031.2 | 167968.8 | 0.08x | 169281.2 | 0.08x | +0.8% | 200464 | 200464 |
| tsql/conditions1000 | generated | scriptdom | 869260.9 | 298587.5 | 0.34x | 301878.1 | 0.35x | +1.1% | 424424 | 424424 |
| tsql/rows1000 | generated | scriptdom | 599561.7 | 226053.1 | 0.38x | 224353.1 | 0.37x | -0.8% | 296472 | 296472 |
| sql/select20.at | generated | hand | 6816.4 | 18169.4 | 2.67x | 18247.6 | 2.68x | +0.4% | 21416 | 21416 |
| sql/select20.window | generated | hand | 6916.4 | 18729.1 | 2.71x | 19090.5 | 2.76x | +1.9% | 21441 | 21441 |
| sql/select20.scan | generated | control | 379.2 | 381.2 | 1.01x | 387.2 | 1.02x | +1.6% | 0 | 0 |
| tsql/select20.scan | generated | control | 375.0 | 389.7 | 1.04x | 378.1 | 1.01x | -3.0% | 0 | 0 |
| sql/select20.bool | generated | hand | 6842.3 | 18145.9 | 2.65x | 18381.9 | 2.69x | +1.3% | 21448 | 21392 |
| tsql/comment | generated | scriptdom | 20105.1 | 1592.5 | 0.08x | 1587.3 | 0.08x | -0.3% | 1192 | 1192 |
| sql/select20 | generated | hand | 6778.0 | 18177.0 | 2.68x | 18163.1 | 2.68x | -0.1% | 21448 | 21448 |

Written to T:\TEMP\dotgram-stand\w71\pair\run-3
=== run 4 of 5, 00:56:15
10 rows, every reading agreeing. Timing 8 rounds.
tsql/columns1000       scriptdom  1665143.8 ns before   168331.2 ns after   168206.2 ns  before/scriptdom 0.10x  after/scriptdom 0.10x
tsql/conditions1000    scriptdom   882541.4 ns before   303811.7 ns after   306191.4 ns  before/scriptdom 0.34x  after/scriptdom 0.35x
tsql/rows1000          scriptdom   598664.1 ns before   221426.6 ns after   227776.6 ns  before/scriptdom 0.37x  after/scriptdom 0.38x
  sql/select20.at: 1 round(s) redone after a gen1/gen2 collection
sql/select20.at        hand     6931.3 ns before    19338.9 ns after    18392.1 ns  before/hand 2.79x  after/hand 2.65x
sql/select20.window    hand     6904.6 ns before    19629.7 ns after    18483.7 ns  before/hand 2.84x  after/hand 2.68x
sql/select20.scan      control      378.5 ns before      386.3 ns after      390.3 ns  before/control 1.02x  after/control 1.03x
tsql/select20.scan     control      382.0 ns before      396.0 ns after      383.2 ns  before/control 1.04x  after/control 1.00x
sql/select20.bool      hand     6776.1 ns before    19360.8 ns after    18255.1 ns  before/hand 2.86x  after/hand 2.69x
tsql/comment           scriptdom    19674.1 ns before     1614.4 ns after     1693.5 ns  before/scriptdom 0.08x  after/scriptdom 0.09x
  sql/select20: 1 round(s) redone after a gen1/gen2 collection
sql/select20           hand     6804.8 ns before    19383.2 ns after    18379.2 ns  before/hand 2.85x  after/hand 2.70x

# Paired stand, 2026-09-20 00:56

IGOR-DESKTOP, pinned to 0-15, high priority, control 31.4 ns.

The base of a row is what every ratio is over, and its name says what it is: `hand` is a hand-written parser (`DotGram.Handwritten`), `scriptdom` is Microsoft's parser, and `control` is this process's own build of the same generated parser, held constant so that the two sides are compared and nothing is claimed against a hand-written one.

| row | reading | base | base ns | before ns | before/base | after ns | after/base | change | before B | after B |
| --- | --- | --- | ---: | ---: | ---: | ---: | ---: | ---: | ---: | ---: |
| tsql/columns1000 | generated | scriptdom | 1665143.8 | 168331.2 | 0.10x | 168206.2 | 0.10x | -0.1% | 200464 | 200464 |
| tsql/conditions1000 | generated | scriptdom | 882541.4 | 303811.7 | 0.34x | 306191.4 | 0.35x | +0.8% | 424424 | 424424 |
| tsql/rows1000 | generated | scriptdom | 598664.1 | 221426.6 | 0.37x | 227776.6 | 0.38x | +2.9% | 296472 | 296472 |
| sql/select20.at | generated | hand | 6931.3 | 19338.9 | 2.79x | 18392.1 | 2.65x | -4.9% | 21441 | 21441 |
| sql/select20.window | generated | hand | 6904.6 | 19629.7 | 2.84x | 18483.7 | 2.68x | -5.8% | 21440 | 21440 |
| sql/select20.scan | generated | control | 378.5 | 386.3 | 1.02x | 390.3 | 1.03x | +1.0% | 0 | 0 |
| tsql/select20.scan | generated | control | 382.0 | 396.0 | 1.04x | 383.2 | 1.00x | -3.2% | 0 | 0 |
| sql/select20.bool | generated | hand | 6776.1 | 19360.8 | 2.86x | 18255.1 | 2.69x | -5.7% | 21448 | 21392 |
| tsql/comment | generated | scriptdom | 19674.1 | 1614.4 | 0.08x | 1693.5 | 0.09x | +4.9% | 1192 | 1192 |
| sql/select20 | generated | hand | 6804.8 | 19383.2 | 2.85x | 18379.2 | 2.70x | -5.2% | 21448 | 21448 |

Written to T:\TEMP\dotgram-stand\w71\pair\run-4
=== run 5 of 5, 00:56:49
10 rows, every reading agreeing. Timing 8 rounds.
tsql/columns1000       scriptdom  1629962.5 ns before   167262.5 ns after   166200.0 ns  before/scriptdom 0.10x  after/scriptdom 0.10x
tsql/conditions1000    scriptdom   883607.8 ns before   301343.0 ns after   303462.5 ns  before/scriptdom 0.34x  after/scriptdom 0.34x
tsql/rows1000          scriptdom   592753.1 ns before   229007.0 ns after   228039.8 ns  before/scriptdom 0.39x  after/scriptdom 0.38x
  sql/select20.at: 1 round(s) redone after a gen1/gen2 collection
sql/select20.at        hand     7024.6 ns before    18960.1 ns after    18806.7 ns  before/hand 2.70x  after/hand 2.68x
sql/select20.window    hand     6930.9 ns before    18365.5 ns after    18604.7 ns  before/hand 2.65x  after/hand 2.68x
sql/select20.scan      control      383.3 ns before      394.3 ns after      379.9 ns  before/control 1.03x  after/control 0.99x
tsql/select20.scan     control      381.4 ns before      386.5 ns after      382.5 ns  before/control 1.01x  after/control 1.00x
sql/select20.bool      hand     6855.7 ns before    18230.1 ns after    18333.5 ns  before/hand 2.66x  after/hand 2.67x
tsql/comment           scriptdom    19737.0 ns before     1692.9 ns after     1666.0 ns  before/scriptdom 0.09x  after/scriptdom 0.08x
  sql/select20: 1 round(s) redone after a gen1/gen2 collection
sql/select20           hand     6927.2 ns before    18227.3 ns after    18486.1 ns  before/hand 2.63x  after/hand 2.67x

# Paired stand, 2026-09-20 00:57

IGOR-DESKTOP, pinned to 0-15, high priority, control 31.4 ns.

The base of a row is what every ratio is over, and its name says what it is: `hand` is a hand-written parser (`DotGram.Handwritten`), `scriptdom` is Microsoft's parser, and `control` is this process's own build of the same generated parser, held constant so that the two sides are compared and nothing is claimed against a hand-written one.

| row | reading | base | base ns | before ns | before/base | after ns | after/base | change | before B | after B |
| --- | --- | --- | ---: | ---: | ---: | ---: | ---: | ---: | ---: | ---: |
| tsql/columns1000 | generated | scriptdom | 1629962.5 | 167262.5 | 0.10x | 166200.0 | 0.10x | -0.6% | 200464 | 200464 |
| tsql/conditions1000 | generated | scriptdom | 883607.8 | 301343.0 | 0.34x | 303462.5 | 0.34x | +0.7% | 424424 | 424424 |
| tsql/rows1000 | generated | scriptdom | 592753.1 | 229007.0 | 0.39x | 228039.8 | 0.38x | -0.4% | 296472 | 296472 |
| sql/select20.at | generated | hand | 7024.6 | 18960.1 | 2.70x | 18806.7 | 2.68x | -0.8% | 21416 | 21460 |
| sql/select20.window | generated | hand | 6930.9 | 18365.5 | 2.65x | 18604.7 | 2.68x | +1.3% | 21440 | 21440 |
| sql/select20.scan | generated | control | 383.3 | 394.3 | 1.03x | 379.9 | 0.99x | -3.7% | 0 | 0 |
| tsql/select20.scan | generated | control | 381.4 | 386.5 | 1.01x | 382.5 | 1.00x | -1.0% | 0 | 0 |
| sql/select20.bool | generated | hand | 6855.7 | 18230.1 | 2.66x | 18333.5 | 2.67x | +0.6% | 21448 | 21392 |
| tsql/comment | generated | scriptdom | 19737.0 | 1692.9 | 0.09x | 1666.0 | 0.08x | -1.6% | 1192 | 1192 |
| sql/select20 | generated | hand | 6927.2 | 18227.3 | 2.63x | 18486.1 | 2.67x | +1.4% | 21448 | 21448 |

Written to T:\TEMP\dotgram-stand\w71\pair\run-5

Median of 5 of 5 runs, each in a process of its own; control 31.4 ns (the runs' controls: 31.4, 31.5, 31.1, 31.4, 31.4).
No run was dropped.
The spread column is the spread of the base reading between runs, not between rounds.

# Paired stand, 2026-09-20 00:57

IGOR-DESKTOP, pinned to 0-15, high priority, control 31.4 ns.

The base of a row is what every ratio is over, and its name says what it is: `hand` is a hand-written parser (`DotGram.Handwritten`), `scriptdom` is Microsoft's parser, and `control` is this process's own build of the same generated parser, held constant so that the two sides are compared and nothing is claimed against a hand-written one.

| row | reading | base | base ns | before ns | before/base | after ns | after/base | change | before B | after B |
| --- | --- | --- | ---: | ---: | ---: | ---: | ---: | ---: | ---: | ---: |
| tsql/columns1000 | generated | scriptdom | 1665143.8 | 168331.2 | 0.10x | 168637.5 | 0.10x | +0.2% | 200464 | 200464 |
| tsql/conditions1000 | generated | scriptdom | 881071.9 | 300675.8 | 0.34x | 306191.4 | 0.35x | +1.8% | 424424 | 424424 |
| tsql/rows1000 | generated | scriptdom | 598664.1 | 226053.1 | 0.38x | 227776.6 | 0.38x | +0.8% | 296472 | 296472 |
| sql/select20.at | generated | hand | 6931.3 | 18793.1 | 2.71x | 18392.1 | 2.65x | -2.1% | 21441 | 21441 |
| sql/select20.window | generated | hand | 6916.4 | 18729.1 | 2.71x | 18604.7 | 2.69x | -0.7% | 21441 | 21441 |
| sql/select20.scan | generated | control | 379.2 | 386.3 | 1.02x | 387.2 | 1.02x | +0.2% | 0 | 0 |
| tsql/select20.scan | generated | control | 381.4 | 390.1 | 1.02x | 383.2 | 1.00x | -1.8% | 0 | 0 |
| sql/select20.bool | generated | hand | 6855.7 | 18296.4 | 2.67x | 18333.5 | 2.67x | +0.2% | 21448 | 21392 |
| tsql/comment | generated | scriptdom | 19772.0 | 1635.7 | 0.08x | 1642.5 | 0.08x | +0.4% | 1192 | 1192 |
| sql/select20 | generated | hand | 6837.3 | 18455.0 | 2.70x | 18486.1 | 2.70x | +0.2% | 21448 | 21448 |

Written to T:\TEMP\dotgram-stand\w71\pair
