=== run 1 of 5, 23:03:39
6 rows, every reading agreeing. Timing 8 rounds.
fix/OrderMalformed.text hand      642.8 ns before      637.8 ns after      640.3 ns  before/hand 0.99x  after/hand 1.00x
fix/OrderMalformed.bytes hand      681.4 ns before      755.9 ns after      760.0 ns  before/hand 1.11x  after/hand 1.12x
fix/OrderMalformed.stream hand      814.3 ns before     1105.0 ns after     1097.0 ns  before/hand 1.36x  after/hand 1.35x
fix/OrderMalformed.log-text hand      764.9 ns before     1278.3 ns after      691.0 ns  before/hand 1.67x  after/hand 0.90x
fix/OrderMalformed.log-bytes hand      757.4 ns before     1561.5 ns after      870.4 ns  before/hand 2.06x  after/hand 1.15x
fix/OrderMalformed.log-stream hand      754.0 ns before     2246.4 ns after     1190.8 ns  before/hand 2.98x  after/hand 1.58x

# Paired stand, 2026-09-19 23:03

IGOR-DESKTOP, pinned to 0-15, high priority, control 31.5 ns.

The base of a row is what every ratio is over, and its name says what it is: `hand` is a hand-written parser (`DotGram.Handwritten`), `scriptdom` is Microsoft's parser, and `control` is this process's own build of the same generated parser, held constant so that the two sides are compared and nothing is claimed against a hand-written one.

| row | reading | base | base ns | before ns | before/base | after ns | after/base | change | before B | after B |
| --- | --- | --- | ---: | ---: | ---: | ---: | ---: | ---: | ---: | ---: |
| fix/OrderMalformed.text | generated | hand | 642.8 | 637.8 | 0.99x | 640.3 | 1.00x | +0.4% | 1248 | 1248 |
| fix/OrderMalformed.bytes | generated | hand | 681.4 | 755.9 | 1.11x | 760.0 | 1.12x | +0.5% | 1304 | 1304 |
| fix/OrderMalformed.stream | generated | hand | 814.3 | 1105.0 | 1.36x | 1097.0 | 1.35x | -0.7% | 1864 | 1864 |
| fix/OrderMalformed.log-text | generated | hand | 764.9 | 1278.3 | 1.67x | 691.0 | 0.90x | -45.9% | 1256 | 1256 |
| fix/OrderMalformed.log-bytes | generated | hand | 757.4 | 1561.5 | 2.06x | 870.4 | 1.15x | -44.3% | 1312 | 1312 |
| fix/OrderMalformed.log-stream | generated | hand | 754.0 | 2246.4 | 2.98x | 1190.8 | 1.58x | -47.0% | 1872 | 1872 |

Written to T:\TEMP\dotgram-stand\w74\pair\run-1
=== run 2 of 5, 23:03:56
6 rows, every reading agreeing. Timing 8 rounds.
fix/OrderMalformed.text hand      666.3 ns before      609.7 ns after      622.0 ns  before/hand 0.92x  after/hand 0.93x
fix/OrderMalformed.bytes hand      697.4 ns before      778.1 ns after      760.9 ns  before/hand 1.12x  after/hand 1.09x
fix/OrderMalformed.stream hand      830.5 ns before     1094.2 ns after     1119.3 ns  before/hand 1.32x  after/hand 1.35x
  fix/OrderMalformed.log-text: 1 round(s) redone after a gen1/gen2 collection
fix/OrderMalformed.log-text hand      810.0 ns before     1271.3 ns after      673.7 ns  before/hand 1.57x  after/hand 0.83x
fix/OrderMalformed.log-bytes hand      795.5 ns before     1461.6 ns after      864.6 ns  before/hand 1.84x  after/hand 1.09x
fix/OrderMalformed.log-stream hand      798.8 ns before     2642.6 ns after     1237.0 ns  before/hand 3.31x  after/hand 1.55x

# Paired stand, 2026-09-19 23:04

IGOR-DESKTOP, pinned to 0-15, high priority, control 31.4 ns.

The base of a row is what every ratio is over, and its name says what it is: `hand` is a hand-written parser (`DotGram.Handwritten`), `scriptdom` is Microsoft's parser, and `control` is this process's own build of the same generated parser, held constant so that the two sides are compared and nothing is claimed against a hand-written one.

| row | reading | base | base ns | before ns | before/base | after ns | after/base | change | before B | after B |
| --- | --- | --- | ---: | ---: | ---: | ---: | ---: | ---: | ---: | ---: |
| fix/OrderMalformed.text | generated | hand | 666.3 | 609.7 | 0.92x | 622.0 | 0.93x | +2.0% | 1248 | 1248 |
| fix/OrderMalformed.bytes | generated | hand | 697.4 | 778.1 | 1.12x | 760.9 | 1.09x | -2.2% | 1304 | 1304 |
| fix/OrderMalformed.stream | generated | hand | 830.5 | 1094.2 | 1.32x | 1119.3 | 1.35x | +2.3% | 1864 | 1864 |
| fix/OrderMalformed.log-text | generated | hand | 810.0 | 1271.3 | 1.57x | 673.7 | 0.83x | -47.0% | 1256 | 1256 |
| fix/OrderMalformed.log-bytes | generated | hand | 795.5 | 1461.6 | 1.84x | 864.6 | 1.09x | -40.8% | 1312 | 1312 |
| fix/OrderMalformed.log-stream | generated | hand | 798.8 | 2642.6 | 3.31x | 1237.0 | 1.55x | -53.2% | 1872 | 1872 |

Written to T:\TEMP\dotgram-stand\w74\pair\run-2
=== run 3 of 5, 23:04:14
6 rows, every reading agreeing. Timing 8 rounds.
fix/OrderMalformed.text hand      657.0 ns before      618.4 ns after      597.9 ns  before/hand 0.94x  after/hand 0.91x
fix/OrderMalformed.bytes hand      671.5 ns before      736.5 ns after      746.6 ns  before/hand 1.10x  after/hand 1.11x
fix/OrderMalformed.stream hand      829.1 ns before     1102.2 ns after     1070.3 ns  before/hand 1.33x  after/hand 1.29x
fix/OrderMalformed.log-text hand      777.9 ns before     1252.4 ns after      657.8 ns  before/hand 1.61x  after/hand 0.85x
fix/OrderMalformed.log-bytes hand      768.1 ns before     1464.8 ns after      866.2 ns  before/hand 1.91x  after/hand 1.13x
fix/OrderMalformed.log-stream hand      768.0 ns before     2195.9 ns after     1202.3 ns  before/hand 2.86x  after/hand 1.57x

# Paired stand, 2026-09-19 23:04

IGOR-DESKTOP, pinned to 0-15, high priority, control 31.2 ns.

The base of a row is what every ratio is over, and its name says what it is: `hand` is a hand-written parser (`DotGram.Handwritten`), `scriptdom` is Microsoft's parser, and `control` is this process's own build of the same generated parser, held constant so that the two sides are compared and nothing is claimed against a hand-written one.

| row | reading | base | base ns | before ns | before/base | after ns | after/base | change | before B | after B |
| --- | --- | --- | ---: | ---: | ---: | ---: | ---: | ---: | ---: | ---: |
| fix/OrderMalformed.text | generated | hand | 657.0 | 618.4 | 0.94x | 597.9 | 0.91x | -3.3% | 1248 | 1248 |
| fix/OrderMalformed.bytes | generated | hand | 671.5 | 736.5 | 1.10x | 746.6 | 1.11x | +1.4% | 1304 | 1304 |
| fix/OrderMalformed.stream | generated | hand | 829.1 | 1102.2 | 1.33x | 1070.3 | 1.29x | -2.9% | 1864 | 1864 |
| fix/OrderMalformed.log-text | generated | hand | 777.9 | 1252.4 | 1.61x | 657.8 | 0.85x | -47.5% | 1256 | 1256 |
| fix/OrderMalformed.log-bytes | generated | hand | 768.1 | 1464.8 | 1.91x | 866.2 | 1.13x | -40.9% | 1312 | 1312 |
| fix/OrderMalformed.log-stream | generated | hand | 768.0 | 2195.9 | 2.86x | 1202.3 | 1.57x | -45.2% | 1872 | 1872 |

Written to T:\TEMP\dotgram-stand\w74\pair\run-3
=== run 4 of 5, 23:04:31
6 rows, every reading agreeing. Timing 8 rounds.
fix/OrderMalformed.text hand      655.4 ns before      611.3 ns after      629.5 ns  before/hand 0.93x  after/hand 0.96x
fix/OrderMalformed.bytes hand      676.6 ns before      750.1 ns after      749.1 ns  before/hand 1.11x  after/hand 1.11x
fix/OrderMalformed.stream hand      824.8 ns before     1112.3 ns after     1101.8 ns  before/hand 1.35x  after/hand 1.34x
fix/OrderMalformed.log-text hand      782.4 ns before     1238.1 ns after      679.9 ns  before/hand 1.58x  after/hand 0.87x
fix/OrderMalformed.log-bytes hand      782.0 ns before     1455.1 ns after      877.9 ns  before/hand 1.86x  after/hand 1.12x
fix/OrderMalformed.log-stream hand      762.0 ns before     2411.6 ns after     1208.5 ns  before/hand 3.16x  after/hand 1.59x

# Paired stand, 2026-09-19 23:04

IGOR-DESKTOP, pinned to 0-15, high priority, control 31.7 ns.

The base of a row is what every ratio is over, and its name says what it is: `hand` is a hand-written parser (`DotGram.Handwritten`), `scriptdom` is Microsoft's parser, and `control` is this process's own build of the same generated parser, held constant so that the two sides are compared and nothing is claimed against a hand-written one.

| row | reading | base | base ns | before ns | before/base | after ns | after/base | change | before B | after B |
| --- | --- | --- | ---: | ---: | ---: | ---: | ---: | ---: | ---: | ---: |
| fix/OrderMalformed.text | generated | hand | 655.4 | 611.3 | 0.93x | 629.5 | 0.96x | +3.0% | 1248 | 1248 |
| fix/OrderMalformed.bytes | generated | hand | 676.6 | 750.1 | 1.11x | 749.1 | 1.11x | -0.1% | 1304 | 1304 |
| fix/OrderMalformed.stream | generated | hand | 824.8 | 1112.3 | 1.35x | 1101.8 | 1.34x | -0.9% | 1864 | 1864 |
| fix/OrderMalformed.log-text | generated | hand | 782.4 | 1238.1 | 1.58x | 679.9 | 0.87x | -45.1% | 1256 | 1256 |
| fix/OrderMalformed.log-bytes | generated | hand | 782.0 | 1455.1 | 1.86x | 877.9 | 1.12x | -39.7% | 1312 | 1312 |
| fix/OrderMalformed.log-stream | generated | hand | 762.0 | 2411.6 | 3.16x | 1208.5 | 1.59x | -49.9% | 1872 | 1872 |

Written to T:\TEMP\dotgram-stand\w74\pair\run-4
=== run 5 of 5, 23:04:48
6 rows, every reading agreeing. Timing 8 rounds.
fix/OrderMalformed.text hand      637.2 ns before      631.9 ns after      629.3 ns  before/hand 0.99x  after/hand 0.99x
fix/OrderMalformed.bytes hand      677.8 ns before      759.6 ns after      750.4 ns  before/hand 1.12x  after/hand 1.11x
fix/OrderMalformed.stream hand      815.1 ns before     1119.5 ns after     1109.7 ns  before/hand 1.37x  after/hand 1.36x
fix/OrderMalformed.log-text hand      769.0 ns before     1264.7 ns after      700.9 ns  before/hand 1.64x  after/hand 0.91x
fix/OrderMalformed.log-bytes hand      760.3 ns before     1463.2 ns after      869.7 ns  before/hand 1.92x  after/hand 1.14x
fix/OrderMalformed.log-stream hand      753.4 ns before     2242.9 ns after     1234.7 ns  before/hand 2.98x  after/hand 1.64x

# Paired stand, 2026-09-19 23:05

IGOR-DESKTOP, pinned to 0-15, high priority, control 31.6 ns.

The base of a row is what every ratio is over, and its name says what it is: `hand` is a hand-written parser (`DotGram.Handwritten`), `scriptdom` is Microsoft's parser, and `control` is this process's own build of the same generated parser, held constant so that the two sides are compared and nothing is claimed against a hand-written one.

| row | reading | base | base ns | before ns | before/base | after ns | after/base | change | before B | after B |
| --- | --- | --- | ---: | ---: | ---: | ---: | ---: | ---: | ---: | ---: |
| fix/OrderMalformed.text | generated | hand | 637.2 | 631.9 | 0.99x | 629.3 | 0.99x | -0.4% | 1248 | 1248 |
| fix/OrderMalformed.bytes | generated | hand | 677.8 | 759.6 | 1.12x | 750.4 | 1.11x | -1.2% | 1304 | 1304 |
| fix/OrderMalformed.stream | generated | hand | 815.1 | 1119.5 | 1.37x | 1109.7 | 1.36x | -0.9% | 1864 | 1864 |
| fix/OrderMalformed.log-text | generated | hand | 769.0 | 1264.7 | 1.64x | 700.9 | 0.91x | -44.6% | 1256 | 1256 |
| fix/OrderMalformed.log-bytes | generated | hand | 760.3 | 1463.2 | 1.92x | 869.7 | 1.14x | -40.6% | 1312 | 1312 |
| fix/OrderMalformed.log-stream | generated | hand | 753.4 | 2242.9 | 2.98x | 1234.7 | 1.64x | -45.0% | 1872 | 1872 |

Written to T:\TEMP\dotgram-stand\w74\pair\run-5

Median of 5 of 5 runs, each in a process of its own; control 31.5 ns (the runs' controls: 31.5, 31.4, 31.2, 31.7, 31.6).
No run was dropped.
The spread column is the spread of the base reading between runs, not between rounds.

# Paired stand, 2026-09-19 23:05

IGOR-DESKTOP, pinned to 0-15, high priority, control 31.5 ns.

The base of a row is what every ratio is over, and its name says what it is: `hand` is a hand-written parser (`DotGram.Handwritten`), `scriptdom` is Microsoft's parser, and `control` is this process's own build of the same generated parser, held constant so that the two sides are compared and nothing is claimed against a hand-written one.

| row | reading | base | base ns | before ns | before/base | after ns | after/base | change | before B | after B |
| --- | --- | --- | ---: | ---: | ---: | ---: | ---: | ---: | ---: | ---: |
| fix/OrderMalformed.text | generated | hand | 655.4 | 618.4 | 0.94x | 629.3 | 0.96x | +1.8% | 1248 | 1248 |
| fix/OrderMalformed.bytes | generated | hand | 677.8 | 755.9 | 1.12x | 750.4 | 1.11x | -0.7% | 1304 | 1304 |
| fix/OrderMalformed.stream | generated | hand | 824.8 | 1105.0 | 1.34x | 1101.8 | 1.34x | -0.3% | 1864 | 1864 |
| fix/OrderMalformed.log-text | generated | hand | 777.9 | 1264.7 | 1.63x | 679.9 | 0.87x | -46.2% | 1256 | 1256 |
| fix/OrderMalformed.log-bytes | generated | hand | 768.1 | 1463.2 | 1.91x | 869.7 | 1.13x | -40.6% | 1312 | 1312 |
| fix/OrderMalformed.log-stream | generated | hand | 762.0 | 2246.4 | 2.95x | 1208.5 | 1.59x | -46.2% | 1872 | 1872 |

Written to T:\TEMP\dotgram-stand\w74\pair
