=== run 1 of 5, 23:05:05
6 rows, every reading agreeing. Timing 8 rounds.
fix/OrderMalformed.text hand      971.1 ns before     1023.9 ns after     1046.4 ns  before/hand 1.05x  after/hand 1.08x
fix/OrderMalformed.bytes hand     1032.0 ns before     1999.2 ns after     1964.0 ns  before/hand 1.94x  after/hand 1.90x
fix/OrderMalformed.stream hand     1168.8 ns before     2406.0 ns after     2390.0 ns  before/hand 2.06x  after/hand 2.04x
fix/OrderMalformed.log-text hand     1086.3 ns before     1879.3 ns after     1210.3 ns  before/hand 1.73x  after/hand 1.11x
fix/OrderMalformed.log-bytes hand     1076.7 ns before     3080.1 ns after     2540.5 ns  before/hand 2.86x  after/hand 2.36x
fix/OrderMalformed.log-stream hand     1075.5 ns before     3996.3 ns after     2900.8 ns  before/hand 3.72x  after/hand 2.70x

# Paired stand, 2026-09-19 23:05

IGOR-DESKTOP, pinned to 0-15, high priority, control 31.0 ns.

The base of a row is what every ratio is over, and its name says what it is: `hand` is a hand-written parser (`DotGram.Handwritten`), `scriptdom` is Microsoft's parser, and `control` is this process's own build of the same generated parser, held constant so that the two sides are compared and nothing is claimed against a hand-written one.

| row | reading | base | base ns | before ns | before/base | after ns | after/base | change | before B | after B |
| --- | --- | --- | ---: | ---: | ---: | ---: | ---: | ---: | ---: | ---: |
| fix/OrderMalformed.text | generated | hand | 971.1 | 1023.9 | 1.05x | 1046.4 | 1.08x | +2.2% | 1248 | 1248 |
| fix/OrderMalformed.bytes | generated | hand | 1032.0 | 1999.2 | 1.94x | 1964.0 | 1.90x | -1.8% | 1304 | 1304 |
| fix/OrderMalformed.stream | generated | hand | 1168.8 | 2406.0 | 2.06x | 2390.0 | 2.04x | -0.7% | 1864 | 1864 |
| fix/OrderMalformed.log-text | generated | hand | 1086.3 | 1879.3 | 1.73x | 1210.3 | 1.11x | -35.6% | 1256 | 1256 |
| fix/OrderMalformed.log-bytes | generated | hand | 1076.7 | 3080.1 | 2.86x | 2540.5 | 2.36x | -17.5% | 1312 | 1312 |
| fix/OrderMalformed.log-stream | generated | hand | 1075.5 | 3996.3 | 3.72x | 2900.8 | 2.70x | -27.4% | 1872 | 1872 |

Written to T:\TEMP\dotgram-stand\w74\pair-pgo0\run-1
=== run 2 of 5, 23:05:30
6 rows, every reading agreeing. Timing 8 rounds.
fix/OrderMalformed.text hand      975.1 ns before     1025.7 ns after     1035.5 ns  before/hand 1.05x  after/hand 1.06x
fix/OrderMalformed.bytes hand     1029.1 ns before     1994.0 ns after     1971.6 ns  before/hand 1.94x  after/hand 1.92x
fix/OrderMalformed.stream hand     1160.0 ns before     2375.4 ns after     2383.1 ns  before/hand 2.05x  after/hand 2.05x
fix/OrderMalformed.log-text hand     1069.0 ns before     1890.3 ns after     1207.3 ns  before/hand 1.77x  after/hand 1.13x
fix/OrderMalformed.log-bytes hand     1069.0 ns before     3082.5 ns after     2543.5 ns  before/hand 2.88x  after/hand 2.38x
  fix/OrderMalformed.log-stream: 1 round(s) redone after a gen1/gen2 collection
fix/OrderMalformed.log-stream hand     1082.0 ns before     3997.8 ns after     2941.3 ns  before/hand 3.69x  after/hand 2.72x

# Paired stand, 2026-09-19 23:05

IGOR-DESKTOP, pinned to 0-15, high priority, control 31.1 ns.

The base of a row is what every ratio is over, and its name says what it is: `hand` is a hand-written parser (`DotGram.Handwritten`), `scriptdom` is Microsoft's parser, and `control` is this process's own build of the same generated parser, held constant so that the two sides are compared and nothing is claimed against a hand-written one.

| row | reading | base | base ns | before ns | before/base | after ns | after/base | change | before B | after B |
| --- | --- | --- | ---: | ---: | ---: | ---: | ---: | ---: | ---: | ---: |
| fix/OrderMalformed.text | generated | hand | 975.1 | 1025.7 | 1.05x | 1035.5 | 1.06x | +1.0% | 1248 | 1248 |
| fix/OrderMalformed.bytes | generated | hand | 1029.1 | 1994.0 | 1.94x | 1971.6 | 1.92x | -1.1% | 1304 | 1304 |
| fix/OrderMalformed.stream | generated | hand | 1160.0 | 2375.4 | 2.05x | 2383.1 | 2.05x | +0.3% | 1864 | 1864 |
| fix/OrderMalformed.log-text | generated | hand | 1069.0 | 1890.3 | 1.77x | 1207.3 | 1.13x | -36.1% | 1256 | 1256 |
| fix/OrderMalformed.log-bytes | generated | hand | 1069.0 | 3082.5 | 2.88x | 2543.5 | 2.38x | -17.5% | 1312 | 1312 |
| fix/OrderMalformed.log-stream | generated | hand | 1082.0 | 3997.8 | 3.69x | 2941.3 | 2.72x | -26.4% | 1872 | 1872 |

Written to T:\TEMP\dotgram-stand\w74\pair-pgo0\run-2
=== run 3 of 5, 23:05:55
6 rows, every reading agreeing. Timing 8 rounds.
fix/OrderMalformed.text hand      966.2 ns before     1015.5 ns after     1018.6 ns  before/hand 1.05x  after/hand 1.05x
fix/OrderMalformed.bytes hand     1047.9 ns before     2025.6 ns after     1999.6 ns  before/hand 1.93x  after/hand 1.91x
  fix/OrderMalformed.stream: 2 round(s) redone after a gen1/gen2 collection
fix/OrderMalformed.stream hand     1159.6 ns before     2464.2 ns after     2429.5 ns  before/hand 2.12x  after/hand 2.10x
fix/OrderMalformed.log-text hand     1080.9 ns before     1841.2 ns after     1203.1 ns  before/hand 1.70x  after/hand 1.11x
fix/OrderMalformed.log-bytes hand     1081.4 ns before     3166.1 ns after     2569.1 ns  before/hand 2.93x  after/hand 2.38x
fix/OrderMalformed.log-stream hand     1088.4 ns before     4043.4 ns after     2935.1 ns  before/hand 3.72x  after/hand 2.70x

# Paired stand, 2026-09-19 23:06

IGOR-DESKTOP, pinned to 0-15, high priority, control 31.0 ns.

The base of a row is what every ratio is over, and its name says what it is: `hand` is a hand-written parser (`DotGram.Handwritten`), `scriptdom` is Microsoft's parser, and `control` is this process's own build of the same generated parser, held constant so that the two sides are compared and nothing is claimed against a hand-written one.

| row | reading | base | base ns | before ns | before/base | after ns | after/base | change | before B | after B |
| --- | --- | --- | ---: | ---: | ---: | ---: | ---: | ---: | ---: | ---: |
| fix/OrderMalformed.text | generated | hand | 966.2 | 1015.5 | 1.05x | 1018.6 | 1.05x | +0.3% | 1248 | 1248 |
| fix/OrderMalformed.bytes | generated | hand | 1047.9 | 2025.6 | 1.93x | 1999.6 | 1.91x | -1.3% | 1304 | 1304 |
| fix/OrderMalformed.stream | generated | hand | 1159.6 | 2464.2 | 2.12x | 2429.5 | 2.10x | -1.4% | 1864 | 1864 |
| fix/OrderMalformed.log-text | generated | hand | 1080.9 | 1841.2 | 1.70x | 1203.1 | 1.11x | -34.7% | 1256 | 1256 |
| fix/OrderMalformed.log-bytes | generated | hand | 1081.4 | 3166.1 | 2.93x | 2569.1 | 2.38x | -18.9% | 1312 | 1312 |
| fix/OrderMalformed.log-stream | generated | hand | 1088.4 | 4043.4 | 3.72x | 2935.1 | 2.70x | -27.4% | 1872 | 1872 |

Written to T:\TEMP\dotgram-stand\w74\pair-pgo0\run-3
=== run 4 of 5, 23:06:22
6 rows, every reading agreeing. Timing 8 rounds.
fix/OrderMalformed.text hand      972.8 ns before     1030.3 ns after     1033.9 ns  before/hand 1.06x  after/hand 1.06x
fix/OrderMalformed.bytes hand     1035.8 ns before     2008.2 ns after     1976.5 ns  before/hand 1.94x  after/hand 1.91x
fix/OrderMalformed.stream hand     1160.2 ns before     2394.1 ns after     2397.4 ns  before/hand 2.06x  after/hand 2.07x
fix/OrderMalformed.log-text hand     1060.7 ns before     1885.6 ns after     1191.8 ns  before/hand 1.78x  after/hand 1.12x
fix/OrderMalformed.log-bytes hand     1068.3 ns before     3078.6 ns after     2527.3 ns  before/hand 2.88x  after/hand 2.37x
fix/OrderMalformed.log-stream hand     1071.2 ns before     3993.4 ns after     2917.3 ns  before/hand 3.73x  after/hand 2.72x

# Paired stand, 2026-09-19 23:06

IGOR-DESKTOP, pinned to 0-15, high priority, control 31.0 ns.

The base of a row is what every ratio is over, and its name says what it is: `hand` is a hand-written parser (`DotGram.Handwritten`), `scriptdom` is Microsoft's parser, and `control` is this process's own build of the same generated parser, held constant so that the two sides are compared and nothing is claimed against a hand-written one.

| row | reading | base | base ns | before ns | before/base | after ns | after/base | change | before B | after B |
| --- | --- | --- | ---: | ---: | ---: | ---: | ---: | ---: | ---: | ---: |
| fix/OrderMalformed.text | generated | hand | 972.8 | 1030.3 | 1.06x | 1033.9 | 1.06x | +0.3% | 1248 | 1248 |
| fix/OrderMalformed.bytes | generated | hand | 1035.8 | 2008.2 | 1.94x | 1976.5 | 1.91x | -1.6% | 1304 | 1304 |
| fix/OrderMalformed.stream | generated | hand | 1160.2 | 2394.1 | 2.06x | 2397.4 | 2.07x | +0.1% | 1864 | 1864 |
| fix/OrderMalformed.log-text | generated | hand | 1060.7 | 1885.6 | 1.78x | 1191.8 | 1.12x | -36.8% | 1256 | 1256 |
| fix/OrderMalformed.log-bytes | generated | hand | 1068.3 | 3078.6 | 2.88x | 2527.3 | 2.37x | -17.9% | 1312 | 1312 |
| fix/OrderMalformed.log-stream | generated | hand | 1071.2 | 3993.4 | 3.73x | 2917.3 | 2.72x | -26.9% | 1872 | 1872 |

Written to T:\TEMP\dotgram-stand\w74\pair-pgo0\run-4
=== run 5 of 5, 23:06:47
6 rows, every reading agreeing. Timing 8 rounds.
fix/OrderMalformed.text hand      963.4 ns before     1019.1 ns after     1015.0 ns  before/hand 1.06x  after/hand 1.05x
fix/OrderMalformed.bytes hand     1043.0 ns before     1984.5 ns after     1962.1 ns  before/hand 1.90x  after/hand 1.88x
fix/OrderMalformed.stream hand     1153.9 ns before     2388.5 ns after     2381.8 ns  before/hand 2.07x  after/hand 2.06x
fix/OrderMalformed.log-text hand     1067.2 ns before     1857.7 ns after     1172.3 ns  before/hand 1.74x  after/hand 1.10x
fix/OrderMalformed.log-bytes hand     1081.4 ns before     3049.6 ns after     2505.5 ns  before/hand 2.82x  after/hand 2.32x
fix/OrderMalformed.log-stream hand     1071.1 ns before     4313.1 ns after     2918.3 ns  before/hand 4.03x  after/hand 2.72x

# Paired stand, 2026-09-19 23:07

IGOR-DESKTOP, pinned to 0-15, high priority, control 30.9 ns.

The base of a row is what every ratio is over, and its name says what it is: `hand` is a hand-written parser (`DotGram.Handwritten`), `scriptdom` is Microsoft's parser, and `control` is this process's own build of the same generated parser, held constant so that the two sides are compared and nothing is claimed against a hand-written one.

| row | reading | base | base ns | before ns | before/base | after ns | after/base | change | before B | after B |
| --- | --- | --- | ---: | ---: | ---: | ---: | ---: | ---: | ---: | ---: |
| fix/OrderMalformed.text | generated | hand | 963.4 | 1019.1 | 1.06x | 1015.0 | 1.05x | -0.4% | 1248 | 1248 |
| fix/OrderMalformed.bytes | generated | hand | 1043.0 | 1984.5 | 1.90x | 1962.1 | 1.88x | -1.1% | 1304 | 1304 |
| fix/OrderMalformed.stream | generated | hand | 1153.9 | 2388.5 | 2.07x | 2381.8 | 2.06x | -0.3% | 1864 | 1864 |
| fix/OrderMalformed.log-text | generated | hand | 1067.2 | 1857.7 | 1.74x | 1172.3 | 1.10x | -36.9% | 1256 | 1256 |
| fix/OrderMalformed.log-bytes | generated | hand | 1081.4 | 3049.6 | 2.82x | 2505.5 | 2.32x | -17.8% | 1312 | 1312 |
| fix/OrderMalformed.log-stream | generated | hand | 1071.1 | 4313.1 | 4.03x | 2918.3 | 2.72x | -32.3% | 1872 | 1872 |

Written to T:\TEMP\dotgram-stand\w74\pair-pgo0\run-5

Median of 5 of 5 runs, each in a process of its own; control 31.0 ns (the runs' controls: 31.0, 31.1, 31.0, 31.0, 30.9).
No run was dropped.
The spread column is the spread of the base reading between runs, not between rounds.

# Paired stand, 2026-09-19 23:07

IGOR-DESKTOP, pinned to 0-15, high priority, control 31.0 ns.

The base of a row is what every ratio is over, and its name says what it is: `hand` is a hand-written parser (`DotGram.Handwritten`), `scriptdom` is Microsoft's parser, and `control` is this process's own build of the same generated parser, held constant so that the two sides are compared and nothing is claimed against a hand-written one.

| row | reading | base | base ns | before ns | before/base | after ns | after/base | change | before B | after B |
| --- | --- | --- | ---: | ---: | ---: | ---: | ---: | ---: | ---: | ---: |
| fix/OrderMalformed.text | generated | hand | 971.1 | 1023.9 | 1.05x | 1033.9 | 1.06x | +1.0% | 1248 | 1248 |
| fix/OrderMalformed.bytes | generated | hand | 1035.8 | 1999.2 | 1.93x | 1971.6 | 1.90x | -1.4% | 1304 | 1304 |
| fix/OrderMalformed.stream | generated | hand | 1160.0 | 2394.1 | 2.06x | 2390.0 | 2.06x | -0.2% | 1864 | 1864 |
| fix/OrderMalformed.log-text | generated | hand | 1069.0 | 1879.3 | 1.76x | 1203.1 | 1.13x | -36.0% | 1256 | 1256 |
| fix/OrderMalformed.log-bytes | generated | hand | 1076.7 | 3080.1 | 2.86x | 2540.5 | 2.36x | -17.5% | 1312 | 1312 |
| fix/OrderMalformed.log-stream | generated | hand | 1075.5 | 3997.8 | 3.72x | 2918.3 | 2.71x | -27.0% | 1872 | 1872 |

Written to T:\TEMP\dotgram-stand\w74\pair-pgo0
